
> build
> next build

Γû▓ Next.js 16.1.6 (Turbopack)
- Environments: .env.local

  Creating an optimized production build ...
node.exe : 
At line:1 char:1
+ & "C:\Program 
Files\nodejs/node.exe" 
"C:\Program 
Files\nodejs/node_mo ...
+ ~~~~~~~~~~~~~~~~~~~~~~
~~~~~~~~~~~~~~~~~~~~~~~~
~~~~~~~~~~~~~~~~~~~~~~~
    + CategoryInfo      
        : NotSpecified  
  : (:String) [], Rem   
 oteException
    + FullyQualifiedErr 
   orId : NativeComman  
  dError
 
> Build error occurred
Error: Turbopack build 
failed with 47 errors:
./node_modules/@tiptap/c
ore/jsx-runtime/index.js
:1:1
Module not found: Can't 
resolve '../dist/jsx-run
time/jsx-runtime.js'
[0m[31m[1m>[22m[39m
[90m 1 |[39m 
[36mexport[39m 
[33m*[39m 
[36mfrom[39m [32m'../
dist/jsx-runtime/jsx-run
time.js'[39m
 [90m   |[39m [31m[1
m^[22m[39m[31m[1m^[
22m[39m[31m[1m^[22m
[39m[31m[1m^[22m[39m
[31m[1m^[22m[39m[31
m[1m^[22m[39m[31m[1
m^[22m[39m[31m[1m^[
22m[39m[31m[1m^[22m
[39m[31m[1m^[22m[39m
[31m[1m^[22m[39m[31
m[1m^[22m[39m[31m[1
m^[22m[39m[31m[1m^[
22m[39m[31m[1m^[22m
[39m[31m[1m^[22m[39m
[31m[1m^[22m[39m[31
m[1m^[22m[39m[31m[1
m^[22m[39m[31m[1m^[
22m[39m[31m[1m^[22m
[39m[31m[1m^[22m[39m
[31m[1m^[22m[39m[31
m[1m^[22m[39m[31m[1
m^[22m[39m[31m[1m^[
22m[39m[31m[1m^[22m
[39m[31m[1m^[22m[39m
[31m[1m^[22m[39m[31
m[1m^[22m[39m[31m[1
m^[22m[39m[31m[1m^[
22m[39m[31m[1m^[22m
[39m[31m[1m^[22m[39m
[31m[1m^[22m[39m[31
m[1m^[22m[39m[31m[1
m^[22m[39m[31m[1m^[
22m[39m[31m[1m^[22m
[39m[31m[1m^[22m[39m
[31m[1m^[22m[39m[31
m[1m^[22m[39m[31m[1
m^[22m[39m[31m[1m^[
22m[39m[31m[1m^[22m
[39m[31m[1m^[22m[39m
[31m[1m^[22m[39m[31
m[1m^[22m[39m[31m[1
m^[22m[39m[31m[1m^[
22m[39m
 [90m 2 |[39m[0m



Import traces:
  Client Component 
Browser:
    ./node_modules/@tipt
ap/core/jsx-runtime/inde
x.js [Client Component 
Browser]
    ./node_modules/@tipt
ap/extension-bold/dist/i
ndex.js [Client 
Component Browser]
    ./node_modules/@tipt
ap/starter-kit/dist/inde
x.js [Client Component 
Browser]
    ./src/components/Edi
tor.tsx [Client 
Component Browser]
    ./src/app/dashboard/
page.tsx [Client 
Component Browser]
    ./src/app/dashboard/
page.tsx [Server 
Component]

  Client Component SSR:
    ./node_modules/@tipt
ap/core/jsx-runtime/inde
x.js [Client Component 
SSR]
    ./node_modules/@tipt
ap/extension-bold/dist/i
ndex.js [Client 
Component SSR]
    ./node_modules/@tipt
ap/starter-kit/dist/inde
x.js [Client Component 
SSR]
    ./src/components/Edi
tor.tsx [Client 
Component SSR]
    ./src/app/dashboard/
page.tsx [Client 
Component SSR]
    ./src/app/dashboard/
page.tsx [Server 
Component]

https://nextjs.org/docs/
messages/module-not-foun
d


./node_modules/@tiptap/e
xtension-blockquote/dist
/index.js:2:1
Module not found: Can't 
resolve '@tiptap/core'
[0m [90m 1 |[39m 
[90m// 
src/blockquote.tsx[39m
[31m[1m>[22m[39m[90
m 2 |[39m 
[36mimport[39m { merge
Attributes[33m,[39m [
33mNode[39m[33m,[39m 
wrappingInputRule } 
[36mfrom[39m [32m"@ti
ptap/core"[39m[33m;[3
9m
 [90m   |[39m [31m[1
m^[22m[39m[31m[1m^[
22m[39m[31m[1m^[22m
[39m[31m[1m^[22m[39m
[31m[1m^[22m[39m[31
m[1m^[22m[39m[31m[1
m^[22m[39m[31m[1m^[
22m[39m[31m[1m^[22m
[39m[31m[1m^[22m[39m
[31m[1m^[22m[39m[31
m[1m^[22m[39m[31m[1
m^[22m[39m[31m[1m^[
22m[39m[31m[1m^[22m
[39m[31m[1m^[22m[39m
[31m[1m^[22m[39m[31
m[1m^[22m[39m[31m[1
m^[22m[39m[31m[1m^[
22m[39m[31m[1m^[22m
[39m[31m[1m^[22m[39m
[31m[1m^[22m[39m[31
m[1m^[22m[39m[31m[1
m^[22m[39m[31m[1m^[
22m[39m[31m[1m^[22m
[39m[31m[1m^[22m[39m
[31m[1m^[22m[39m[31
m[1m^[22m[39m[31m[1
m^[22m[39m[31m[1m^[
22m[39m[31m[1m^[22m
[39m[31m[1m^[22m[39m
[31m[1m^[22m[39m[31
m[1m^[22m[39m[31m[1
m^[22m[39m[31m[1m^[
22m[39m[31m[1m^[22m
[39m[31m[1m^[22m[39m
[31m[1m^[22m[39m[31
m[1m^[22m[39m[31m[1
m^[22m[39m[31m[1m^[
22m[39m[31m[1m^[22m
[39m[31m[1m^[22m[39m
[31m[1m^[22m[39m[31
m[1m^[22m[39m[31m[1
m^[22m[39m[31m[1m^[
22m[39m[31m[1m^[22m
[39m[31m[1m^[22m[39m
[31m[1m^[22m[39m[31
m[1m^[22m[39m[31m[1
m^[22m[39m[31m[1m^[
22m[39m[31m[1m^[22m
[39m[31m[1m^[22m[39m
[31m[1m^[22m[39m[31
m[1m^[22m[39m[31m[1
m^[22m[39m[31m[1m^[
22m[39m[31m[1m^[22m
[39m[31m[1m^[22m[39m
[31m[1m^[22m[39m[31
m[1m^[22m[39m[31m[1
m^[22m[39m[31m[1m^[
22m[39m[31m[1m^[22m
[39m[31m[1m^[22m[39m
[31m[1m^[22m[39m[31
m[1m^[22m[39m
 [90m 3 |[39m 
[36mimport[39m { jsx 
} [36mfrom[39m [32m"@
tiptap/core/jsx-runtime"
[39m[33m;[39m
 [90m 4 |[39m 
[36mvar[39m 
inputRegex [33m=[39m 
[35m/^\s*>\s$/[39m[33m
;[39m
 [90m 5 |[39m 
[36mvar[39m 
[33mBlockquote[39m 
[33m=[39m [33mNode[3
9m[33m.[39mcreate({[0
m



Import traces:
  Client Component 
Browser:
    ./node_modules/@tipt
ap/extension-blockquote/
dist/index.js [Client 
Component Browser]
    ./node_modules/@tipt
ap/starter-kit/dist/inde
x.js [Client Component 
Browser]
    ./src/components/Edi
tor.tsx [Client 
Component Browser]
    ./src/app/dashboard/
page.tsx [Client 
Component Browser]
    ./src/app/dashboard/
page.tsx [Server 
Component]

  Client Component SSR:
    ./node_modules/@tipt
ap/extension-blockquote/
dist/index.js [Client 
Component SSR]
    ./node_modules/@tipt
ap/starter-kit/dist/inde
x.js [Client Component 
SSR]
    ./src/components/Edi
tor.tsx [Client 
Component SSR]
    ./src/app/dashboard/
page.tsx [Client 
Component SSR]
    ./src/app/dashboard/
page.tsx [Server 
Component]

https://nextjs.org/docs/
messages/module-not-foun
d


./node_modules/@tiptap/e
xtension-bold/dist/index
.js:2:1
Module not found: Can't 
resolve '@tiptap/core'
[0m [90m 1 |[39m 
[90m// 
src/bold.tsx[39m
[31m[1m>[22m[39m[90
m 2 |[39m 
[36mimport[39m { [33m
Mark[39m[33m,[39m mar
kInputRule[33m,[39m ma
rkPasteRule[33m,[39m 
mergeAttributes } 
[36mfrom[39m [32m"@ti
ptap/core"[39m[33m;[3
9m
 [90m   |[39m [31m[1
m^[22m[39m[31m[1m^[
22m[39m[31m[1m^[22m
[39m[31m[1m^[22m[39m
[31m[1m^[22m[39m[31
m[1m^[22m[39m[31m[1
m^[22m[39m[31m[1m^[
22m[39m[31m[1m^[22m
[39m[31m[1m^[22m[39m
[31m[1m^[22m[39m[31
m[1m^[22m[39m[31m[1
m^[22m[39m[31m[1m^[
22m[39m[31m[1m^[22m
[39m[31m[1m^[22m[39m
[31m[1m^[22m[39m[31
m[1m^[22m[39m[31m[1
m^[22m[39m[31m[1m^[
22m[39m[31m[1m^[22m
[39m[31m[1m^[22m[39m
[31m[1m^[22m[39m[31
m[1m^[22m[39m[31m[1
m^[22m[39m[31m[1m^[
22m[39m[31m[1m^[22m
[39m[31m[1m^[22m[39m
[31m[1m^[22m[39m[31
m[1m^[22m[39m[31m[1
m^[22m[39m[31m[1m^[
22m[39m[31m[1m^[22m
[39m[31m[1m^[22m[39m
[31m[1m^[22m[39m[31
m[1m^[22m[39m[31m[1
m^[22m[39m[31m[1m^[
22m[39m[31m[1m^[22m
[39m[31m[1m^[22m[39m
[31m[1m^[22m[39m[31
m[1m^[22m[39m[31m[1
m^[22m[39m[31m[1m^[
22m[39m[31m[1m^[22m
[39m[31m[1m^[22m[39m
[31m[1m^[22m[39m[31
m[1m^[22m[39m[31m[1
m^[22m[39m[31m[1m^[
22m[39m[31m[1m^[22m
[39m[31m[1m^[22m[39m
[31m[1m^[22m[39m[31
m[1m^[22m[39m[31m[1
m^[22m[39m[31m[1m^[
22m[39m[31m[1m^[22m
[39m[31m[1m^[22m[39m
[31m[1m^[22m[39m[31
m[1m^[22m[39m[31m[1
m^[22m[39m[31m[1m^[
22m[39m[31m[1m^[22m
[39m[31m[1m^[22m[39m
[31m[1m^[22m[39m[31
m[1m^[22m[39m[31m[1
m^[22m[39m[31m[1m^[
22m[39m[31m[1m^[22m
[39m[31m[1m^[22m[39m
[31m[1m^[22m[39m[31
m[1m^[22m[39m[31m[1
m^[22m[39m[31m[1m^[
22m[39m[31m[1m^[22m
[39m[31m[1m^[22m[39m
[31m[1m^[22m[39m[31
m[1m^[22m[39m[31m[1
m^[22m[39m[31m[1m^[
22m[39m[31m[1m^[22m
[39m[31m[1m^[22m[39m
[31m[1m^[22m[39m
 [90m 3 |[39m 
[36mimport[39m { jsx 
} [36mfrom[39m [32m"@
tiptap/core/jsx-runtime"
[39m[33m;[39m
 [90m 4 |[39m 
[36mvar[39m 
starInputRegex 
[33m=[39m [35m/(?:^|\
s)(\*\*(?!\s+\*\*)((?:[^
*]+))\*\*(?!\s+\*\*))$/
[39m[33m;[39m
 [90m 5 |[39m 
[36mvar[39m 
starPasteRegex 
[33m=[39m [35m/(?:^|\
s)(\*\*(?!\s+\*\*)((?:[^
*]+))\*\*(?!\s+\*\*))/g
[39m[33m;[39m[0m



Import traces:
  Client Component 
Browser:
    ./node_modules/@tipt
ap/extension-bold/dist/i
ndex.js [Client 
Component Browser]
    ./node_modules/@tipt
ap/starter-kit/dist/inde
x.js [Client Component 
Browser]
    ./src/components/Edi
tor.tsx [Client 
Component Browser]
    ./src/app/dashboard/
page.tsx [Client 
Component Browser]
    ./src/app/dashboard/
page.tsx [Server 
Component]

  Client Component SSR:
    ./node_modules/@tipt
ap/extension-bold/dist/i
ndex.js [Client 
Component SSR]
    ./node_modules/@tipt
ap/starter-kit/dist/inde
x.js [Client Component 
SSR]
    ./src/components/Edi
tor.tsx [Client 
Component SSR]
    ./src/app/dashboard/
page.tsx [Client 
Component SSR]
    ./src/app/dashboard/
page.tsx [Server 
Component]

https://nextjs.org/docs/
messages/module-not-foun
d


./node_modules/@tiptap/e
xtension-code-block/dist
/index.js:2:1
Module not found: Can't 
resolve '@tiptap/core'
[0m [90m 1 |[39m 
[90m// 
src/code-block.ts[39m
[31m[1m>[22m[39m[90
m 2 |[39m 
[36mimport[39m { merge
Attributes[33m,[39m [
33mNode[39m[33m,[39m 
textblockTypeInputRule 
} [36mfrom[39m [32m"@
tiptap/core"[39m[33m;
[39m
 [90m   |[39m [31m[1
m^[22m[39m[31m[1m^[
22m[39m[31m[1m^[22m
[39m[31m[1m^[22m[39m
[31m[1m^[22m[39m[31
m[1m^[22m[39m[31m[1
m^[22m[39m[31m[1m^[
22m[39m[31m[1m^[22m
[39m[31m[1m^[22m[39m
[31m[1m^[22m[39m[31
m[1m^[22m[39m[31m[1
m^[22m[39m[31m[1m^[
22m[39m[31m[1m^[22m
[39m[31m[1m^[22m[39m
[31m[1m^[22m[39m[31
m[1m^[22m[39m[31m[1
m^[22m[39m[31m[1m^[
22m[39m[31m[1m^[22m
[39m[31m[1m^[22m[39m
[31m[1m^[22m[39m[31
m[1m^[22m[39m[31m[1
m^[22m[39m[31m[1m^[
22m[39m[31m[1m^[22m
[39m[31m[1m^[22m[39m
[31m[1m^[22m[39m[31
m[1m^[22m[39m[31m[1
m^[22m[39m[31m[1m^[
22m[39m[31m[1m^[22m
[39m[31m[1m^[22m[39m
[31m[1m^[22m[39m[31
m[1m^[22m[39m[31m[1
m^[22m[39m[31m[1m^[
22m[39m[31m[1m^[22m
[39m[31m[1m^[22m[39m
[31m[1m^[22m[39m[31
m[1m^[22m[39m[31m[1
m^[22m[39m[31m[1m^[
22m[39m[31m[1m^[22m
[39m[31m[1m^[22m[39m
[31m[1m^[22m[39m[31
m[1m^[22m[39m[31m[1
m^[22m[39m[31m[1m^[
22m[39m[31m[1m^[22m
[39m[31m[1m^[22m[39m
[31m[1m^[22m[39m[31
m[1m^[22m[39m[31m[1
m^[22m[39m[31m[1m^[
22m[39m[31m[1m^[22m
[39m[31m[1m^[22m[39m
[31m[1m^[22m[39m[31
m[1m^[22m[39m[31m[1
m^[22m[39m[31m[1m^[
22m[39m[31m[1m^[22m
[39m[31m[1m^[22m[39m
[31m[1m^[22m[39m[31
m[1m^[22m[39m[31m[1
m^[22m[39m[31m[1m^[
22m[39m[31m[1m^[22m
[39m[31m[1m^[22m[39m
[31m[1m^[22m[39m[31
m[1m^[22m[39m[31m[1
m^[22m[39m[31m[1m^[
22m[39m[31m[1m^[22m
[39m[31m[1m^[22m[39m
[31m[1m^[22m[39m
 [90m 3 |[39m 
[36mimport[39m { [33m
Plugin[39m[33m,[39m 
[33mPluginKey[39m[33m,
[39m [33mSelection[39
m[33m,[39m 
[33mTextSelection[39m 
} [36mfrom[39m [32m"@
tiptap/pm/state"[39m[3
3m;[39m
 [90m 4 |[39m 
[36mvar[39m [33mDEFAU
LT_TAB_SIZE[39m 
[33m=[39m 
[35m4[39m[33m;[39m
 [90m 5 |[39m 
[36mvar[39m 
backtickInputRegex 
[33m=[39m [35m/^```([
a-z]+)?[\s\n]$/[39m[33
m;[39m[0m



Import traces:
  Client Component 
Browser:
    ./node_modules/@tipt
ap/extension-code-block/
dist/index.js [Client 
Component Browser]
    ./node_modules/@tipt
ap/starter-kit/dist/inde
x.js [Client Component 
Browser]
    ./src/components/Edi
tor.tsx [Client 
Component Browser]
    ./src/app/dashboard/
page.tsx [Client 
Component Browser]
    ./src/app/dashboard/
page.tsx [Server 
Component]

  Client Component SSR:
    ./node_modules/@tipt
ap/extension-code-block/
dist/index.js [Client 
Component SSR]
    ./node_modules/@tipt
ap/starter-kit/dist/inde
x.js [Client Component 
SSR]
    ./src/components/Edi
tor.tsx [Client 
Component SSR]
    ./src/app/dashboard/
page.tsx [Client 
Component SSR]
    ./src/app/dashboard/
page.tsx [Server 
Component]

https://nextjs.org/docs/
messages/module-not-foun
d


./node_modules/@tiptap/e
xtension-code/dist/index
.js:2:1
Module not found: Can't 
resolve '@tiptap/core'
[0m [90m 1 |[39m 
[90m// src/code.ts[39m
[31m[1m>[22m[39m[90
m 2 |[39m 
[36mimport[39m { [33m
Mark[39m[33m,[39m mar
kInputRule[33m,[39m ma
rkPasteRule[33m,[39m 
mergeAttributes } 
[36mfrom[39m [32m"@ti
ptap/core"[39m[33m;[3
9m
 [90m   |[39m [31m[1
m^[22m[39m[31m[1m^[
22m[39m[31m[1m^[22m
[39m[31m[1m^[22m[39m
[31m[1m^[22m[39m[31
m[1m^[22m[39m[31m[1
m^[22m[39m[31m[1m^[
22m[39m[31m[1m^[22m
[39m[31m[1m^[22m[39m
[31m[1m^[22m[39m[31
m[1m^[22m[39m[31m[1
m^[22m[39m[31m[1m^[
22m[39m[31m[1m^[22m
[39m[31m[1m^[22m[39m
[31m[1m^[22m[39m[31
m[1m^[22m[39m[31m[1
m^[22m[39m[31m[1m^[
22m[39m[31m[1m^[22m
[39m[31m[1m^[22m[39m
[31m[1m^[22m[39m[31
m[1m^[22m[39m[31m[1
m^[22m[39m[31m[1m^[
22m[39m[31m[1m^[22m
[39m[31m[1m^[22m[39m
[31m[1m^[22m[39m[31
m[1m^[22m[39m[31m[1
m^[22m[39m[31m[1m^[
22m[39m[31m[1m^[22m
[39m[31m[1m^[22m[39m
[31m[1m^[22m[39m[31
m[1m^[22m[39m[31m[1
m^[22m[39m[31m[1m^[
22m[39m[31m[1m^[22m
[39m[31m[1m^[22m[39m
[31m[1m^[22m[39m[31
m[1m^[22m[39m[31m[1
m^[22m[39m[31m[1m^[
22m[39m[31m[1m^[22m
[39m[31m[1m^[22m[39m
[31m[1m^[22m[39m[31
m[1m^[22m[39m[31m[1
m^[22m[39m[31m[1m^[
22m[39m[31m[1m^[22m
[39m[31m[1m^[22m[39m
[31m[1m^[22m[39m[31
m[1m^[22m[39m[31m[1
m^[22m[39m[31m[1m^[
22m[39m[31m[1m^[22m
[39m[31m[1m^[22m[39m
[31m[1m^[22m[39m[31
m[1m^[22m[39m[31m[1
m^[22m[39m[31m[1m^[
22m[39m[31m[1m^[22m
[39m[31m[1m^[22m[39m
[31m[1m^[22m[39m[31
m[1m^[22m[39m[31m[1
m^[22m[39m[31m[1m^[
22m[39m[31m[1m^[22m
[39m[31m[1m^[22m[39m
[31m[1m^[22m[39m[31
m[1m^[22m[39m[31m[1
m^[22m[39m[31m[1m^[
22m[39m[31m[1m^[22m
[39m[31m[1m^[22m[39m
[31m[1m^[22m[39m[31
m[1m^[22m[39m[31m[1
m^[22m[39m[31m[1m^[
22m[39m[31m[1m^[22m
[39m[31m[1m^[22m[39m
[31m[1m^[22m[39m
 [90m 3 |[39m 
[36mvar[39m 
inputRegex [33m=[39m 
[35m/(^|[^`])`([^`]+)`(?
!`)$/[39m[33m;[39m
 [90m 4 |[39m 
[36mvar[39m 
pasteRegex [33m=[39m 
[35m/(^|[^`])`([^`]+)`(?
!`)/g[39m[33m;[39m
 [90m 5 |[39m 
[36mvar[39m 
[33mCode[39m 
[33m=[39m [33mMark[3
9m[33m.[39mcreate({[0
m



Import traces:
  Client Component 
Browser:
    ./node_modules/@tipt
ap/extension-code/dist/i
ndex.js [Client 
Component Browser]
    ./node_modules/@tipt
ap/starter-kit/dist/inde
x.js [Client Component 
Browser]
    ./src/components/Edi
tor.tsx [Client 
Component Browser]
    ./src/app/dashboard/
page.tsx [Client 
Component Browser]
    ./src/app/dashboard/
page.tsx [Server 
Component]

  Client Component SSR:
    ./node_modules/@tipt
ap/extension-code/dist/i
ndex.js [Client 
Component SSR]
    ./node_modules/@tipt
ap/starter-kit/dist/inde
x.js [Client Component 
SSR]
    ./src/components/Edi
tor.tsx [Client 
Component SSR]
    ./src/app/dashboard/
page.tsx [Client 
Component SSR]
    ./src/app/dashboard/
page.tsx [Server 
Component]

https://nextjs.org/docs/
messages/module-not-foun
d


./node_modules/@tiptap/e
xtension-document/dist/i
ndex.js:2:1
Module not found: Can't 
resolve '@tiptap/core'
[0m [90m 1 |[39m 
[90m// 
src/document.ts[39m
[31m[1m>[22m[39m[90
m 2 |[39m 
[36mimport[39m { 
[33mNode[39m } 
[36mfrom[39m [32m"@ti
ptap/core"[39m[33m;[3
9m
 [90m   |[39m [31m[1
m^[22m[39m[31m[1m^[
22m[39m[31m[1m^[22m
[39m[31m[1m^[22m[39m
[31m[1m^[22m[39m[31
m[1m^[22m[39m[31m[1
m^[22m[39m[31m[1m^[
22m[39m[31m[1m^[22m
[39m[31m[1m^[22m[39m
[31m[1m^[22m[39m[31
m[1m^[22m[39m[31m[1
m^[22m[39m[31m[1m^[
22m[39m[31m[1m^[22m
[39m[31m[1m^[22m[39m
[31m[1m^[22m[39m[31
m[1m^[22m[39m[31m[1
m^[22m[39m[31m[1m^[
22m[39m[31m[1m^[22m
[39m[31m[1m^[22m[39m
[31m[1m^[22m[39m[31
m[1m^[22m[39m[31m[1
m^[22m[39m[31m[1m^[
22m[39m[31m[1m^[22m
[39m[31m[1m^[22m[39m
[31m[1m^[22m[39m[31
m[1m^[22m[39m[31m[1
m^[22m[39m[31m[1m^[
22m[39m[31m[1m^[22m
[39m[31m[1m^[22m[39m
[31m[1m^[22m[39m[31
m[1m^[22m[39m
 [90m 3 |[39m 
[36mvar[39m 
[33mDocument[39m 
[33m=[39m [33mNode[3
9m[33m.[39mcreate({
 [90m 4 |[39m   
name[33m:[39m [32m"do
c"[39m[33m,[39m
 [90m 5 |[39m   
topNode[33m:[39m [36m
true[39m[33m,[39m[0m



Import traces:
  Client Component 
Browser:
    ./node_modules/@tipt
ap/extension-document/di
st/index.js [Client 
Component Browser]
    ./node_modules/@tipt
ap/starter-kit/dist/inde
x.js [Client Component 
Browser]
    ./src/components/Edi
tor.tsx [Client 
Component Browser]
    ./src/app/dashboard/
page.tsx [Client 
Component Browser]
    ./src/app/dashboard/
page.tsx [Server 
Component]

  Client Component SSR:
    ./node_modules/@tipt
ap/extension-document/di
st/index.js [Client 
Component SSR]
    ./node_modules/@tipt
ap/starter-kit/dist/inde
x.js [Client Component 
SSR]
    ./src/components/Edi
tor.tsx [Client 
Component SSR]
    ./src/app/dashboard/
page.tsx [Client 
Component SSR]
    ./src/app/dashboard/
page.tsx [Server 
Component]

https://nextjs.org/docs/
messages/module-not-foun
d


./node_modules/@tiptap/e
xtension-hard-break/dist
/index.js:2:1
Module not found: Can't 
resolve '@tiptap/core'
[0m [90m 1 |[39m 
[90m// 
src/hard-break.ts[39m
[31m[1m>[22m[39m[90
m 2 |[39m 
[36mimport[39m { merge
Attributes[33m,[39m 
[33mNode[39m } 
[36mfrom[39m [32m"@ti
ptap/core"[39m[33m;[3
9m
 [90m   |[39m [31m[1
m^[22m[39m[31m[1m^[
22m[39m[31m[1m^[22m
[39m[31m[1m^[22m[39m
[31m[1m^[22m[39m[31
m[1m^[22m[39m[31m[1
m^[22m[39m[31m[1m^[
22m[39m[31m[1m^[22m
[39m[31m[1m^[22m[39m
[31m[1m^[22m[39m[31
m[1m^[22m[39m[31m[1
m^[22m[39m[31m[1m^[
22m[39m[31m[1m^[22m
[39m[31m[1m^[22m[39m
[31m[1m^[22m[39m[31
m[1m^[22m[39m[31m[1
m^[22m[39m[31m[1m^[
22m[39m[31m[1m^[22m
[39m[31m[1m^[22m[39m
[31m[1m^[22m[39m[31
m[1m^[22m[39m[31m[1
m^[22m[39m[31m[1m^[
22m[39m[31m[1m^[22m
[39m[31m[1m^[22m[39m
[31m[1m^[22m[39m[31
m[1m^[22m[39m[31m[1
m^[22m[39m[31m[1m^[
22m[39m[31m[1m^[22m
[39m[31m[1m^[22m[39m
[31m[1m^[22m[39m[31
m[1m^[22m[39m[31m[1
m^[22m[39m[31m[1m^[
22m[39m[31m[1m^[22m
[39m[31m[1m^[22m[39m
[31m[1m^[22m[39m[31
m[1m^[22m[39m[31m[1
m^[22m[39m[31m[1m^[
22m[39m[31m[1m^[22m
[39m[31m[1m^[22m[39m
[31m[1m^[22m[39m[31
m[1m^[22m[39m[31m[1
m^[22m[39m[31m[1m^[
22m[39m[31m[1m^[22m
[39m[31m[1m^[22m[39m
[31m[1m^[22m[39m
 [90m 3 |[39m 
[36mvar[39m 
[33mHardBreak[39m 
[33m=[39m [33mNode[3
9m[33m.[39mcreate({
 [90m 4 |[39m   
name[33m:[39m [32m"ha
rdBreak"[39m[33m,[39m
 [90m 5 |[39m   markdo
wnTokenName[33m:[39m 
[32m"br"[39m[33m,[39m
[0m



Import traces:
  Client Component 
Browser:
    ./node_modules/@tipt
ap/extension-hard-break/
dist/index.js [Client 
Component Browser]
    ./node_modules/@tipt
ap/starter-kit/dist/inde
x.js [Client Component 
Browser]
    ./src/components/Edi
tor.tsx [Client 
Component Browser]
    ./src/app/dashboard/
page.tsx [Client 
Component Browser]
    ./src/app/dashboard/
page.tsx [Server 
Component]

  Client Component SSR:
    ./node_modules/@tipt
ap/extension-hard-break/
dist/index.js [Client 
Component SSR]
    ./node_modules/@tipt
ap/starter-kit/dist/inde
x.js [Client Component 
SSR]
    ./src/components/Edi
tor.tsx [Client 
Component SSR]
    ./src/app/dashboard/
page.tsx [Client 
Component SSR]
    ./src/app/dashboard/
page.tsx [Server 
Component]

https://nextjs.org/docs/
messages/module-not-foun
d


./node_modules/@tiptap/e
xtension-heading/dist/in
dex.js:2:1
Module not found: Can't 
resolve '@tiptap/core'
[0m [90m 1 |[39m 
[90m// 
src/heading.ts[39m
[31m[1m>[22m[39m[90
m 2 |[39m 
[36mimport[39m { merge
Attributes[33m,[39m [
33mNode[39m[33m,[39m 
textblockTypeInputRule 
} [36mfrom[39m [32m"@
tiptap/core"[39m[33m;
[39m
 [90m   |[39m [31m[1
m^[22m[39m[31m[1m^[
22m[39m[31m[1m^[22m
[39m[31m[1m^[22m[39m
[31m[1m^[22m[39m[31
m[1m^[22m[39m[31m[1
m^[22m[39m[31m[1m^[
22m[39m[31m[1m^[22m
[39m[31m[1m^[22m[39m
[31m[1m^[22m[39m[31
m[1m^[22m[39m[31m[1
m^[22m[39m[31m[1m^[
22m[39m[31m[1m^[22m
[39m[31m[1m^[22m[39m
[31m[1m^[22m[39m[31
m[1m^[22m[39m[31m[1
m^[22m[39m[31m[1m^[
22m[39m[31m[1m^[22m
[39m[31m[1m^[22m[39m
[31m[1m^[22m[39m[31
m[1m^[22m[39m[31m[1
m^[22m[39m[31m[1m^[
22m[39m[31m[1m^[22m
[39m[31m[1m^[22m[39m
[31m[1m^[22m[39m[31
m[1m^[22m[39m[31m[1
m^[22m[39m[31m[1m^[
22m[39m[31m[1m^[22m
[39m[31m[1m^[22m[39m
[31m[1m^[22m[39m[31
m[1m^[22m[39m[31m[1
m^[22m[39m[31m[1m^[
22m[39m[31m[1m^[22m
[39m[31m[1m^[22m[39m
[31m[1m^[22m[39m[31
m[1m^[22m[39m[31m[1
m^[22m[39m[31m[1m^[
22m[39m[31m[1m^[22m
[39m[31m[1m^[22m[39m
[31m[1m^[22m[39m[31
m[1m^[22m[39m[31m[1
m^[22m[39m[31m[1m^[
22m[39m[31m[1m^[22m
[39m[31m[1m^[22m[39m
[31m[1m^[22m[39m[31
m[1m^[22m[39m[31m[1
m^[22m[39m[31m[1m^[
22m[39m[31m[1m^[22m
[39m[31m[1m^[22m[39m
[31m[1m^[22m[39m[31
m[1m^[22m[39m[31m[1
m^[22m[39m[31m[1m^[
22m[39m[31m[1m^[22m
[39m[31m[1m^[22m[39m
[31m[1m^[22m[39m[31
m[1m^[22m[39m[31m[1
m^[22m[39m[31m[1m^[
22m[39m[31m[1m^[22m
[39m[31m[1m^[22m[39m
[31m[1m^[22m[39m[31
m[1m^[22m[39m[31m[1
m^[22m[39m[31m[1m^[
22m[39m[31m[1m^[22m
[39m[31m[1m^[22m[39m
[31m[1m^[22m[39m
 [90m 3 |[39m 
[36mvar[39m 
[33mHeading[39m 
[33m=[39m [33mNode[3
9m[33m.[39mcreate({
 [90m 4 |[39m   
name[33m:[39m [32m"he
ading"[39m[33m,[39m
 [90m 5 |[39m   
addOptions() {[0m



Import traces:
  Client Component 
Browser:
    ./node_modules/@tipt
ap/extension-heading/dis
t/index.js [Client 
Component Browser]
    ./node_modules/@tipt
ap/starter-kit/dist/inde
x.js [Client Component 
Browser]
    ./src/components/Edi
tor.tsx [Client 
Component Browser]
    ./src/app/dashboard/
page.tsx [Client 
Component Browser]
    ./src/app/dashboard/
page.tsx [Server 
Component]

  Client Component SSR:
    ./node_modules/@tipt
ap/extension-heading/dis
t/index.js [Client 
Component SSR]
    ./node_modules/@tipt
ap/starter-kit/dist/inde
x.js [Client Component 
SSR]
    ./src/components/Edi
tor.tsx [Client 
Component SSR]
    ./src/app/dashboard/
page.tsx [Client 
Component SSR]
    ./src/app/dashboard/
page.tsx [Server 
Component]

https://nextjs.org/docs/
messages/module-not-foun
d


./node_modules/@tiptap/e
xtension-highlight/dist/
index.js:2:1
Module not found: Can't 
resolve '@tiptap/core'
[0m [90m 1 |[39m 
[90m// 
src/highlight.ts[39m
[31m[1m>[22m[39m[90
m 2 |[39m 
[36mimport[39m { [33m
Mark[39m[33m,[39m mar
kInputRule[33m,[39m ma
rkPasteRule[33m,[39m 
mergeAttributes } 
[36mfrom[39m [32m"@ti
ptap/core"[39m[33m;[3
9m
 [90m   |[39m [31m[1
m^[22m[39m[31m[1m^[
22m[39m[31m[1m^[22m
[39m[31m[1m^[22m[39m
[31m[1m^[22m[39m[31
m[1m^[22m[39m[31m[1
m^[22m[39m[31m[1m^[
22m[39m[31m[1m^[22m
[39m[31m[1m^[22m[39m
[31m[1m^[22m[39m[31
m[1m^[22m[39m[31m[1
m^[22m[39m[31m[1m^[
22m[39m[31m[1m^[22m
[39m[31m[1m^[22m[39m
[31m[1m^[22m[39m[31
m[1m^[22m[39m[31m[1
m^[22m[39m[31m[1m^[
22m[39m[31m[1m^[22m
[39m[31m[1m^[22m[39m
[31m[1m^[22m[39m[31
m[1m^[22m[39m[31m[1
m^[22m[39m[31m[1m^[
22m[39m[31m[1m^[22m
[39m[31m[1m^[22m[39m
[31m[1m^[22m[39m[31
m[1m^[22m[39m[31m[1
m^[22m[39m[31m[1m^[
22m[39m[31m[1m^[22m
[39m[31m[1m^[22m[39m
[31m[1m^[22m[39m[31
m[1m^[22m[39m[31m[1
m^[22m[39m[31m[1m^[
22m[39m[31m[1m^[22m
[39m[31m[1m^[22m[39m
[31m[1m^[22m[39m[31
m[1m^[22m[39m[31m[1
m^[22m[39m[31m[1m^[
22m[39m[31m[1m^[22m
[39m[31m[1m^[22m[39m
[31m[1m^[22m[39m[31
m[1m^[22m[39m[31m[1
m^[22m[39m[31m[1m^[
22m[39m[31m[1m^[22m
[39m[31m[1m^[22m[39m
[31m[1m^[22m[39m[31
m[1m^[22m[39m[31m[1
m^[22m[39m[31m[1m^[
22m[39m[31m[1m^[22m
[39m[31m[1m^[22m[39m
[31m[1m^[22m[39m[31
m[1m^[22m[39m[31m[1
m^[22m[39m[31m[1m^[
22m[39m[31m[1m^[22m
[39m[31m[1m^[22m[39m
[31m[1m^[22m[39m[31
m[1m^[22m[39m[31m[1
m^[22m[39m[31m[1m^[
22m[39m[31m[1m^[22m
[39m[31m[1m^[22m[39m
[31m[1m^[22m[39m[31
m[1m^[22m[39m[31m[1
m^[22m[39m[31m[1m^[
22m[39m[31m[1m^[22m
[39m[31m[1m^[22m[39m
[31m[1m^[22m[39m[31
m[1m^[22m[39m[31m[1
m^[22m[39m[31m[1m^[
22m[39m[31m[1m^[22m
[39m[31m[1m^[22m[39m
[31m[1m^[22m[39m
 [90m 3 |[39m 
[36mvar[39m 
inputRegex [33m=[39m 
[35m/(?:^|\s)(==(?!\s+==
)((?:[^=]+))==(?!\s+==))
$/[39m[33m;[39m
 [90m 4 |[39m 
[36mvar[39m 
pasteRegex [33m=[39m 
[35m/(?:^|\s)(==(?!\s+==
)((?:[^=]+))==(?!\s+==))
/g[39m[33m;[39m
 [90m 5 |[39m 
[36mvar[39m 
[33mHighlight[39m 
[33m=[39m [33mMark[3
9m[33m.[39mcreate({[0
m



Import traces:
  Client Component 
Browser:
    ./node_modules/@tipt
ap/extension-highlight/d
ist/index.js [Client 
Component Browser]
    ./src/components/Edi
tor.tsx [Client 
Component Browser]
    ./src/app/dashboard/
page.tsx [Client 
Component Browser]
    ./src/app/dashboard/
page.tsx [Server 
Component]

  Client Component SSR:
    ./node_modules/@tipt
ap/extension-highlight/d
ist/index.js [Client 
Component SSR]
    ./src/components/Edi
tor.tsx [Client 
Component SSR]
    ./src/app/dashboard/
page.tsx [Client 
Component SSR]
    ./src/app/dashboard/
page.tsx [Server 
Component]

https://nextjs.org/docs/
messages/module-not-foun
d


./node_modules/@tiptap/e
xtension-horizontal-rule
/dist/index.js:2:1
Module not found: Can't 
resolve '@tiptap/core'
[0m [90m 1 |[39m 
[90m// src/horizontal-r
ule.ts[39m
[31m[1m>[22m[39m[90
m 2 |[39m 
[36mimport[39m { canIn
sertNode[33m,[39m isNo
deSelection[33m,[39m m
ergeAttributes[33m,[39
m [33mNode[39m[33m,[
39m nodeInputRule } 
[36mfrom[39m [32m"@ti
ptap/core"[39m[33m;[3
9m
 [90m   |[39m [31m[1
m^[22m[39m[31m[1m^[
22m[39m[31m[1m^[22m
[39m[31m[1m^[22m[39m
[31m[1m^[22m[39m[31
m[1m^[22m[39m[31m[1
m^[22m[39m[31m[1m^[
22m[39m[31m[1m^[22m
[39m[31m[1m^[22m[39m
[31m[1m^[22m[39m[31
m[1m^[22m[39m[31m[1
m^[22m[39m[31m[1m^[
22m[39m[31m[1m^[22m
[39m[31m[1m^[22m[39m
[31m[1m^[22m[39m[31
m[1m^[22m[39m[31m[1
m^[22m[39m[31m[1m^[
22m[39m[31m[1m^[22m
[39m[31m[1m^[22m[39m
[31m[1m^[22m[39m[31
m[1m^[22m[39m[31m[1
m^[22m[39m[31m[1m^[
22m[39m[31m[1m^[22m
[39m[31m[1m^[22m[39m
[31m[1m^[22m[39m[31
m[1m^[22m[39m[31m[1
m^[22m[39m[31m[1m^[
22m[39m[31m[1m^[22m
[39m[31m[1m^[22m[39m
[31m[1m^[22m[39m[31
m[1m^[22m[39m[31m[1
m^[22m[39m[31m[1m^[
22m[39m[31m[1m^[22m
[39m[31m[1m^[22m[39m
[31m[1m^[22m[39m[31
m[1m^[22m[39m[31m[1
m^[22m[39m[31m[1m^[
22m[39m[31m[1m^[22m
[39m[31m[1m^[22m[39m
[31m[1m^[22m[39m[31
m[1m^[22m[39m[31m[1
m^[22m[39m[31m[1m^[
22m[39m[31m[1m^[22m
[39m[31m[1m^[22m[39m
[31m[1m^[22m[39m[31
m[1m^[22m[39m[31m[1
m^[22m[39m[31m[1m^[
22m[39m[31m[1m^[22m
[39m[31m[1m^[22m[39m
[31m[1m^[22m[39m[31
m[1m^[22m[39m[31m[1
m^[22m[39m[31m[1m^[
22m[39m[31m[1m^[22m
[39m[31m[1m^[22m[39m
[31m[1m^[22m[39m[31
m[1m^[22m[39m[31m[1
m^[22m[39m[31m[1m^[
22m[39m[31m[1m^[22m
[39m[31m[1m^[22m[39m
[31m[1m^[22m[39m[31
m[1m^[22m[39m[31m[1
m^[22m[39m[31m[1m^[
22m[39m[31m[1m^[22m
[39m[31m[1m^[22m[39m
[31m[1m^[22m[39m[31
m[1m^[22m[39m[31m[1
m^[22m[39m[31m[1m^[
22m[39m[31m[1m^[22m
[39m[31m[1m^[22m[39m
[31m[1m^[22m[39m[31
m[1m^[22m[39m[31m[1
m^[22m[39m[31m[1m^[
22m[39m[31m[1m^[22m
[39m[31m[1m^[22m[39m
[31m[1m^[22m[39m[31
m[1m^[22m[39m[31m[1
m^[22m[39m[31m[1m^[
22m[39m[31m[1m^[22m
[39m[31m[1m^[22m[39m
[31m[1m^[22m[39m[31
m[1m^[22m[39m[31m[1
m^[22m[39m[31m[1m^[
22m[39m[31m[1m^[22m
[39m[31m[1m^[22m[39m
 [90m 3 |[39m 
[36mimport[39m { [33m
NodeSelection[39m[33m,
[39m 
[33mTextSelection[39m 
} [36mfrom[39m [32m"@
tiptap/pm/state"[39m[3
3m;[39m
 [90m 4 |[39m 
[36mvar[39m [33mHoriz
ontalRule[39m 
[33m=[39m [33mNode[3
9m[33m.[39mcreate({
 [90m 5 |[39m   
name[33m:[39m [32m"ho
rizontalRule"[39m[33m,
[39m[0m



Import traces:
  Client Component 
Browser:
    ./node_modules/@tipt
ap/extension-horizontal-
rule/dist/index.js 
[Client Component 
Browser]
    ./node_modules/@tipt
ap/starter-kit/dist/inde
x.js [Client Component 
Browser]
    ./src/components/Edi
tor.tsx [Client 
Component Browser]
    ./src/app/dashboard/
page.tsx [Client 
Component Browser]
    ./src/app/dashboard/
page.tsx [Server 
Component]

  Client Component SSR:
    ./node_modules/@tipt
ap/extension-horizontal-
rule/dist/index.js 
[Client Component SSR]
    ./node_modules/@tipt
ap/starter-kit/dist/inde
x.js [Client Component 
SSR]
    ./src/components/Edi
tor.tsx [Client 
Component SSR]
    ./src/app/dashboard/
page.tsx [Client 
Component SSR]
    ./src/app/dashboard/
page.tsx [Server 
Component]

https://nextjs.org/docs/
messages/module-not-foun
d


./node_modules/@tiptap/e
xtension-italic/dist/ind
ex.js:2:1
Module not found: Can't 
resolve '@tiptap/core'
[0m [90m 1 |[39m 
[90m// 
src/italic.ts[39m
[31m[1m>[22m[39m[90
m 2 |[39m 
[36mimport[39m { [33m
Mark[39m[33m,[39m mar
kInputRule[33m,[39m ma
rkPasteRule[33m,[39m 
mergeAttributes } 
[36mfrom[39m [32m"@ti
ptap/core"[39m[33m;[3
9m
 [90m   |[39m [31m[1
m^[22m[39m[31m[1m^[
22m[39m[31m[1m^[22m
[39m[31m[1m^[22m[39m
[31m[1m^[22m[39m[31
m[1m^[22m[39m[31m[1
m^[22m[39m[31m[1m^[
22m[39m[31m[1m^[22m
[39m[31m[1m^[22m[39m
[31m[1m^[22m[39m[31
m[1m^[22m[39m[31m[1
m^[22m[39m[31m[1m^[
22m[39m[31m[1m^[22m
[39m[31m[1m^[22m[39m
[31m[1m^[22m[39m[31
m[1m^[22m[39m[31m[1
m^[22m[39m[31m[1m^[
22m[39m[31m[1m^[22m
[39m[31m[1m^[22m[39m
[31m[1m^[22m[39m[31
m[1m^[22m[39m[31m[1
m^[22m[39m[31m[1m^[
22m[39m[31m[1m^[22m
[39m[31m[1m^[22m[39m
[31m[1m^[22m[39m[31
m[1m^[22m[39m[31m[1
m^[22m[39m[31m[1m^[
22m[39m[31m[1m^[22m
[39m[31m[1m^[22m[39m
[31m[1m^[22m[39m[31
m[1m^[22m[39m[31m[1
m^[22m[39m[31m[1m^[
22m[39m[31m[1m^[22m
[39m[31m[1m^[22m[39m
[31m[1m^[22m[39m[31
m[1m^[22m[39m[31m[1
m^[22m[39m[31m[1m^[
22m[39m[31m[1m^[22m
[39m[31m[1m^[22m[39m
[31m[1m^[22m[39m[31
m[1m^[22m[39m[31m[1
m^[22m[39m[31m[1m^[
22m[39m[31m[1m^[22m
[39m[31m[1m^[22m[39m
[31m[1m^[22m[39m[31
m[1m^[22m[39m[31m[1
m^[22m[39m[31m[1m^[
22m[39m[31m[1m^[22m
[39m[31m[1m^[22m[39m
[31m[1m^[22m[39m[31
m[1m^[22m[39m[31m[1
m^[22m[39m[31m[1m^[
22m[39m[31m[1m^[22m
[39m[31m[1m^[22m[39m
[31m[1m^[22m[39m[31
m[1m^[22m[39m[31m[1
m^[22m[39m[31m[1m^[
22m[39m[31m[1m^[22m
[39m[31m[1m^[22m[39m
[31m[1m^[22m[39m[31
m[1m^[22m[39m[31m[1
m^[22m[39m[31m[1m^[
22m[39m[31m[1m^[22m
[39m[31m[1m^[22m[39m
[31m[1m^[22m[39m[31
m[1m^[22m[39m[31m[1
m^[22m[39m[31m[1m^[
22m[39m[31m[1m^[22m
[39m[31m[1m^[22m[39m
[31m[1m^[22m[39m
 [90m 3 |[39m 
[36mvar[39m 
starInputRegex 
[33m=[39m [35m/(?:^|\
s)(\*(?!\s+\*)((?:[^*]+)
)\*(?!\s+\*))$/[39m[33
m;[39m
 [90m 4 |[39m 
[36mvar[39m 
starPasteRegex 
[33m=[39m [35m/(?:^|\
s)(\*(?!\s+\*)((?:[^*]+)
)\*(?!\s+\*))/g[39m[33
m;[39m
 [90m 5 |[39m 
[36mvar[39m 
underscoreInputRegex 
[33m=[39m [35m/(?:^|\
s)(_(?!\s+_)((?:[^_]+))_
(?!\s+_))$/[39m[33m;[
39m[0m



Import traces:
  Client Component 
Browser:
    ./node_modules/@tipt
ap/extension-italic/dist
/index.js [Client 
Component Browser]
    ./node_modules/@tipt
ap/starter-kit/dist/inde
x.js [Client Component 
Browser]
    ./src/components/Edi
tor.tsx [Client 
Component Browser]
    ./src/app/dashboard/
page.tsx [Client 
Component Browser]
    ./src/app/dashboard/
page.tsx [Server 
Component]

  Client Component SSR:
    ./node_modules/@tipt
ap/extension-italic/dist
/index.js [Client 
Component SSR]
    ./node_modules/@tipt
ap/starter-kit/dist/inde
x.js [Client Component 
SSR]
    ./src/components/Edi
tor.tsx [Client 
Component SSR]
    ./src/app/dashboard/
page.tsx [Client 
Component SSR]
    ./src/app/dashboard/
page.tsx [Server 
Component]

https://nextjs.org/docs/
messages/module-not-foun
d


./node_modules/@tiptap/e
xtension-link/dist/index
.js:2:1
Module not found: Can't 
resolve '@tiptap/core'
[0m [90m 1 |[39m 
[90m// src/link.ts[39m
[31m[1m>[22m[39m[90
m 2 |[39m 
[36mimport[39m { [33m
Mark[39m[33m,[39m mar
kPasteRule[33m,[39m 
mergeAttributes } 
[36mfrom[39m [32m"@ti
ptap/core"[39m[33m;[3
9m
 [90m   |[39m [31m[1
m^[22m[39m[31m[1m^[
22m[39m[31m[1m^[22m
[39m[31m[1m^[22m[39m
[31m[1m^[22m[39m[31
m[1m^[22m[39m[31m[1
m^[22m[39m[31m[1m^[
22m[39m[31m[1m^[22m
[39m[31m[1m^[22m[39m
[31m[1m^[22m[39m[31
m[1m^[22m[39m[31m[1
m^[22m[39m[31m[1m^[
22m[39m[31m[1m^[22m
[39m[31m[1m^[22m[39m
[31m[1m^[22m[39m[31
m[1m^[22m[39m[31m[1
m^[22m[39m[31m[1m^[
22m[39m[31m[1m^[22m
[39m[31m[1m^[22m[39m
[31m[1m^[22m[39m[31
m[1m^[22m[39m[31m[1
m^[22m[39m[31m[1m^[
22m[39m[31m[1m^[22m
[39m[31m[1m^[22m[39m
[31m[1m^[22m[39m[31
m[1m^[22m[39m[31m[1
m^[22m[39m[31m[1m^[
22m[39m[31m[1m^[22m
[39m[31m[1m^[22m[39m
[31m[1m^[22m[39m[31
m[1m^[22m[39m[31m[1
m^[22m[39m[31m[1m^[
22m[39m[31m[1m^[22m
[39m[31m[1m^[22m[39m
[31m[1m^[22m[39m[31
m[1m^[22m[39m[31m[1
m^[22m[39m[31m[1m^[
22m[39m[31m[1m^[22m
[39m[31m[1m^[22m[39m
[31m[1m^[22m[39m[31
m[1m^[22m[39m[31m[1
m^[22m[39m[31m[1m^[
22m[39m[31m[1m^[22m
[39m[31m[1m^[22m[39m
[31m[1m^[22m[39m[31
m[1m^[22m[39m[31m[1
m^[22m[39m[31m[1m^[
22m[39m[31m[1m^[22m
[39m[31m[1m^[22m[39m
[31m[1m^[22m[39m[31
m[1m^[22m[39m[31m[1
m^[22m[39m[31m[1m^[
22m[39m[31m[1m^[22m
[39m[31m[1m^[22m[39m
[31m[1m^[22m[39m[31
m[1m^[22m[39m[31m[1
m^[22m[39m[31m[1m^[
22m[39m
 [90m 3 |[39m 
[36mimport[39m { find 
[36mas[39m 
find2[33m,[39m registe
rCustomProtocol[33m,[3
9m reset } 
[36mfrom[39m [32m"lin
kifyjs"[39m[33m;[39m
 [90m 4 |[39m
 [90m 5 |[39m [90m// 
src/helpers/autolink.ts
[39m[0m



Import traces:
  Client Component 
Browser:
    ./node_modules/@tipt
ap/extension-link/dist/i
ndex.js [Client 
Component Browser]
    ./node_modules/@tipt
ap/starter-kit/dist/inde
x.js [Client Component 
Browser]
    ./src/components/Edi
tor.tsx [Client 
Component Browser]
    ./src/app/dashboard/
page.tsx [Client 
Component Browser]
    ./src/app/dashboard/
page.tsx [Server 
Component]

  Client Component SSR:
    ./node_modules/@tipt
ap/extension-link/dist/i
ndex.js [Client 
Component SSR]
    ./node_modules/@tipt
ap/starter-kit/dist/inde
x.js [Client Component 
SSR]
    ./src/components/Edi
tor.tsx [Client 
Component SSR]
    ./src/app/dashboard/
page.tsx [Client 
Component SSR]
    ./src/app/dashboard/
page.tsx [Server 
Component]

https://nextjs.org/docs/
messages/module-not-foun
d


./node_modules/@tiptap/e
xtension-link/dist/index
.js:6:1
Module not found: Can't 
resolve '@tiptap/core'
[0m [90m 4 |[39m
 [90m 5 |[39m [90m// 
src/helpers/autolink.ts
[39m
[31m[1m>[22m[39m[90
m 6 |[39m 
[36mimport[39m { combi
neTransactionSteps[33m,
[39m findChildrenInRang
e[33m,[39m getChangedR
anges[33m,[39m 
getMarksBetween } 
[36mfrom[39m [32m"@ti
ptap/core"[39m[33m;[3
9m
 [90m   |[39m [31m[1
m^[22m[39m[31m[1m^[
22m[39m[31m[1m^[22m
[39m[31m[1m^[22m[39m
[31m[1m^[22m[39m[31
m[1m^[22m[39m[31m[1
m^[22m[39m[31m[1m^[
22m[39m[31m[1m^[22m
[39m[31m[1m^[22m[39m
[31m[1m^[22m[39m[31
m[1m^[22m[39m[31m[1
m^[22m[39m[31m[1m^[
22m[39m[31m[1m^[22m
[39m[31m[1m^[22m[39m
[31m[1m^[22m[39m[31
m[1m^[22m[39m[31m[1
m^[22m[39m[31m[1m^[
22m[39m[31m[1m^[22m
[39m[31m[1m^[22m[39m
[31m[1m^[22m[39m[31
m[1m^[22m[39m[31m[1
m^[22m[39m[31m[1m^[
22m[39m[31m[1m^[22m
[39m[31m[1m^[22m[39m
[31m[1m^[22m[39m[31
m[1m^[22m[39m[31m[1
m^[22m[39m[31m[1m^[
22m[39m[31m[1m^[22m
[39m[31m[1m^[22m[39m
[31m[1m^[22m[39m[31
m[1m^[22m[39m[31m[1
m^[22m[39m[31m[1m^[
22m[39m[31m[1m^[22m
[39m[31m[1m^[22m[39m
[31m[1m^[22m[39m[31
m[1m^[22m[39m[31m[1
m^[22m[39m[31m[1m^[
22m[39m[31m[1m^[22m
[39m[31m[1m^[22m[39m
[31m[1m^[22m[39m[31
m[1m^[22m[39m[31m[1
m^[22m[39m[31m[1m^[
22m[39m[31m[1m^[22m
[39m[31m[1m^[22m[39m
[31m[1m^[22m[39m[31
m[1m^[22m[39m[31m[1
m^[22m[39m[31m[1m^[
22m[39m[31m[1m^[22m
[39m[31m[1m^[22m[39m
[31m[1m^[22m[39m[31
m[1m^[22m[39m[31m[1
m^[22m[39m[31m[1m^[
22m[39m[31m[1m^[22m
[39m[31m[1m^[22m[39m
[31m[1m^[22m[39m[31
m[1m^[22m[39m[31m[1
m^[22m[39m[31m[1m^[
22m[39m[31m[1m^[22m
[39m[31m[1m^[22m[39m
[31m[1m^[22m[39m[31
m[1m^[22m[39m[31m[1
m^[22m[39m[31m[1m^[
22m[39m[31m[1m^[22m
[39m[31m[1m^[22m[39m
[31m[1m^[22m[39m[31
m[1m^[22m[39m[31m[1
m^[22m[39m[31m[1m^[
22m[39m[31m[1m^[22m
[39m[31m[1m^[22m[39m
[31m[1m^[22m[39m[31
m[1m^[22m[39m[31m[1
m^[22m[39m[31m[1m^[
22m[39m[31m[1m^[22m
[39m[31m[1m^[22m[39m
[31m[1m^[22m[39m[31
m[1m^[22m[39m[31m[1
m^[22m[39m[31m[1m^[
22m[39m[31m[1m^[22m
[39m[31m[1m^[22m[39m
[31m[1m^[22m[39m[31
m[1m^[22m[39m[31m[1
m^[22m[39m[31m[1m^[
22m[39m[31m[1m^[22m
[39m[31m[1m^[22m[39m
[31m[1m^[22m[39m[31
m[1m^[22m[39m[31m[1
m^[22m[39m[31m[1m^[
22m[39m[31m[1m^[22m
[39m[31m[1m^[22m[39m
[31m[1m^[22m[39m[31
m[1m^[22m[39m[31m[1
m^[22m[39m[31m[1m^[
22m[39m[31m[1m^[22m
[39m
 [90m 7 |[39m 
[36mimport[39m { [33m
Plugin[39m[33m,[39m 
[33mPluginKey[39m } 
[36mfrom[39m [32m"@ti
ptap/pm/state"[39m[33m
;[39m
 [90m 8 |[39m 
[36mimport[39m { 
tokenize } 
[36mfrom[39m [32m"lin
kifyjs"[39m[33m;[39m
 [90m 9 |[39m[0m



Import traces:
  Client Component 
Browser:
    ./node_modules/@tipt
ap/extension-link/dist/i
ndex.js [Client 
Component Browser]
    ./node_modules/@tipt
ap/starter-kit/dist/inde
x.js [Client Component 
Browser]
    ./src/components/Edi
tor.tsx [Client 
Component Browser]
    ./src/app/dashboard/
page.tsx [Client 
Component Browser]
    ./src/app/dashboard/
page.tsx [Server 
Component]

  Client Component SSR:
    ./node_modules/@tipt
ap/extension-link/dist/i
ndex.js [Client 
Component SSR]
    ./node_modules/@tipt
ap/starter-kit/dist/inde
x.js [Client Component 
SSR]
    ./src/components/Edi
tor.tsx [Client 
Component SSR]
    ./src/app/dashboard/
page.tsx [Client 
Component SSR]
    ./src/app/dashboard/
page.tsx [Server 
Component]

https://nextjs.org/docs/
messages/module-not-foun
d


./node_modules/@tiptap/e
xtension-link/dist/index
.js:104:1
Module not found: Can't 
resolve '@tiptap/core'
[0m [90m 102 |[39m
 [90m 103 |[39m 
[90m// src/helpers/clic
kHandler.ts[39m
[31m[1m>[22m[39m[90
m 104 |[39m 
[36mimport[39m { 
getAttributes } 
[36mfrom[39m [32m"@ti
ptap/core"[39m[33m;[3
9m
 [90m     |[39m [31m
[1m^[22m[39m[31m[1m^
[22m[39m[31m[1m^[22
m[39m[31m[1m^[22m[3
9m[31m[1m^[22m[39m[
31m[1m^[22m[39m[31m
[1m^[22m[39m[31m[1m^
[22m[39m[31m[1m^[22
m[39m[31m[1m^[22m[3
9m[31m[1m^[22m[39m[
31m[1m^[22m[39m[31m
[1m^[22m[39m[31m[1m^
[22m[39m[31m[1m^[22
m[39m[31m[1m^[22m[3
9m[31m[1m^[22m[39m[
31m[1m^[22m[39m[31m
[1m^[22m[39m[31m[1m^
[22m[39m[31m[1m^[22
m[39m[31m[1m^[22m[3
9m[31m[1m^[22m[39m[
31m[1m^[22m[39m[31m
[1m^[22m[39m[31m[1m^
[22m[39m[31m[1m^[22
m[39m[31m[1m^[22m[3
9m[31m[1m^[22m[39m[
31m[1m^[22m[39m[31m
[1m^[22m[39m[31m[1m^
[22m[39m[31m[1m^[22
m[39m[31m[1m^[22m[3
9m[31m[1m^[22m[39m[
31m[1m^[22m[39m[31m
[1m^[22m[39m[31m[1m^
[22m[39m[31m[1m^[22
m[39m[31m[1m^[22m[3
9m[31m[1m^[22m[39m[
31m[1m^[22m[39m[31m
[1m^[22m[39m[31m[1m^
[22m[39m[31m[1m^[22
m[39m
 [90m 105 |[39m 
[36mimport[39m { 
[33mPlugin[39m 
[36mas[39m [33mPlugin
2[39m[33m,[39m 
[33mPluginKey[39m 
[36mas[39m 
[33mPluginKey2[39m } 
[36mfrom[39m [32m"@ti
ptap/pm/state"[39m[33m
;[39m
 [90m 106 |[39m 
[36mfunction[39m 
clickHandler(options) {
 [90m 107 |[39m   
[36mreturn[39m 
[36mnew[39m 
[33mPlugin2[39m({[0m



Import traces:
  Client Component 
Browser:
    ./node_modules/@tipt
ap/extension-link/dist/i
ndex.js [Client 
Component Browser]
    ./node_modules/@tipt
ap/starter-kit/dist/inde
x.js [Client Component 
Browser]
    ./src/components/Edi
tor.tsx [Client 
Component Browser]
    ./src/app/dashboard/
page.tsx [Client 
Component Browser]
    ./src/app/dashboard/
page.tsx [Server 
Component]

  Client Component SSR:
    ./node_modules/@tipt
ap/extension-link/dist/i
ndex.js [Client 
Component SSR]
    ./node_modules/@tipt
ap/starter-kit/dist/inde
x.js [Client Component 
SSR]
    ./src/components/Edi
tor.tsx [Client 
Component SSR]
    ./src/app/dashboard/
page.tsx [Client 
Component SSR]
    ./src/app/dashboard/
page.tsx [Server 
Component]

https://nextjs.org/docs/
messages/module-not-foun
d


./node_modules/@tiptap/e
xtension-list/dist/index
.js:8:1
Module not found: Can't 
resolve '@tiptap/core'
[0m [90m  6 |[39m
 [90m  7 |[39m 
[90m// src/bullet-list/
bullet-list.ts[39m
[31m[1m>[22m[39m[90
m  8 |[39m 
[36mimport[39m { merge
Attributes[33m,[39m [
33mNode[39m[33m,[39m 
wrappingInputRule } 
[36mfrom[39m [32m"@ti
ptap/core"[39m[33m;[3
9m
 [90m    |[39m [31m[
1m^[22m[39m[31m[1m^
[22m[39m[31m[1m^[22m
[39m[31m[1m^[22m[39
m[31m[1m^[22m[39m[3
1m[1m^[22m[39m[31m[
1m^[22m[39m[31m[1m^
[22m[39m[31m[1m^[22m
[39m[31m[1m^[22m[39
m[31m[1m^[22m[39m[3
1m[1m^[22m[39m[31m[
1m^[22m[39m[31m[1m^
[22m[39m[31m[1m^[22m
[39m[31m[1m^[22m[39
m[31m[1m^[22m[39m[3
1m[1m^[22m[39m[31m[
1m^[22m[39m[31m[1m^
[22m[39m[31m[1m^[22m
[39m[31m[1m^[22m[39
m[31m[1m^[22m[39m[3
1m[1m^[22m[39m[31m[
1m^[22m[39m[31m[1m^
[22m[39m[31m[1m^[22m
[39m[31m[1m^[22m[39
m[31m[1m^[22m[39m[3
1m[1m^[22m[39m[31m[
1m^[22m[39m[31m[1m^
[22m[39m[31m[1m^[22m
[39m[31m[1m^[22m[39
m[31m[1m^[22m[39m[3
1m[1m^[22m[39m[31m[
1m^[22m[39m[31m[1m^
[22m[39m[31m[1m^[22m
[39m[31m[1m^[22m[39
m[31m[1m^[22m[39m[3
1m[1m^[22m[39m[31m[
1m^[22m[39m[31m[1m^
[22m[39m[31m[1m^[22m
[39m[31m[1m^[22m[39
m[31m[1m^[22m[39m[3
1m[1m^[22m[39m[31m[
1m^[22m[39m[31m[1m^
[22m[39m[31m[1m^[22m
[39m[31m[1m^[22m[39
m[31m[1m^[22m[39m[3
1m[1m^[22m[39m[31m[
1m^[22m[39m[31m[1m^
[22m[39m[31m[1m^[22m
[39m[31m[1m^[22m[39
m[31m[1m^[22m[39m[3
1m[1m^[22m[39m[31m[
1m^[22m[39m[31m[1m^
[22m[39m[31m[1m^[22m
[39m[31m[1m^[22m[39
m[31m[1m^[22m[39m[3
1m[1m^[22m[39m[31m[
1m^[22m[39m[31m[1m^
[22m[39m[31m[1m^[22m
[39m[31m[1m^[22m[39
m[31m[1m^[22m[39m[3
1m[1m^[22m[39m
 [90m  9 |[39m 
[36mvar[39m 
[33mListItemName[39m 
[33m=[39m [32m"listIt
em"[39m[33m;[39m
 [90m 10 |[39m 
[36mvar[39m 
[33mTextStyleName[39m 
[33m=[39m [32m"textSt
yle"[39m[33m;[39m
 [90m 11 |[39m 
[36mvar[39m 
bulletListInputRegex 
[33m=[39m [35m/^\s*([
-+*])\s$/[39m[33m;[39
m[0m



Import traces:
  Client Component 
Browser:
    ./node_modules/@tipt
ap/extension-list/dist/i
ndex.js [Client 
Component Browser]
    ./node_modules/@tipt
ap/starter-kit/dist/inde
x.js [Client Component 
Browser]
    ./src/components/Edi
tor.tsx [Client 
Component Browser]
    ./src/app/dashboard/
page.tsx [Client 
Component Browser]
    ./src/app/dashboard/
page.tsx [Server 
Component]

  Client Component SSR:
    ./node_modules/@tipt
ap/extension-list/dist/i
ndex.js [Client 
Component SSR]
    ./node_modules/@tipt
ap/starter-kit/dist/inde
x.js [Client Component 
SSR]
    ./src/components/Edi
tor.tsx [Client 
Component SSR]
    ./src/app/dashboard/
page.tsx [Client 
Component SSR]
    ./src/app/dashboard/
page.tsx [Server 
Component]

https://nextjs.org/docs/
messages/module-not-foun
d


./node_modules/@tiptap/e
xtension-list/dist/index
.js:88:1
Module not found: Can't 
resolve '@tiptap/core'
[0m [90m 86 |[39m
 [90m 87 |[39m 
[90m// src/item/list-it
em.ts[39m
[31m[1m>[22m[39m[90
m 88 |[39m 
[36mimport[39m { 
mergeAttributes 
[36mas[39m mergeAttrib
utes2[33m,[39m 
[33mNode[39m 
[36mas[39m [33mNode2
[39m[33m,[39m renderNe
stedMarkdownContent } 
[36mfrom[39m [32m"@ti
ptap/core"[39m[33m;[3
9m
 [90m    |[39m [31m[
1m^[22m[39m[31m[1m^
[22m[39m[31m[1m^[22m
[39m[31m[1m^[22m[39
m[31m[1m^[22m[39m[3
1m[1m^[22m[39m[31m[
1m^[22m[39m[31m[1m^
[22m[39m[31m[1m^[22m
[39m[31m[1m^[22m[39
m[31m[1m^[22m[39m[3
1m[1m^[22m[39m[31m[
1m^[22m[39m[31m[1m^
[22m[39m[31m[1m^[22m
[39m[31m[1m^[22m[39
m[31m[1m^[22m[39m[3
1m[1m^[22m[39m[31m[
1m^[22m[39m[31m[1m^
[22m[39m[31m[1m^[22m
[39m[31m[1m^[22m[39
m[31m[1m^[22m[39m[3
1m[1m^[22m[39m[31m[
1m^[22m[39m[31m[1m^
[22m[39m[31m[1m^[22m
[39m[31m[1m^[22m[39
m[31m[1m^[22m[39m[3
1m[1m^[22m[39m[31m[
1m^[22m[39m[31m[1m^
[22m[39m[31m[1m^[22m
[39m[31m[1m^[22m[39
m[31m[1m^[22m[39m[3
1m[1m^[22m[39m[31m[
1m^[22m[39m[31m[1m^
[22m[39m[31m[1m^[22m
[39m[31m[1m^[22m[39
m[31m[1m^[22m[39m[3
1m[1m^[22m[39m[31m[
1m^[22m[39m[31m[1m^
[22m[39m[31m[1m^[22m
[39m[31m[1m^[22m[39
m[31m[1m^[22m[39m[3
1m[1m^[22m[39m[31m[
1m^[22m[39m[31m[1m^
[22m[39m[31m[1m^[22m
[39m[31m[1m^[22m[39
m[31m[1m^[22m[39m[3
1m[1m^[22m[39m[31m[
1m^[22m[39m[31m[1m^
[22m[39m[31m[1m^[22m
[39m[31m[1m^[22m[39
m[31m[1m^[22m[39m[3
1m[1m^[22m[39m[31m[
1m^[22m[39m[31m[1m^
[22m[39m[31m[1m^[22m
[39m[31m[1m^[22m[39
m[31m[1m^[22m[39m[3
1m[1m^[22m[39m[31m[
1m^[22m[39m[31m[1m^
[22m[39m[31m[1m^[22m
[39m[31m[1m^[22m[39
m[31m[1m^[22m[39m[3
1m[1m^[22m[39m[31m[
1m^[22m[39m[31m[1m^
[22m[39m[31m[1m^[22m
[39m[31m[1m^[22m[39
m[31m[1m^[22m[39m[3
1m[1m^[22m[39m[31m[
1m^[22m[39m[31m[1m^
[22m[39m[31m[1m^[22m
[39m[31m[1m^[22m[39
m[31m[1m^[22m[39m[3
1m[1m^[22m[39m[31m[
1m^[22m[39m[31m[1m^
[22m[39m[31m[1m^[22m
[39m[31m[1m^[22m[39
m[31m[1m^[22m[39m[3
1m[1m^[22m[39m[31m[
1m^[22m[39m[31m[1m^
[22m[39m[31m[1m^[22m
[39m[31m[1m^[22m[39
m[31m[1m^[22m[39m[3
1m[1m^[22m[39m[31m[
1m^[22m[39m[31m[1m^
[22m[39m[31m[1m^[22m
[39m[31m[1m^[22m[39
m[31m[1m^[22m[39m[3
1m[1m^[22m[39m[31m[
1m^[22m[39m[31m[1m^
[22m[39m[31m[1m^[22m
[39m[31m[1m^[22m[39
m[31m[1m^[22m[39m[3
1m[1m^[22m[39m[31m[
1m^[22m[39m[31m[1m^
[22m[39m[31m[1m^[22m
[39m
 [90m 89 |[39m 
[36mvar[39m 
[33mListItem[39m 
[33m=[39m [33mNode2[
39m[33m.[39mcreate({
 [90m 90 |[39m   
name[33m:[39m [32m"li
stItem"[39m[33m,[39m
 [90m 91 |[39m   
addOptions() {[0m



Import traces:
  Client Component 
Browser:
    ./node_modules/@tipt
ap/extension-list/dist/i
ndex.js [Client 
Component Browser]
    ./node_modules/@tipt
ap/starter-kit/dist/inde
x.js [Client Component 
Browser]
    ./src/components/Edi
tor.tsx [Client 
Component Browser]
    ./src/app/dashboard/
page.tsx [Client 
Component Browser]
    ./src/app/dashboard/
page.tsx [Server 
Component]

  Client Component SSR:
    ./node_modules/@tipt
ap/extension-list/dist/i
ndex.js [Client 
Component SSR]
    ./node_modules/@tipt
ap/starter-kit/dist/inde
x.js [Client Component 
SSR]
    ./src/components/Edi
tor.tsx [Client 
Component SSR]
    ./src/app/dashboard/
page.tsx [Client 
Component SSR]
    ./src/app/dashboard/
page.tsx [Server 
Component]

https://nextjs.org/docs/
messages/module-not-foun
d


./node_modules/@tiptap/e
xtension-list/dist/index
.js:183:1
Module not found: Can't 
resolve '@tiptap/core'
[0m [90m 181 |[39m
 [90m 182 |[39m 
[90m// src/keymap/list-
keymap.ts[39m
[31m[1m>[22m[39m[90
m 183 |[39m 
[36mimport[39m { 
[33mExtension[39m } 
[36mfrom[39m [32m"@ti
ptap/core"[39m[33m;[3
9m
 [90m     |[39m [31m
[1m^[22m[39m[31m[1m^
[22m[39m[31m[1m^[22
m[39m[31m[1m^[22m[3
9m[31m[1m^[22m[39m[
31m[1m^[22m[39m[31m
[1m^[22m[39m[31m[1m^
[22m[39m[31m[1m^[22
m[39m[31m[1m^[22m[3
9m[31m[1m^[22m[39m[
31m[1m^[22m[39m[31m
[1m^[22m[39m[31m[1m^
[22m[39m[31m[1m^[22
m[39m[31m[1m^[22m[3
9m[31m[1m^[22m[39m[
31m[1m^[22m[39m[31m
[1m^[22m[39m[31m[1m^
[22m[39m[31m[1m^[22
m[39m[31m[1m^[22m[3
9m[31m[1m^[22m[39m[
31m[1m^[22m[39m[31m
[1m^[22m[39m[31m[1m^
[22m[39m[31m[1m^[22
m[39m[31m[1m^[22m[3
9m[31m[1m^[22m[39m[
31m[1m^[22m[39m[31m
[1m^[22m[39m[31m[1m^
[22m[39m[31m[1m^[22
m[39m[31m[1m^[22m[3
9m[31m[1m^[22m[39m[
31m[1m^[22m[39m[31m
[1m^[22m[39m[31m[1m^
[22m[39m[31m[1m^[22
m[39m[31m[1m^[22m[3
9m[31m[1m^[22m[39m
 [90m 184 |[39m
 [90m 185 |[39m 
[90m// src/keymap/listH
elpers/index.ts[39m
 [90m 186 |[39m 
[36mvar[39m 
listHelpers_exports 
[33m=[39m 
{}[33m;[39m[0m



Import traces:
  Client Component 
Browser:
    ./node_modules/@tipt
ap/extension-list/dist/i
ndex.js [Client 
Component Browser]
    ./node_modules/@tipt
ap/starter-kit/dist/inde
x.js [Client Component 
Browser]
    ./src/components/Edi
tor.tsx [Client 
Component Browser]
    ./src/app/dashboard/
page.tsx [Client 
Component Browser]
    ./src/app/dashboard/
page.tsx [Server 
Component]

  Client Component SSR:
    ./node_modules/@tipt
ap/extension-list/dist/i
ndex.js [Client 
Component SSR]
    ./node_modules/@tipt
ap/starter-kit/dist/inde
x.js [Client Component 
SSR]
    ./src/components/Edi
tor.tsx [Client 
Component SSR]
    ./src/app/dashboard/
page.tsx [Client 
Component SSR]
    ./src/app/dashboard/
page.tsx [Server 
Component]

https://nextjs.org/docs/
messages/module-not-foun
d


./node_modules/@tiptap/e
xtension-list/dist/index
.js:201:1
Module not found: Can't 
resolve '@tiptap/core'
[0m [90m 199 |[39m
 [90m 200 |[39m 
[90m// src/keymap/listH
elpers/findListItemPos.t
s[39m
[31m[1m>[22m[39m[90
m 201 |[39m 
[36mimport[39m { 
getNodeType } 
[36mfrom[39m [32m"@ti
ptap/core"[39m[33m;[3
9m
 [90m     |[39m [31m
[1m^[22m[39m[31m[1m^
[22m[39m[31m[1m^[22
m[39m[31m[1m^[22m[3
9m[31m[1m^[22m[39m[
31m[1m^[22m[39m[31m
[1m^[22m[39m[31m[1m^
[22m[39m[31m[1m^[22
m[39m[31m[1m^[22m[3
9m[31m[1m^[22m[39m[
31m[1m^[22m[39m[31m
[1m^[22m[39m[31m[1m^
[22m[39m[31m[1m^[22
m[39m[31m[1m^[22m[3
9m[31m[1m^[22m[39m[
31m[1m^[22m[39m[31m
[1m^[22m[39m[31m[1m^
[22m[39m[31m[1m^[22
m[39m[31m[1m^[22m[3
9m[31m[1m^[22m[39m[
31m[1m^[22m[39m[31m
[1m^[22m[39m[31m[1m^
[22m[39m[31m[1m^[22
m[39m[31m[1m^[22m[3
9m[31m[1m^[22m[39m[
31m[1m^[22m[39m[31m
[1m^[22m[39m[31m[1m^
[22m[39m[31m[1m^[22
m[39m[31m[1m^[22m[3
9m[31m[1m^[22m[39m[
31m[1m^[22m[39m[31m
[1m^[22m[39m[31m[1m^
[22m[39m[31m[1m^[22
m[39m[31m[1m^[22m[3
9m[31m[1m^[22m[39m[
31m[1m^[22m[39m[31m
[1m^[22m[39m
 [90m 202 |[39m 
[36mvar[39m 
findListItemPos 
[33m=[39m 
(typeOrName[33m,[39m 
state) [33m=>[39m {
 [90m 203 |[39m   
[36mconst[39m { $from 
} [33m=[39m state[33m
.[39mselection[33m;[3
9m
 [90m 204 |[39m   
[36mconst[39m 
nodeType [33m=[39m get
NodeType(typeOrName[33m
,[39m state[33m.[39ms
chema)[33m;[39m[0m



Import traces:
  Client Component 
Browser:
    ./node_modules/@tipt
ap/extension-list/dist/i
ndex.js [Client 
Component Browser]
    ./node_modules/@tipt
ap/starter-kit/dist/inde
x.js [Client Component 
Browser]
    ./src/components/Edi
tor.tsx [Client 
Component Browser]
    ./src/app/dashboard/
page.tsx [Client 
Component Browser]
    ./src/app/dashboard/
page.tsx [Server 
Component]

  Client Component SSR:
    ./node_modules/@tipt
ap/extension-list/dist/i
ndex.js [Client 
Component SSR]
    ./node_modules/@tipt
ap/starter-kit/dist/inde
x.js [Client Component 
SSR]
    ./src/components/Edi
tor.tsx [Client 
Component SSR]
    ./src/app/dashboard/
page.tsx [Client 
Component SSR]
    ./src/app/dashboard/
page.tsx [Server 
Component]

https://nextjs.org/docs/
messages/module-not-foun
d


./node_modules/@tiptap/e
xtension-list/dist/index
.js:225:1
Module not found: Can't 
resolve '@tiptap/core'
[0m [90m 223 |[39m
 [90m 224 |[39m 
[90m// src/keymap/listH
elpers/getNextListDepth.
ts[39m
[31m[1m>[22m[39m[90
m 225 |[39m 
[36mimport[39m { 
getNodeAtPosition } 
[36mfrom[39m [32m"@ti
ptap/core"[39m[33m;[3
9m
 [90m     |[39m [31m
[1m^[22m[39m[31m[1m^
[22m[39m[31m[1m^[22
m[39m[31m[1m^[22m[3
9m[31m[1m^[22m[39m[
31m[1m^[22m[39m[31m
[1m^[22m[39m[31m[1m^
[22m[39m[31m[1m^[22
m[39m[31m[1m^[22m[3
9m[31m[1m^[22m[39m[
31m[1m^[22m[39m[31m
[1m^[22m[39m[31m[1m^
[22m[39m[31m[1m^[22
m[39m[31m[1m^[22m[3
9m[31m[1m^[22m[39m[
31m[1m^[22m[39m[31m
[1m^[22m[39m[31m[1m^
[22m[39m[31m[1m^[22
m[39m[31m[1m^[22m[3
9m[31m[1m^[22m[39m[
31m[1m^[22m[39m[31m
[1m^[22m[39m[31m[1m^
[22m[39m[31m[1m^[22
m[39m[31m[1m^[22m[3
9m[31m[1m^[22m[39m[
31m[1m^[22m[39m[31m
[1m^[22m[39m[31m[1m^
[22m[39m[31m[1m^[22
m[39m[31m[1m^[22m[3
9m[31m[1m^[22m[39m[
31m[1m^[22m[39m[31m
[1m^[22m[39m[31m[1m^
[22m[39m[31m[1m^[22
m[39m[31m[1m^[22m[3
9m[31m[1m^[22m[39m[
31m[1m^[22m[39m[31m
[1m^[22m[39m[31m[1m^
[22m[39m[31m[1m^[22
m[39m[31m[1m^[22m[3
9m[31m[1m^[22m[39m[
31m[1m^[22m[39m[31m
[1m^[22m[39m
 [90m 226 |[39m 
[36mvar[39m 
getNextListDepth 
[33m=[39m 
(typeOrName[33m,[39m 
state) [33m=>[39m {
 [90m 227 |[39m   
[36mconst[39m 
listItemPos [33m=[39m 
findListItemPos(typeOrNa
me[33m,[39m 
state)[33m;[39m
 [90m 228 |[39m   
[36mif[39m ([33m![39
mlistItemPos) {[0m



Import traces:
  Client Component 
Browser:
    ./node_modules/@tipt
ap/extension-list/dist/i
ndex.js [Client 
Component Browser]
    ./node_modules/@tipt
ap/starter-kit/dist/inde
x.js [Client Component 
Browser]
    ./src/components/Edi
tor.tsx [Client 
Component Browser]
    ./src/app/dashboard/
page.tsx [Client 
Component Browser]
    ./src/app/dashboard/
page.tsx [Server 
Component]

  Client Component SSR:
    ./node_modules/@tipt
ap/extension-list/dist/i
ndex.js [Client 
Component SSR]
    ./node_modules/@tipt
ap/starter-kit/dist/inde
x.js [Client Component 
SSR]
    ./src/components/Edi
tor.tsx [Client 
Component SSR]
    ./src/app/dashboard/
page.tsx [Client 
Component SSR]
    ./src/app/dashboard/
page.tsx [Server 
Component]

https://nextjs.org/docs/
messages/module-not-foun
d


./node_modules/@tiptap/e
xtension-list/dist/index
.js:236:1
Module not found: Can't 
resolve '@tiptap/core'
[0m [90m 234 |[39m
 [90m 235 |[39m 
[90m// src/keymap/listH
elpers/handleBackspace.t
s[39m
[31m[1m>[22m[39m[90
m 236 |[39m 
[36mimport[39m { isAtS
tartOfNode[33m,[39m 
isNodeActive } 
[36mfrom[39m [32m"@ti
ptap/core"[39m[33m;[3
9m
 [90m     |[39m [31m
[1m^[22m[39m[31m[1m^
[22m[39m[31m[1m^[22
m[39m[31m[1m^[22m[3
9m[31m[1m^[22m[39m[
31m[1m^[22m[39m[31m
[1m^[22m[39m[31m[1m^
[22m[39m[31m[1m^[22
m[39m[31m[1m^[22m[3
9m[31m[1m^[22m[39m[
31m[1m^[22m[39m[31m
[1m^[22m[39m[31m[1m^
[22m[39m[31m[1m^[22
m[39m[31m[1m^[22m[3
9m[31m[1m^[22m[39m[
31m[1m^[22m[39m[31m
[1m^[22m[39m[31m[1m^
[22m[39m[31m[1m^[22
m[39m[31m[1m^[22m[3
9m[31m[1m^[22m[39m[
31m[1m^[22m[39m[31m
[1m^[22m[39m[31m[1m^
[22m[39m[31m[1m^[22
m[39m[31m[1m^[22m[3
9m[31m[1m^[22m[39m[
31m[1m^[22m[39m[31m
[1m^[22m[39m[31m[1m^
[22m[39m[31m[1m^[22
m[39m[31m[1m^[22m[3
9m[31m[1m^[22m[39m[
31m[1m^[22m[39m[31m
[1m^[22m[39m[31m[1m^
[22m[39m[31m[1m^[22
m[39m[31m[1m^[22m[3
9m[31m[1m^[22m[39m[
31m[1m^[22m[39m[31m
[1m^[22m[39m[31m[1m^
[22m[39m[31m[1m^[22
m[39m[31m[1m^[22m[3
9m[31m[1m^[22m[39m[
31m[1m^[22m[39m[31m
[1m^[22m[39m[31m[1m^
[22m[39m[31m[1m^[22
m[39m[31m[1m^[22m[3
9m[31m[1m^[22m[39m[
31m[1m^[22m[39m[31m
[1m^[22m[39m[31m[1m^
[22m[39m[31m[1m^[22
m[39m[31m[1m^[22m[3
9m[31m[1m^[22m[39m[
31m[1m^[22m[39m[31m
[1m^[22m[39m
 [90m 237 |[39m
 [90m 238 |[39m 
[90m// src/keymap/listH
elpers/hasListBefore.ts
[39m
 [90m 239 |[39m 
[36mvar[39m 
hasListBefore 
[33m=[39m 
(editorState[33m,[39m 
name[33m,[39m 
parentListTypes) 
[33m=>[39m {[0m



Import traces:
  Client Component 
Browser:
    ./node_modules/@tipt
ap/extension-list/dist/i
ndex.js [Client 
Component Browser]
    ./node_modules/@tipt
ap/starter-kit/dist/inde
x.js [Client Component 
Browser]
    ./src/components/Edi
tor.tsx [Client 
Component Browser]
    ./src/app/dashboard/
page.tsx [Client 
Component Browser]
    ./src/app/dashboard/
page.tsx [Server 
Component]

  Client Component SSR:
    ./node_modules/@tipt
ap/extension-list/dist/i
ndex.js [Client 
Component SSR]
    ./node_modules/@tipt
ap/starter-kit/dist/inde
x.js [Client Component 
SSR]
    ./src/components/Edi
tor.tsx [Client 
Component SSR]
    ./src/app/dashboard/
page.tsx [Client 
Component SSR]
    ./src/app/dashboard/
page.tsx [Server 
Component]

https://nextjs.org/docs/
messages/module-not-foun
d


./node_modules/@tiptap/e
xtension-list/dist/index
.js:264:1
Module not found: Can't 
resolve '@tiptap/core'
[0m [90m 262 |[39m
 [90m 263 |[39m 
[90m// src/keymap/listH
elpers/listItemHasSubLis
t.ts[39m
[31m[1m>[22m[39m[90
m 264 |[39m 
[36mimport[39m { 
getNodeType 
[36mas[39m 
getNodeType2 } 
[36mfrom[39m [32m"@ti
ptap/core"[39m[33m;[3
9m
 [90m     |[39m [31m
[1m^[22m[39m[31m[1m^
[22m[39m[31m[1m^[22
m[39m[31m[1m^[22m[3
9m[31m[1m^[22m[39m[
31m[1m^[22m[39m[31m
[1m^[22m[39m[31m[1m^
[22m[39m[31m[1m^[22
m[39m[31m[1m^[22m[3
9m[31m[1m^[22m[39m[
31m[1m^[22m[39m[31m
[1m^[22m[39m[31m[1m^
[22m[39m[31m[1m^[22
m[39m[31m[1m^[22m[3
9m[31m[1m^[22m[39m[
31m[1m^[22m[39m[31m
[1m^[22m[39m[31m[1m^
[22m[39m[31m[1m^[22
m[39m[31m[1m^[22m[3
9m[31m[1m^[22m[39m[
31m[1m^[22m[39m[31m
[1m^[22m[39m[31m[1m^
[22m[39m[31m[1m^[22
m[39m[31m[1m^[22m[3
9m[31m[1m^[22m[39m[
31m[1m^[22m[39m[31m
[1m^[22m[39m[31m[1m^
[22m[39m[31m[1m^[22
m[39m[31m[1m^[22m[3
9m[31m[1m^[22m[39m[
31m[1m^[22m[39m[31m
[1m^[22m[39m[31m[1m^
[22m[39m[31m[1m^[22
m[39m[31m[1m^[22m[3
9m[31m[1m^[22m[39m[
31m[1m^[22m[39m[31m
[1m^[22m[39m[31m[1m^
[22m[39m[31m[1m^[22
m[39m[31m[1m^[22m[3
9m[31m[1m^[22m[39m[
31m[1m^[22m[39m[31m
[1m^[22m[39m[31m[1m^
[22m[39m[31m[1m^[22
m[39m[31m[1m^[22m[3
9m[31m[1m^[22m[39m[
31m[1m^[22m[39m[31m
[1m^[22m[39m[31m[1m^
[22m[39m[31m[1m^[22
m[39m[31m[1m^[22m[3
9m[31m[1m^[22m[39m
 [90m 265 |[39m 
[36mvar[39m 
listItemHasSubList 
[33m=[39m 
(typeOrName[33m,[39m 
state[33m,[39m node) 
[33m=>[39m {
 [90m 266 |[39m   
[36mif[39m 
([33m![39mnode) {
 [90m 267 |[39m     
[36mreturn[39m [36mfa
lse[39m[33m;[39m[0m



Import traces:
  Client Component 
Browser:
    ./node_modules/@tipt
ap/extension-list/dist/i
ndex.js [Client 
Component Browser]
    ./node_modules/@tipt
ap/starter-kit/dist/inde
x.js [Client Component 
Browser]
    ./src/components/Edi
tor.tsx [Client 
Component Browser]
    ./src/app/dashboard/
page.tsx [Client 
Component Browser]
    ./src/app/dashboard/
page.tsx [Server 
Component]

  Client Component SSR:
    ./node_modules/@tipt
ap/extension-list/dist/i
ndex.js [Client 
Component SSR]
    ./node_modules/@tipt
ap/starter-kit/dist/inde
x.js [Client Component 
SSR]
    ./src/components/Edi
tor.tsx [Client 
Component SSR]
    ./src/app/dashboard/
page.tsx [Client 
Component SSR]
    ./src/app/dashboard/
page.tsx [Server 
Component]

https://nextjs.org/docs/
messages/module-not-foun
d


./node_modules/@tiptap/e
xtension-list/dist/index
.js:323:1
Module not found: Can't 
resolve '@tiptap/core'
[0m [90m 321 |[39m
 [90m 322 |[39m 
[90m// src/keymap/listH
elpers/handleDelete.ts[
39m
[31m[1m>[22m[39m[90
m 323 |[39m 
[36mimport[39m { isAtE
ndOfNode[33m,[39m 
isNodeActive 
[36mas[39m 
isNodeActive2 } 
[36mfrom[39m [32m"@ti
ptap/core"[39m[33m;[3
9m
 [90m     |[39m [31m
[1m^[22m[39m[31m[1m^
[22m[39m[31m[1m^[22
m[39m[31m[1m^[22m[3
9m[31m[1m^[22m[39m[
31m[1m^[22m[39m[31m
[1m^[22m[39m[31m[1m^
[22m[39m[31m[1m^[22
m[39m[31m[1m^[22m[3
9m[31m[1m^[22m[39m[
31m[1m^[22m[39m[31m
[1m^[22m[39m[31m[1m^
[22m[39m[31m[1m^[22
m[39m[31m[1m^[22m[3
9m[31m[1m^[22m[39m[
31m[1m^[22m[39m[31m
[1m^[22m[39m[31m[1m^
[22m[39m[31m[1m^[22
m[39m[31m[1m^[22m[3
9m[31m[1m^[22m[39m[
31m[1m^[22m[39m[31m
[1m^[22m[39m[31m[1m^
[22m[39m[31m[1m^[22
m[39m[31m[1m^[22m[3
9m[31m[1m^[22m[39m[
31m[1m^[22m[39m[31m
[1m^[22m[39m[31m[1m^
[22m[39m[31m[1m^[22
m[39m[31m[1m^[22m[3
9m[31m[1m^[22m[39m[
31m[1m^[22m[39m[31m
[1m^[22m[39m[31m[1m^
[22m[39m[31m[1m^[22
m[39m[31m[1m^[22m[3
9m[31m[1m^[22m[39m[
31m[1m^[22m[39m[31m
[1m^[22m[39m[31m[1m^
[22m[39m[31m[1m^[22
m[39m[31m[1m^[22m[3
9m[31m[1m^[22m[39m[
31m[1m^[22m[39m[31m
[1m^[22m[39m[31m[1m^
[22m[39m[31m[1m^[22
m[39m[31m[1m^[22m[3
9m[31m[1m^[22m[39m[
31m[1m^[22m[39m[31m
[1m^[22m[39m[31m[1m^
[22m[39m[31m[1m^[22
m[39m[31m[1m^[22m[3
9m[31m[1m^[22m[39m[
31m[1m^[22m[39m[31m
[1m^[22m[39m[31m[1m^
[22m[39m[31m[1m^[22
m[39m[31m[1m^[22m[3
9m[31m[1m^[22m[39m[
31m[1m^[22m[39m[31m
[1m^[22m[39m[31m[1m^
[22m[39m[31m[1m^[22
m[39m[31m[1m^[22m[3
9m[31m[1m^[22m[39m[
31m[1m^[22m[39m[31m
[1m^[22m[39m[31m[1m^
[22m[39m[31m[1m^[22
m[39m[31m[1m^[22m[3
9m
 [90m 324 |[39m
 [90m 325 |[39m 
[90m// src/keymap/listH
elpers/nextListIsDeeper.
ts[39m
 [90m 326 |[39m 
[36mvar[39m 
nextListIsDeeper 
[33m=[39m 
(typeOrName[33m,[39m 
state) [33m=>[39m 
{[0m



Import traces:
  Client Component 
Browser:
    ./node_modules/@tipt
ap/extension-list/dist/i
ndex.js [Client 
Component Browser]
    ./node_modules/@tipt
ap/starter-kit/dist/inde
x.js [Client Component 
Browser]
    ./src/components/Edi
tor.tsx [Client 
Component Browser]
    ./src/app/dashboard/
page.tsx [Client 
Component Browser]
    ./src/app/dashboard/
page.tsx [Server 
Component]

  Client Component SSR:
    ./node_modules/@tipt
ap/extension-list/dist/i
ndex.js [Client 
Component SSR]
    ./node_modules/@tipt
ap/starter-kit/dist/inde
x.js [Client Component 
SSR]
    ./src/components/Edi
tor.tsx [Client 
Component SSR]
    ./src/app/dashboard/
page.tsx [Client 
Component SSR]
    ./src/app/dashboard/
page.tsx [Server 
Component]

https://nextjs.org/docs/
messages/module-not-foun
d


./node_modules/@tiptap/e
xtension-list/dist/index
.js:459:1
Module not found: Can't 
resolve '@tiptap/core'
[0m [90m 457 |[39m
 [90m 458 |[39m 
[90m// 
src/kit/index.ts[39m
[31m[1m>[22m[39m[90
m 459 |[39m 
[36mimport[39m { 
[33mExtension[39m 
[36mas[39m 
[33mExtension2[39m } 
[36mfrom[39m [32m"@ti
ptap/core"[39m[33m;[3
9m
 [90m     |[39m [31m
[1m^[22m[39m[31m[1m^
[22m[39m[31m[1m^[22
m[39m[31m[1m^[22m[3
9m[31m[1m^[22m[39m[
31m[1m^[22m[39m[31m
[1m^[22m[39m[31m[1m^
[22m[39m[31m[1m^[22
m[39m[31m[1m^[22m[3
9m[31m[1m^[22m[39m[
31m[1m^[22m[39m[31m
[1m^[22m[39m[31m[1m^
[22m[39m[31m[1m^[22
m[39m[31m[1m^[22m[3
9m[31m[1m^[22m[39m[
31m[1m^[22m[39m[31m
[1m^[22m[39m[31m[1m^
[22m[39m[31m[1m^[22
m[39m[31m[1m^[22m[3
9m[31m[1m^[22m[39m[
31m[1m^[22m[39m[31m
[1m^[22m[39m[31m[1m^
[22m[39m[31m[1m^[22
m[39m[31m[1m^[22m[3
9m[31m[1m^[22m[39m[
31m[1m^[22m[39m[31m
[1m^[22m[39m[31m[1m^
[22m[39m[31m[1m^[22
m[39m[31m[1m^[22m[3
9m[31m[1m^[22m[39m[
31m[1m^[22m[39m[31m
[1m^[22m[39m[31m[1m^
[22m[39m[31m[1m^[22
m[39m[31m[1m^[22m[3
9m[31m[1m^[22m[39m[
31m[1m^[22m[39m[31m
[1m^[22m[39m[31m[1m^
[22m[39m[31m[1m^[22
m[39m[31m[1m^[22m[3
9m[31m[1m^[22m[39m[
31m[1m^[22m[39m[31m
[1m^[22m[39m[31m[1m^
[22m[39m[31m[1m^[22
m[39m[31m[1m^[22m[3
9m[31m[1m^[22m[39m[
31m[1m^[22m[39m[31m
[1m^[22m[39m
 [90m 460 |[39m
 [90m 461 |[39m 
[90m// src/ordered-list
/ordered-list.ts[39m
 [90m 462 |[39m 
[36mimport[39m { 
mergeAttributes 
[36mas[39m mergeAttrib
utes3[33m,[39m 
[33mNode[39m 
[36mas[39m [33mNode3
[39m[33m,[39m 
wrappingInputRule 
[36mas[39m 
wrappingInputRule2 } 
[36mfrom[39m [32m"@ti
ptap/core"[39m[33m;[3
9m[0m



Import traces:
  Client Component 
Browser:
    ./node_modules/@tipt
ap/extension-list/dist/i
ndex.js [Client 
Component Browser]
    ./node_modules/@tipt
ap/starter-kit/dist/inde
x.js [Client Component 
Browser]
    ./src/components/Edi
tor.tsx [Client 
Component Browser]
    ./src/app/dashboard/
page.tsx [Client 
Component Browser]
    ./src/app/dashboard/
page.tsx [Server 
Component]

  Client Component SSR:
    ./node_modules/@tipt
ap/extension-list/dist/i
ndex.js [Client 
Component SSR]
    ./node_modules/@tipt
ap/starter-kit/dist/inde
x.js [Client Component 
SSR]
    ./src/components/Edi
tor.tsx [Client 
Component SSR]
    ./src/app/dashboard/
page.tsx [Client 
Component SSR]
    ./src/app/dashboard/
page.tsx [Server 
Component]

https://nextjs.org/docs/
messages/module-not-foun
d


./node_modules/@tiptap/e
xtension-list/dist/index
.js:462:1
Module not found: Can't 
resolve '@tiptap/core'
[0m [90m 460 |[39m
 [90m 461 |[39m 
[90m// src/ordered-list
/ordered-list.ts[39m
[31m[1m>[22m[39m[90
m 462 |[39m 
[36mimport[39m { 
mergeAttributes 
[36mas[39m mergeAttrib
utes3[33m,[39m 
[33mNode[39m 
[36mas[39m [33mNode3
[39m[33m,[39m 
wrappingInputRule 
[36mas[39m 
wrappingInputRule2 } 
[36mfrom[39m [32m"@ti
ptap/core"[39m[33m;[3
9m
 [90m     |[39m [31m
[1m^[22m[39m[31m[1m^
[22m[39m[31m[1m^[22
m[39m[31m[1m^[22m[3
9m[31m[1m^[22m[39m[
31m[1m^[22m[39m[31m
[1m^[22m[39m[31m[1m^
[22m[39m[31m[1m^[22
m[39m[31m[1m^[22m[3
9m[31m[1m^[22m[39m[
31m[1m^[22m[39m[31m
[1m^[22m[39m[31m[1m^
[22m[39m[31m[1m^[22
m[39m[31m[1m^[22m[3
9m[31m[1m^[22m[39m[
31m[1m^[22m[39m[31m
[1m^[22m[39m[31m[1m^
[22m[39m[31m[1m^[22
m[39m[31m[1m^[22m[3
9m[31m[1m^[22m[39m[
31m[1m^[22m[39m[31m
[1m^[22m[39m[31m[1m^
[22m[39m[31m[1m^[22
m[39m[31m[1m^[22m[3
9m[31m[1m^[22m[39m[
31m[1m^[22m[39m[31m
[1m^[22m[39m[31m[1m^
[22m[39m[31m[1m^[22
m[39m[31m[1m^[22m[3
9m[31m[1m^[22m[39m[
31m[1m^[22m[39m[31m
[1m^[22m[39m[31m[1m^
[22m[39m[31m[1m^[22
m[39m[31m[1m^[22m[3
9m[31m[1m^[22m[39m[
31m[1m^[22m[39m[31m
[1m^[22m[39m[31m[1m^
[22m[39m[31m[1m^[22
m[39m[31m[1m^[22m[3
9m[31m[1m^[22m[39m[
31m[1m^[22m[39m[31m
[1m^[22m[39m[31m[1m^
[22m[39m[31m[1m^[22
m[39m[31m[1m^[22m[3
9m[31m[1m^[22m[39m[
31m[1m^[22m[39m[31m
[1m^[22m[39m[31m[1m^
[22m[39m[31m[1m^[22
m[39m[31m[1m^[22m[3
9m[31m[1m^[22m[39m[
31m[1m^[22m[39m[31m
[1m^[22m[39m[31m[1m^
[22m[39m[31m[1m^[22
m[39m[31m[1m^[22m[3
9m[31m[1m^[22m[39m[
31m[1m^[22m[39m[31m
[1m^[22m[39m[31m[1m^
[22m[39m[31m[1m^[22
m[39m[31m[1m^[22m[3
9m[31m[1m^[22m[39m[
31m[1m^[22m[39m[31m
[1m^[22m[39m[31m[1m^
[22m[39m[31m[1m^[22
m[39m[31m[1m^[22m[3
9m[31m[1m^[22m[39m[
31m[1m^[22m[39m[31m
[1m^[22m[39m[31m[1m^
[22m[39m[31m[1m^[22
m[39m[31m[1m^[22m[3
9m[31m[1m^[22m[39m[
31m[1m^[22m[39m[31m
[1m^[22m[39m[31m[1m^
[22m[39m[31m[1m^[22
m[39m[31m[1m^[22m[3
9m[31m[1m^[22m[39m[
31m[1m^[22m[39m[31m
[1m^[22m[39m[31m[1m^
[22m[39m[31m[1m^[22
m[39m[31m[1m^[22m[3
9m[31m[1m^[22m[39m[
31m[1m^[22m[39m[31m
[1m^[22m[39m[31m[1m^
[22m[39m[31m[1m^[22
m[39m[31m[1m^[22m[3
9m[31m[1m^[22m[39m[
31m[1m^[22m[39m[31m
[1m^[22m[39m[31m[1m^
[22m[39m[31m[1m^[22
m[39m[31m[1m^[22m[3
9m[31m[1m^[22m[39m[
31m[1m^[22m[39m[31m
[1m^[22m[39m[31m[1m^
[22m[39m[31m[1m^[22
m[39m[31m[1m^[22m[3
9m[31m[1m^[22m[39m[
31m[1m^[22m[39m[31m
[1m^[22m[39m[31m[1m^
[22m[39m[31m[1m^[22
m[39m[31m[1m^[22m[3
9m[31m[1m^[22m[39m[
31m[1m^[22m[39m[31m
[1m^[22m[39m[31m[1m^
[22m[39m[31m[1m^[22
m[39m
 [90m 463 |[39m
 [90m 464 |[39m 
[90m// src/ordered-list
/utils.ts[39m
 [90m 465 |[39m 
[36mvar[39m [33mORDER
ED_LIST_ITEM_REGEX[39m 
[33m=[39m [35m/^(\s*)
(\d+)\.\s+(.*)$/[39m[3
3m;[39m[0m



Import traces:
  Client Component 
Browser:
    ./node_modules/@tipt
ap/extension-list/dist/i
ndex.js [Client 
Component Browser]
    ./node_modules/@tipt
ap/starter-kit/dist/inde
x.js [Client Component 
Browser]
    ./src/components/Edi
tor.tsx [Client 
Component Browser]
    ./src/app/dashboard/
page.tsx [Client 
Component Browser]
    ./src/app/dashboard/
page.tsx [Server 
Component]

  Client Component SSR:
    ./node_modules/@tipt
ap/extension-list/dist/i
ndex.js [Client 
Component SSR]
    ./node_modules/@tipt
ap/starter-kit/dist/inde
x.js [Client Component 
SSR]
    ./src/components/Edi
tor.tsx [Client 
Component SSR]
    ./src/app/dashboard/
page.tsx [Client 
Component SSR]
    ./src/app/dashboard/
page.tsx [Server 
Component]

https://nextjs.org/docs/
messages/module-not-foun
d


./node_modules/@tiptap/e
xtension-list/dist/index
.js:732:1
Module not found: Can't 
resolve '@tiptap/core'
[0m [90m 730 |[39m
 [90m 731 |[39m 
[90m// src/task-item/ta
sk-item.ts[39m
[31m[1m>[22m[39m[90
m 732 |[39m 
[36mimport[39m {
 [90m     |[39m [31m
[1m^[22m[39m[31m[1m^
[22m[39m[31m[1m^[22
m[39m[31m[1m^[22m[3
9m[31m[1m^[22m[39m[
31m[1m^[22m[39m[31m
[1m^[22m[39m[31m[1m^
[22m[39m
[31m[1m>[22m[39m[90
m 733 |[39m   getRender
edAttributes[33m,[39m
 [90m     |[39m [31m
[1m^[22m[39m[31m[1m^
[22m[39m[31m[1m^[22
m[39m[31m[1m^[22m[3
9m[31m[1m^[22m[39m[
31m[1m^[22m[39m[31m
[1m^[22m[39m[31m[1m^
[22m[39m[31m[1m^[22
m[39m[31m[1m^[22m[3
9m[31m[1m^[22m[39m[
31m[1m^[22m[39m[31m
[1m^[22m[39m[31m[1m^
[22m[39m[31m[1m^[22
m[39m[31m[1m^[22m[3
9m[31m[1m^[22m[39m[
31m[1m^[22m[39m[31m
[1m^[22m[39m[31m[1m^
[22m[39m[31m[1m^[22
m[39m[31m[1m^[22m[3
9m[31m[1m^[22m[39m[
31m[1m^[22m[39m
[31m[1m>[22m[39m[90
m 734 |[39m   
mergeAttributes 
[36mas[39m mergeAttrib
utes4[33m,[39m
 [90m     |[39m [31m
[1m^[22m[39m[31m[1m^
[22m[39m[31m[1m^[22
m[39m[31m[1m^[22m[3
9m[31m[1m^[22m[39m[
31m[1m^[22m[39m[31m
[1m^[22m[39m[31m[1m^
[22m[39m[31m[1m^[22
m[39m[31m[1m^[22m[3
9m[31m[1m^[22m[39m[
31m[1m^[22m[39m[31m
[1m^[22m[39m[31m[1m^
[22m[39m[31m[1m^[22
m[39m[31m[1m^[22m[3
9m[31m[1m^[22m[39m[
31m[1m^[22m[39m[31m
[1m^[22m[39m[31m[1m^
[22m[39m[31m[1m^[22
m[39m[31m[1m^[22m[3
9m[31m[1m^[22m[39m[
31m[1m^[22m[39m
[31m[1m>[22m[39m[90
m 735 |[39m   
[33mNode[39m 
[36mas[39m [33mNode4
[39m[33m,[39m
 [90m     |[39m [31m
[1m^[22m[39m[31m[1m^
[22m[39m[31m[1m^[22
m[39m[31m[1m^[22m[3
9m[31m[1m^[22m[39m[
31m[1m^[22m[39m[31m
[1m^[22m[39m[31m[1m^
[22m[39m[31m[1m^[22
m[39m[31m[1m^[22m[3
9m[31m[1m^[22m[39m[
31m[1m^[22m[39m[31m
[1m^[22m[39m[31m[1m^
[22m[39m[31m[1m^[22
m[39m[31m[1m^[22m[3
9m[31m[1m^[22m[39m[
31m[1m^[22m[39m[31m
[1m^[22m[39m[31m[1m^
[22m[39m[31m[1m^[22
m[39m[31m[1m^[22m[3
9m[31m[1m^[22m[39m[
31m[1m^[22m[39m
[31m[1m>[22m[39m[90
m 736 |[39m   renderNes
tedMarkdownContent 
[36mas[39m renderNeste
dMarkdownContent2[33m,
[39m
 [90m     |[39m [31m
[1m^[22m[39m[31m[1m^
[22m[39m[31m[1m^[22
m[39m[31m[1m^[22m[3
9m[31m[1m^[22m[39m[
31m[1m^[22m[39m[31m
[1m^[22m[39m[31m[1m^
[22m[39m[31m[1m^[22
m[39m[31m[1m^[22m[3
9m[31m[1m^[22m[39m[
31m[1m^[22m[39m[31m
[1m^[22m[39m[31m[1m^
[22m[39m[31m[1m^[22
m[39m[31m[1m^[22m[3
9m[31m[1m^[22m[39m[
31m[1m^[22m[39m[31m
[1m^[22m[39m[31m[1m^
[22m[39m[31m[1m^[22
m[39m[31m[1m^[22m[3
9m[31m[1m^[22m[39m[
31m[1m^[22m[39m
[31m[1m>[22m[39m[90
m 737 |[39m   
wrappingInputRule 
[36mas[39m 
wrappingInputRule3
 [90m     |[39m [31m
[1m^[22m[39m[31m[1m^
[22m[39m[31m[1m^[22
m[39m[31m[1m^[22m[3
9m[31m[1m^[22m[39m[
31m[1m^[22m[39m[31m
[1m^[22m[39m[31m[1m^
[22m[39m[31m[1m^[22
m[39m[31m[1m^[22m[3
9m[31m[1m^[22m[39m[
31m[1m^[22m[39m[31m
[1m^[22m[39m[31m[1m^
[22m[39m[31m[1m^[22
m[39m[31m[1m^[22m[3
9m[31m[1m^[22m[39m[
31m[1m^[22m[39m[31m
[1m^[22m[39m[31m[1m^
[22m[39m[31m[1m^[22
m[39m[31m[1m^[22m[3
9m[31m[1m^[22m[39m[
31m[1m^[22m[39m
[31m[1m>[22m[39m[90
m 738 |[39m } 
[36mfrom[39m [32m"@ti
ptap/core"[39m[33m;[3
9m
 [90m     |[39m [31m
[1m^[22m[39m[31m[1m^
[22m[39m[31m[1m^[22
m[39m[31m[1m^[22m[3
9m[31m[1m^[22m[39m[
31m[1m^[22m[39m[31m
[1m^[22m[39m[31m[1m^
[22m[39m[31m[1m^[22
m[39m[31m[1m^[22m[3
9m[31m[1m^[22m[39m[
31m[1m^[22m[39m[31m
[1m^[22m[39m[31m[1m^
[22m[39m[31m[1m^[22
m[39m[31m[1m^[22m[3
9m[31m[1m^[22m[39m[
31m[1m^[22m[39m[31m
[1m^[22m[39m[31m[1m^
[22m[39m[31m[1m^[22
m[39m[31m[1m^[22m[3
9m[31m[1m^[22m[39m
 [90m 739 |[39m 
[36mvar[39m 
inputRegex [33m=[39m 
[35m/^\s*(\[([( |x])?\]
)\s$/[39m[33m;[39m
 [90m 740 |[39m 
[36mvar[39m 
[33mTaskItem[39m 
[33m=[39m [33mNode4[
39m[33m.[39mcreate({
 [90m 741 |[39m   
name[33m:[39m [32m"ta
skItem"[39m[33m,[39m
[0m



Import traces:
  Client Component 
Browser:
    ./node_modules/@tipt
ap/extension-list/dist/i
ndex.js [Client 
Component Browser]
    ./node_modules/@tipt
ap/starter-kit/dist/inde
x.js [Client Component 
Browser]
    ./src/components/Edi
tor.tsx [Client 
Component Browser]
    ./src/app/dashboard/
page.tsx [Client 
Component Browser]
    ./src/app/dashboard/
page.tsx [Server 
Component]

  Client Component SSR:
    ./node_modules/@tipt
ap/extension-list/dist/i
ndex.js [Client 
Component SSR]
    ./node_modules/@tipt
ap/starter-kit/dist/inde
x.js [Client Component 
SSR]
    ./src/components/Edi
tor.tsx [Client 
Component SSR]
    ./src/app/dashboard/
page.tsx [Client 
Component SSR]
    ./src/app/dashboard/
page.tsx [Server 
Component]

https://nextjs.org/docs/
messages/module-not-foun
d


./node_modules/@tiptap/e
xtension-list/dist/index
.js:937:1
Module not found: Can't 
resolve '@tiptap/core'
[0m [90m 935 |[39m
 [90m 936 |[39m 
[90m// src/task-list/ta
sk-list.ts[39m
[31m[1m>[22m[39m[90
m 937 |[39m 
[36mimport[39m { 
mergeAttributes 
[36mas[39m mergeAttrib
utes5[33m,[39m 
[33mNode[39m 
[36mas[39m [33mNode5
[39m[33m,[39m 
parseIndentedBlocks } 
[36mfrom[39m [32m"@ti
ptap/core"[39m[33m;[3
9m
 [90m     |[39m [31m
[1m^[22m[39m[31m[1m^
[22m[39m[31m[1m^[22
m[39m[31m[1m^[22m[3
9m[31m[1m^[22m[39m[
31m[1m^[22m[39m[31m
[1m^[22m[39m[31m[1m^
[22m[39m[31m[1m^[22
m[39m[31m[1m^[22m[3
9m[31m[1m^[22m[39m[
31m[1m^[22m[39m[31m
[1m^[22m[39m[31m[1m^
[22m[39m[31m[1m^[22
m[39m[31m[1m^[22m[3
9m[31m[1m^[22m[39m[
31m[1m^[22m[39m[31m
[1m^[22m[39m[31m[1m^
[22m[39m[31m[1m^[22
m[39m[31m[1m^[22m[3
9m[31m[1m^[22m[39m[
31m[1m^[22m[39m[31m
[1m^[22m[39m[31m[1m^
[22m[39m[31m[1m^[22
m[39m[31m[1m^[22m[3
9m[31m[1m^[22m[39m[
31m[1m^[22m[39m[31m
[1m^[22m[39m[31m[1m^
[22m[39m[31m[1m^[22
m[39m[31m[1m^[22m[3
9m[31m[1m^[22m[39m[
31m[1m^[22m[39m[31m
[1m^[22m[39m[31m[1m^
[22m[39m[31m[1m^[22
m[39m[31m[1m^[22m[3
9m[31m[1m^[22m[39m[
31m[1m^[22m[39m[31m
[1m^[22m[39m[31m[1m^
[22m[39m[31m[1m^[22
m[39m[31m[1m^[22m[3
9m[31m[1m^[22m[39m[
31m[1m^[22m[39m[31m
[1m^[22m[39m[31m[1m^
[22m[39m[31m[1m^[22
m[39m[31m[1m^[22m[3
9m[31m[1m^[22m[39m[
31m[1m^[22m[39m[31m
[1m^[22m[39m[31m[1m^
[22m[39m[31m[1m^[22
m[39m[31m[1m^[22m[3
9m[31m[1m^[22m[39m[
31m[1m^[22m[39m[31m
[1m^[22m[39m[31m[1m^
[22m[39m[31m[1m^[22
m[39m[31m[1m^[22m[3
9m[31m[1m^[22m[39m[
31m[1m^[22m[39m[31m
[1m^[22m[39m[31m[1m^
[22m[39m[31m[1m^[22
m[39m[31m[1m^[22m[3
9m[31m[1m^[22m[39m[
31m[1m^[22m[39m[31m
[1m^[22m[39m[31m[1m^
[22m[39m[31m[1m^[22
m[39m[31m[1m^[22m[3
9m[31m[1m^[22m[39m[
31m[1m^[22m[39m[31m
[1m^[22m[39m[31m[1m^
[22m[39m[31m[1m^[22
m[39m[31m[1m^[22m[3
9m[31m[1m^[22m[39m[
31m[1m^[22m[39m[31m
[1m^[22m[39m[31m[1m^
[22m[39m[31m[1m^[22
m[39m[31m[1m^[22m[3
9m[31m[1m^[22m[39m[
31m[1m^[22m[39m[31m
[1m^[22m[39m[31m[1m^
[22m[39m[31m[1m^[22
m[39m[31m[1m^[22m[3
9m[31m[1m^[22m[39m[
31m[1m^[22m[39m[31m
[1m^[22m[39m[31m[1m^
[22m[39m[31m[1m^[22
m[39m[31m[1m^[22m[3
9m[31m[1m^[22m[39m[
31m[1m^[22m[39m[31m
[1m^[22m[39m
 [90m 938 |[39m 
[36mvar[39m 
[33mTaskList[39m 
[33m=[39m [33mNode5[
39m[33m.[39mcreate({
 [90m 939 |[39m   
name[33m:[39m [32m"ta
skList"[39m[33m,[39m
 [90m 940 |[39m   
addOptions() {[0m



Import traces:
  Client Component 
Browser:
    ./node_modules/@tipt
ap/extension-list/dist/i
ndex.js [Client 
Component Browser]
    ./node_modules/@tipt
ap/starter-kit/dist/inde
x.js [Client Component 
Browser]
    ./src/components/Edi
tor.tsx [Client 
Component Browser]
    ./src/app/dashboard/
page.tsx [Client 
Component Browser]
    ./src/app/dashboard/
page.tsx [Server 
Component]

  Client Component SSR:
    ./node_modules/@tipt
ap/extension-list/dist/i
ndex.js [Client 
Component SSR]
    ./node_modules/@tipt
ap/starter-kit/dist/inde
x.js [Client Component 
SSR]
    ./src/components/Edi
tor.tsx [Client 
Component SSR]
    ./src/app/dashboard/
page.tsx [Client 
Component SSR]
    ./src/app/dashboard/
page.tsx [Server 
Component]

https://nextjs.org/docs/
messages/module-not-foun
d


./node_modules/@tiptap/e
xtension-paragraph/dist/
index.js:2:1
Module not found: Can't 
resolve '@tiptap/core'
[0m [90m 1 |[39m 
[90m// 
src/paragraph.ts[39m
[31m[1m>[22m[39m[90
m 2 |[39m 
[36mimport[39m { merge
Attributes[33m,[39m 
[33mNode[39m } 
[36mfrom[39m [32m"@ti
ptap/core"[39m[33m;[3
9m
 [90m   |[39m [31m[1
m^[22m[39m[31m[1m^[
22m[39m[31m[1m^[22m
[39m[31m[1m^[22m[39m
[31m[1m^[22m[39m[31
m[1m^[22m[39m[31m[1
m^[22m[39m[31m[1m^[
22m[39m[31m[1m^[22m
[39m[31m[1m^[22m[39m
[31m[1m^[22m[39m[31
m[1m^[22m[39m[31m[1
m^[22m[39m[31m[1m^[
22m[39m[31m[1m^[22m
[39m[31m[1m^[22m[39m
[31m[1m^[22m[39m[31
m[1m^[22m[39m[31m[1
m^[22m[39m[31m[1m^[
22m[39m[31m[1m^[22m
[39m[31m[1m^[22m[39m
[31m[1m^[22m[39m[31
m[1m^[22m[39m[31m[1
m^[22m[39m[31m[1m^[
22m[39m[31m[1m^[22m
[39m[31m[1m^[22m[39m
[31m[1m^[22m[39m[31
m[1m^[22m[39m[31m[1
m^[22m[39m[31m[1m^[
22m[39m[31m[1m^[22m
[39m[31m[1m^[22m[39m
[31m[1m^[22m[39m[31
m[1m^[22m[39m[31m[1
m^[22m[39m[31m[1m^[
22m[39m[31m[1m^[22m
[39m[31m[1m^[22m[39m
[31m[1m^[22m[39m[31
m[1m^[22m[39m[31m[1
m^[22m[39m[31m[1m^[
22m[39m[31m[1m^[22m
[39m[31m[1m^[22m[39m
[31m[1m^[22m[39m[31
m[1m^[22m[39m[31m[1
m^[22m[39m[31m[1m^[
22m[39m[31m[1m^[22m
[39m[31m[1m^[22m[39m
[31m[1m^[22m[39m
 [90m 3 |[39m 
[36mvar[39m [33mEMPTY
_PARAGRAPH_MARKDOWN[39m
 [33m=[39m [32m"&nbsp
;"[39m[33m;[39m
 [90m 4 |[39m 
[36mvar[39m 
[33mNBSP_CHAR[39m 
[33m=[39m [32m"\xA0"
[39m[33m;[39m
 [90m 5 |[39m 
[36mvar[39m 
[33mParagraph[39m 
[33m=[39m [33mNode[3
9m[33m.[39mcreate({[0
m



Import traces:
  Client Component 
Browser:
    ./node_modules/@tipt
ap/extension-paragraph/d
ist/index.js [Client 
Component Browser]
    ./node_modules/@tipt
ap/starter-kit/dist/inde
x.js [Client Component 
Browser]
    ./src/components/Edi
tor.tsx [Client 
Component Browser]
    ./src/app/dashboard/
page.tsx [Client 
Component Browser]
    ./src/app/dashboard/
page.tsx [Server 
Component]

  Client Component SSR:
    ./node_modules/@tipt
ap/extension-paragraph/d
ist/index.js [Client 
Component SSR]
    ./node_modules/@tipt
ap/starter-kit/dist/inde
x.js [Client Component 
SSR]
    ./src/components/Edi
tor.tsx [Client 
Component SSR]
    ./src/app/dashboard/
page.tsx [Client 
Component SSR]
    ./src/app/dashboard/
page.tsx [Server 
Component]

https://nextjs.org/docs/
messages/module-not-foun
d


./node_modules/@tiptap/e
xtension-strike/dist/ind
ex.js:2:1
Module not found: Can't 
resolve '@tiptap/core'
[0m [90m 1 |[39m 
[90m// 
src/strike.ts[39m
[31m[1m>[22m[39m[90
m 2 |[39m 
[36mimport[39m { [33m
Mark[39m[33m,[39m mar
kInputRule[33m,[39m ma
rkPasteRule[33m,[39m 
mergeAttributes } 
[36mfrom[39m [32m"@ti
ptap/core"[39m[33m;[3
9m
 [90m   |[39m [31m[1
m^[22m[39m[31m[1m^[
22m[39m[31m[1m^[22m
[39m[31m[1m^[22m[39m
[31m[1m^[22m[39m[31
m[1m^[22m[39m[31m[1
m^[22m[39m[31m[1m^[
22m[39m[31m[1m^[22m
[39m[31m[1m^[22m[39m
[31m[1m^[22m[39m[31
m[1m^[22m[39m[31m[1
m^[22m[39m[31m[1m^[
22m[39m[31m[1m^[22m
[39m[31m[1m^[22m[39m
[31m[1m^[22m[39m[31
m[1m^[22m[39m[31m[1
m^[22m[39m[31m[1m^[
22m[39m[31m[1m^[22m
[39m[31m[1m^[22m[39m
[31m[1m^[22m[39m[31
m[1m^[22m[39m[31m[1
m^[22m[39m[31m[1m^[
22m[39m[31m[1m^[22m
[39m[31m[1m^[22m[39m
[31m[1m^[22m[39m[31
m[1m^[22m[39m[31m[1
m^[22m[39m[31m[1m^[
22m[39m[31m[1m^[22m
[39m[31m[1m^[22m[39m
[31m[1m^[22m[39m[31
m[1m^[22m[39m[31m[1
m^[22m[39m[31m[1m^[
22m[39m[31m[1m^[22m
[39m[31m[1m^[22m[39m
[31m[1m^[22m[39m[31
m[1m^[22m[39m[31m[1
m^[22m[39m[31m[1m^[
22m[39m[31m[1m^[22m
[39m[31m[1m^[22m[39m
[31m[1m^[22m[39m[31
m[1m^[22m[39m[31m[1
m^[22m[39m[31m[1m^[
22m[39m[31m[1m^[22m
[39m[31m[1m^[22m[39m
[31m[1m^[22m[39m[31
m[1m^[22m[39m[31m[1
m^[22m[39m[31m[1m^[
22m[39m[31m[1m^[22m
[39m[31m[1m^[22m[39m
[31m[1m^[22m[39m[31
m[1m^[22m[39m[31m[1
m^[22m[39m[31m[1m^[
22m[39m[31m[1m^[22m
[39m[31m[1m^[22m[39m
[31m[1m^[22m[39m[31
m[1m^[22m[39m[31m[1
m^[22m[39m[31m[1m^[
22m[39m[31m[1m^[22m
[39m[31m[1m^[22m[39m
[31m[1m^[22m[39m[31
m[1m^[22m[39m[31m[1
m^[22m[39m[31m[1m^[
22m[39m[31m[1m^[22m
[39m[31m[1m^[22m[39m
[31m[1m^[22m[39m[31
m[1m^[22m[39m[31m[1
m^[22m[39m[31m[1m^[
22m[39m[31m[1m^[22m
[39m[31m[1m^[22m[39m
[31m[1m^[22m[39m
 [90m 3 |[39m 
[36mvar[39m 
inputRegex [33m=[39m 
[35m/(?:^|\s)(~~(?!\s+~~
)((?:[^~]+))~~(?!\s+~~))
$/[39m[33m;[39m
 [90m 4 |[39m 
[36mvar[39m 
pasteRegex [33m=[39m 
[35m/(?:^|\s)(~~(?!\s+~~
)((?:[^~]+))~~(?!\s+~~))
/g[39m[33m;[39m
 [90m 5 |[39m 
[36mvar[39m 
[33mStrike[39m 
[33m=[39m [33mMark[3
9m[33m.[39mcreate({[0
m



Import traces:
  Client Component 
Browser:
    ./node_modules/@tipt
ap/extension-strike/dist
/index.js [Client 
Component Browser]
    ./node_modules/@tipt
ap/starter-kit/dist/inde
x.js [Client Component 
Browser]
    ./src/components/Edi
tor.tsx [Client 
Component Browser]
    ./src/app/dashboard/
page.tsx [Client 
Component Browser]
    ./src/app/dashboard/
page.tsx [Server 
Component]

  Client Component SSR:
    ./node_modules/@tipt
ap/extension-strike/dist
/index.js [Client 
Component SSR]
    ./node_modules/@tipt
ap/starter-kit/dist/inde
x.js [Client Component 
SSR]
    ./src/components/Edi
tor.tsx [Client 
Component SSR]
    ./src/app/dashboard/
page.tsx [Client 
Component SSR]
    ./src/app/dashboard/
page.tsx [Server 
Component]

https://nextjs.org/docs/
messages/module-not-foun
d


./node_modules/@tiptap/e
xtension-text/dist/index
.js:2:1
Module not found: Can't 
resolve '@tiptap/core'
[0m [90m 1 |[39m 
[90m// src/text.ts[39m
[31m[1m>[22m[39m[90
m 2 |[39m 
[36mimport[39m { 
[33mNode[39m } 
[36mfrom[39m [32m"@ti
ptap/core"[39m[33m;[3
9m
 [90m   |[39m [31m[1
m^[22m[39m[31m[1m^[
22m[39m[31m[1m^[22m
[39m[31m[1m^[22m[39m
[31m[1m^[22m[39m[31
m[1m^[22m[39m[31m[1
m^[22m[39m[31m[1m^[
22m[39m[31m[1m^[22m
[39m[31m[1m^[22m[39m
[31m[1m^[22m[39m[31
m[1m^[22m[39m[31m[1
m^[22m[39m[31m[1m^[
22m[39m[31m[1m^[22m
[39m[31m[1m^[22m[39m
[31m[1m^[22m[39m[31
m[1m^[22m[39m[31m[1
m^[22m[39m[31m[1m^[
22m[39m[31m[1m^[22m
[39m[31m[1m^[22m[39m
[31m[1m^[22m[39m[31
m[1m^[22m[39m[31m[1
m^[22m[39m[31m[1m^[
22m[39m[31m[1m^[22m
[39m[31m[1m^[22m[39m
[31m[1m^[22m[39m[31
m[1m^[22m[39m[31m[1
m^[22m[39m[31m[1m^[
22m[39m[31m[1m^[22m
[39m[31m[1m^[22m[39m
[31m[1m^[22m[39m[31
m[1m^[22m[39m
 [90m 3 |[39m 
[36mvar[39m 
[33mText[39m 
[33m=[39m [33mNode[3
9m[33m.[39mcreate({
 [90m 4 |[39m   
name[33m:[39m [32m"te
xt"[39m[33m,[39m
 [90m 5 |[39m   
group[33m:[39m [32m"i
nline"[39m[33m,[39m[
0m



Import traces:
  Client Component 
Browser:
    ./node_modules/@tipt
ap/extension-text/dist/i
ndex.js [Client 
Component Browser]
    ./node_modules/@tipt
ap/starter-kit/dist/inde
x.js [Client Component 
Browser]
    ./src/components/Edi
tor.tsx [Client 
Component Browser]
    ./src/app/dashboard/
page.tsx [Client 
Component Browser]
    ./src/app/dashboard/
page.tsx [Server 
Component]

  Client Component SSR:
    ./node_modules/@tipt
ap/extension-text/dist/i
ndex.js [Client 
Component SSR]
    ./node_modules/@tipt
ap/starter-kit/dist/inde
x.js [Client Component 
SSR]
    ./src/components/Edi
tor.tsx [Client 
Component SSR]
    ./src/app/dashboard/
page.tsx [Client 
Component SSR]
    ./src/app/dashboard/
page.tsx [Server 
Component]

https://nextjs.org/docs/
messages/module-not-foun
d


./node_modules/@tiptap/e
xtension-underline/dist/
index.js:2:1
Module not found: Can't 
resolve '@tiptap/core'
[0m [90m 1 |[39m 
[90m// 
src/underline.ts[39m
[31m[1m>[22m[39m[90
m 2 |[39m 
[36mimport[39m { [33m
Mark[39m[33m,[39m 
mergeAttributes } 
[36mfrom[39m [32m"@ti
ptap/core"[39m[33m;[3
9m
 [90m   |[39m [31m[1
m^[22m[39m[31m[1m^[
22m[39m[31m[1m^[22m
[39m[31m[1m^[22m[39m
[31m[1m^[22m[39m[31
m[1m^[22m[39m[31m[1
m^[22m[39m[31m[1m^[
22m[39m[31m[1m^[22m
[39m[31m[1m^[22m[39m
[31m[1m^[22m[39m[31
m[1m^[22m[39m[31m[1
m^[22m[39m[31m[1m^[
22m[39m[31m[1m^[22m
[39m[31m[1m^[22m[39m
[31m[1m^[22m[39m[31
m[1m^[22m[39m[31m[1
m^[22m[39m[31m[1m^[
22m[39m[31m[1m^[22m
[39m[31m[1m^[22m[39m
[31m[1m^[22m[39m[31
m[1m^[22m[39m[31m[1
m^[22m[39m[31m[1m^[
22m[39m[31m[1m^[22m
[39m[31m[1m^[22m[39m
[31m[1m^[22m[39m[31
m[1m^[22m[39m[31m[1
m^[22m[39m[31m[1m^[
22m[39m[31m[1m^[22m
[39m[31m[1m^[22m[39m
[31m[1m^[22m[39m[31
m[1m^[22m[39m[31m[1
m^[22m[39m[31m[1m^[
22m[39m[31m[1m^[22m
[39m[31m[1m^[22m[39m
[31m[1m^[22m[39m[31
m[1m^[22m[39m[31m[1
m^[22m[39m[31m[1m^[
22m[39m[31m[1m^[22m
[39m[31m[1m^[22m[39m
[31m[1m^[22m[39m[31
m[1m^[22m[39m[31m[1
m^[22m[39m[31m[1m^[
22m[39m[31m[1m^[22m
[39m[31m[1m^[22m[39m
[31m[1m^[22m[39m
 [90m 3 |[39m 
[36mvar[39m 
[33mUnderline[39m 
[33m=[39m [33mMark[3
9m[33m.[39mcreate({
 [90m 4 |[39m   
name[33m:[39m [32m"un
derline"[39m[33m,[39m
 [90m 5 |[39m   
addOptions() {[0m



Import traces:
  Client Component 
Browser:
    ./node_modules/@tipt
ap/extension-underline/d
ist/index.js [Client 
Component Browser]
    ./src/components/Edi
tor.tsx [Client 
Component Browser]
    ./src/app/dashboard/
page.tsx [Client 
Component Browser]
    ./src/app/dashboard/
page.tsx [Server 
Component]

  Client Component SSR:
    ./node_modules/@tipt
ap/extension-underline/d
ist/index.js [Client 
Component SSR]
    ./src/components/Edi
tor.tsx [Client 
Component SSR]
    ./src/app/dashboard/
page.tsx [Client 
Component SSR]
    ./src/app/dashboard/
page.tsx [Server 
Component]

https://nextjs.org/docs/
messages/module-not-foun
d


./node_modules/@tiptap/e
xtensions/dist/index.js:
2:1
Module not found: Can't 
resolve '@tiptap/core'
[0m [90m 1 |[39m 
[90m// src/character-co
unt/character-count.ts[
39m
[31m[1m>[22m[39m[90
m 2 |[39m 
[36mimport[39m { 
[33mExtension[39m } 
[36mfrom[39m [32m"@ti
ptap/core"[39m[33m;[3
9m
 [90m   |[39m [31m[1
m^[22m[39m[31m[1m^[
22m[39m[31m[1m^[22m
[39m[31m[1m^[22m[39m
[31m[1m^[22m[39m[31
m[1m^[22m[39m[31m[1
m^[22m[39m[31m[1m^[
22m[39m[31m[1m^[22m
[39m[31m[1m^[22m[39m
[31m[1m^[22m[39m[31
m[1m^[22m[39m[31m[1
m^[22m[39m[31m[1m^[
22m[39m[31m[1m^[22m
[39m[31m[1m^[22m[39m
[31m[1m^[22m[39m[31
m[1m^[22m[39m[31m[1
m^[22m[39m[31m[1m^[
22m[39m[31m[1m^[22m
[39m[31m[1m^[22m[39m
[31m[1m^[22m[39m[31
m[1m^[22m[39m[31m[1
m^[22m[39m[31m[1m^[
22m[39m[31m[1m^[22m
[39m[31m[1m^[22m[39m
[31m[1m^[22m[39m[31
m[1m^[22m[39m[31m[1
m^[22m[39m[31m[1m^[
22m[39m[31m[1m^[22m
[39m[31m[1m^[22m[39m
[31m[1m^[22m[39m[31
m[1m^[22m[39m[31m[1
m^[22m[39m[31m[1m^[
22m[39m[31m[1m^[22m
[39m[31m[1m^[22m[39m
[31m[1m^[22m[39m
 [90m 3 |[39m 
[36mimport[39m { [33m
Plugin[39m[33m,[39m 
[33mPluginKey[39m } 
[36mfrom[39m [32m"@ti
ptap/pm/state"[39m[33m
;[39m
 [90m 4 |[39m 
[36mvar[39m [33mChara
cterCount[39m 
[33m=[39m [33mExtensi
on[39m[33m.[39mcreate
({
 [90m 5 |[39m   
name[33m:[39m [32m"ch
aracterCount"[39m[33m,
[39m[0m



Import traces:
  Client Component 
Browser:
    ./node_modules/@tipt
ap/extensions/dist/index
.js [Client Component 
Browser]
    ./node_modules/@tipt
ap/extension-placeholder
/dist/index.js [Client 
Component Browser]
    ./src/components/Edi
tor.tsx [Client 
Component Browser]
    ./src/app/dashboard/
page.tsx [Client 
Component Browser]
    ./src/app/dashboard/
page.tsx [Server 
Component]

  Client Component SSR:
    ./node_modules/@tipt
ap/extensions/dist/index
.js [Client Component 
SSR]
    ./node_modules/@tipt
ap/extension-placeholder
/dist/index.js [Client 
Component SSR]
    ./src/components/Edi
tor.tsx [Client 
Component SSR]
    ./src/app/dashboard/
page.tsx [Client 
Component SSR]
    ./src/app/dashboard/
page.tsx [Server 
Component]

https://nextjs.org/docs/
messages/module-not-foun
d


./node_modules/@tiptap/e
xtensions/dist/index.js:
101:1
Module not found: Can't 
resolve '@tiptap/core'
[0m [90m  99 |[39m
 [90m 100 |[39m 
[90m// src/drop-cursor/
drop-cursor.ts[39m
[31m[1m>[22m[39m[90
m 101 |[39m 
[36mimport[39m { 
[33mExtension[39m 
[36mas[39m 
[33mExtension2[39m } 
[36mfrom[39m [32m"@ti
ptap/core"[39m[33m;[3
9m
 [90m     |[39m [31m
[1m^[22m[39m[31m[1m^
[22m[39m[31m[1m^[22
m[39m[31m[1m^[22m[3
9m[31m[1m^[22m[39m[
31m[1m^[22m[39m[31m
[1m^[22m[39m[31m[1m^
[22m[39m[31m[1m^[22
m[39m[31m[1m^[22m[3
9m[31m[1m^[22m[39m[
31m[1m^[22m[39m[31m
[1m^[22m[39m[31m[1m^
[22m[39m[31m[1m^[22
m[39m[31m[1m^[22m[3
9m[31m[1m^[22m[39m[
31m[1m^[22m[39m[31m
[1m^[22m[39m[31m[1m^
[22m[39m[31m[1m^[22
m[39m[31m[1m^[22m[3
9m[31m[1m^[22m[39m[
31m[1m^[22m[39m[31m
[1m^[22m[39m[31m[1m^
[22m[39m[31m[1m^[22
m[39m[31m[1m^[22m[3
9m[31m[1m^[22m[39m[
31m[1m^[22m[39m[31m
[1m^[22m[39m[31m[1m^
[22m[39m[31m[1m^[22
m[39m[31m[1m^[22m[3
9m[31m[1m^[22m[39m[
31m[1m^[22m[39m[31m
[1m^[22m[39m[31m[1m^
[22m[39m[31m[1m^[22
m[39m[31m[1m^[22m[3
9m[31m[1m^[22m[39m[
31m[1m^[22m[39m[31m
[1m^[22m[39m[31m[1m^
[22m[39m[31m[1m^[22
m[39m[31m[1m^[22m[3
9m[31m[1m^[22m[39m[
31m[1m^[22m[39m[31m
[1m^[22m[39m[31m[1m^
[22m[39m[31m[1m^[22
m[39m[31m[1m^[22m[3
9m[31m[1m^[22m[39m[
31m[1m^[22m[39m[31m
[1m^[22m[39m
 [90m 102 |[39m 
[36mimport[39m { 
dropCursor } 
[36mfrom[39m [32m"@ti
ptap/pm/dropcursor"[39m
[33m;[39m
 [90m 103 |[39m 
[36mvar[39m 
[33mDropcursor[39m 
[33m=[39m [33mExtensi
on2[39m[33m.[39mcreat
e({
 [90m 104 |[39m   
name[33m:[39m [32m"dr
opCursor"[39m[33m,[39
m[0m



Import traces:
  Client Component 
Browser:
    ./node_modules/@tipt
ap/extensions/dist/index
.js [Client Component 
Browser]
    ./node_modules/@tipt
ap/extension-placeholder
/dist/index.js [Client 
Component Browser]
    ./src/components/Edi
tor.tsx [Client 
Component Browser]
    ./src/app/dashboard/
page.tsx [Client 
Component Browser]
    ./src/app/dashboard/
page.tsx [Server 
Component]

  Client Component SSR:
    ./node_modules/@tipt
ap/extensions/dist/index
.js [Client Component 
SSR]
    ./node_modules/@tipt
ap/extension-placeholder
/dist/index.js [Client 
Component SSR]
    ./src/components/Edi
tor.tsx [Client 
Component SSR]
    ./src/app/dashboard/
page.tsx [Client 
Component SSR]
    ./src/app/dashboard/
page.tsx [Server 
Component]

https://nextjs.org/docs/
messages/module-not-foun
d


./node_modules/@tiptap/e
xtensions/dist/index.js:
118:1
Module not found: Can't 
resolve '@tiptap/core'
[0m [90m 116 |[39m
 [90m 117 |[39m 
[90m// 
src/focus/focus.ts[39m
[31m[1m>[22m[39m[90
m 118 |[39m 
[36mimport[39m { 
[33mExtension[39m 
[36mas[39m 
[33mExtension3[39m } 
[36mfrom[39m [32m"@ti
ptap/core"[39m[33m;[3
9m
 [90m     |[39m [31m
[1m^[22m[39m[31m[1m^
[22m[39m[31m[1m^[22
m[39m[31m[1m^[22m[3
9m[31m[1m^[22m[39m[
31m[1m^[22m[39m[31m
[1m^[22m[39m[31m[1m^
[22m[39m[31m[1m^[22
m[39m[31m[1m^[22m[3
9m[31m[1m^[22m[39m[
31m[1m^[22m[39m[31m
[1m^[22m[39m[31m[1m^
[22m[39m[31m[1m^[22
m[39m[31m[1m^[22m[3
9m[31m[1m^[22m[39m[
31m[1m^[22m[39m[31m
[1m^[22m[39m[31m[1m^
[22m[39m[31m[1m^[22
m[39m[31m[1m^[22m[3
9m[31m[1m^[22m[39m[
31m[1m^[22m[39m[31m
[1m^[22m[39m[31m[1m^
[22m[39m[31m[1m^[22
m[39m[31m[1m^[22m[3
9m[31m[1m^[22m[39m[
31m[1m^[22m[39m[31m
[1m^[22m[39m[31m[1m^
[22m[39m[31m[1m^[22
m[39m[31m[1m^[22m[3
9m[31m[1m^[22m[39m[
31m[1m^[22m[39m[31m
[1m^[22m[39m[31m[1m^
[22m[39m[31m[1m^[22
m[39m[31m[1m^[22m[3
9m[31m[1m^[22m[39m[
31m[1m^[22m[39m[31m
[1m^[22m[39m[31m[1m^
[22m[39m[31m[1m^[22
m[39m[31m[1m^[22m[3
9m[31m[1m^[22m[39m[
31m[1m^[22m[39m[31m
[1m^[22m[39m[31m[1m^
[22m[39m[31m[1m^[22
m[39m[31m[1m^[22m[3
9m[31m[1m^[22m[39m[
31m[1m^[22m[39m[31m
[1m^[22m[39m
 [90m 119 |[39m 
[36mimport[39m { 
[33mPlugin[39m 
[36mas[39m [33mPlugin
2[39m[33m,[39m 
[33mPluginKey[39m 
[36mas[39m 
[33mPluginKey2[39m } 
[36mfrom[39m [32m"@ti
ptap/pm/state"[39m[33m
;[39m
 [90m 120 |[39m 
[36mimport[39m { [33m
Decoration[39m[33m,[3
9m 
[33mDecorationSet[39m 
} [36mfrom[39m [32m"@
tiptap/pm/view"[39m[33
m;[39m
 [90m 121 |[39m 
[36mvar[39m 
[33mFocus[39m 
[33m=[39m [33mExtensi
on3[39m[33m.[39mcreat
e({[0m



Import traces:
  Client Component 
Browser:
    ./node_modules/@tipt
ap/extensions/dist/index
.js [Client Component 
Browser]
    ./node_modules/@tipt
ap/extension-placeholder
/dist/index.js [Client 
Component Browser]
    ./src/components/Edi
tor.tsx [Client 
Component Browser]
    ./src/app/dashboard/
page.tsx [Client 
Component Browser]
    ./src/app/dashboard/
page.tsx [Server 
Component]

  Client Component SSR:
    ./node_modules/@tipt
ap/extensions/dist/index
.js [Client Component 
SSR]
    ./node_modules/@tipt
ap/extension-placeholder
/dist/index.js [Client 
Component SSR]
    ./src/components/Edi
tor.tsx [Client 
Component SSR]
    ./src/app/dashboard/
page.tsx [Client 
Component SSR]
    ./src/app/dashboard/
page.tsx [Server 
Component]

https://nextjs.org/docs/
messages/module-not-foun
d


./node_modules/@tiptap/e
xtensions/dist/index.js:
183:1
Module not found: Can't 
resolve '@tiptap/core'
[0m [90m 181 |[39m
 [90m 182 |[39m 
[90m// src/gap-cursor/g
ap-cursor.ts[39m
[31m[1m>[22m[39m[90
m 183 |[39m 
[36mimport[39m { 
callOrReturn[33m,[39m 
[33mExtension[39m 
[36mas[39m [33mExtens
ion4[39m[33m,[39m 
getExtensionField } 
[36mfrom[39m [32m"@ti
ptap/core"[39m[33m;[3
9m
 [90m     |[39m [31m
[1m^[22m[39m[31m[1m^
[22m[39m[31m[1m^[22
m[39m[31m[1m^[22m[3
9m[31m[1m^[22m[39m[
31m[1m^[22m[39m[31m
[1m^[22m[39m[31m[1m^
[22m[39m[31m[1m^[22
m[39m[31m[1m^[22m[3
9m[31m[1m^[22m[39m[
31m[1m^[22m[39m[31m
[1m^[22m[39m[31m[1m^
[22m[39m[31m[1m^[22
m[39m[31m[1m^[22m[3
9m[31m[1m^[22m[39m[
31m[1m^[22m[39m[31m
[1m^[22m[39m[31m[1m^
[22m[39m[31m[1m^[22
m[39m[31m[1m^[22m[3
9m[31m[1m^[22m[39m[
31m[1m^[22m[39m[31m
[1m^[22m[39m[31m[1m^
[22m[39m[31m[1m^[22
m[39m[31m[1m^[22m[3
9m[31m[1m^[22m[39m[
31m[1m^[22m[39m[31m
[1m^[22m[39m[31m[1m^
[22m[39m[31m[1m^[22
m[39m[31m[1m^[22m[3
9m[31m[1m^[22m[39m[
31m[1m^[22m[39m[31m
[1m^[22m[39m[31m[1m^
[22m[39m[31m[1m^[22
m[39m[31m[1m^[22m[3
9m[31m[1m^[22m[39m[
31m[1m^[22m[39m[31m
[1m^[22m[39m[31m[1m^
[22m[39m[31m[1m^[22
m[39m[31m[1m^[22m[3
9m[31m[1m^[22m[39m[
31m[1m^[22m[39m[31m
[1m^[22m[39m[31m[1m^
[22m[39m[31m[1m^[22
m[39m[31m[1m^[22m[3
9m[31m[1m^[22m[39m[
31m[1m^[22m[39m[31m
[1m^[22m[39m[31m[1m^
[22m[39m[31m[1m^[22
m[39m[31m[1m^[22m[3
9m[31m[1m^[22m[39m[
31m[1m^[22m[39m[31m
[1m^[22m[39m[31m[1m^
[22m[39m[31m[1m^[22
m[39m[31m[1m^[22m[3
9m[31m[1m^[22m[39m[
31m[1m^[22m[39m[31m
[1m^[22m[39m[31m[1m^
[22m[39m[31m[1m^[22
m[39m[31m[1m^[22m[3
9m[31m[1m^[22m[39m[
31m[1m^[22m[39m[31m
[1m^[22m[39m[31m[1m^
[22m[39m[31m[1m^[22
m[39m[31m[1m^[22m[3
9m[31m[1m^[22m[39m[
31m[1m^[22m[39m[31m
[1m^[22m[39m[31m[1m^
[22m[39m[31m[1m^[22
m[39m[31m[1m^[22m[3
9m[31m[1m^[22m[39m[
31m[1m^[22m[39m[31m
[1m^[22m[39m[31m[1m^
[22m[39m[31m[1m^[22
m[39m[31m[1m^[22m[3
9m
 [90m 184 |[39m 
[36mimport[39m { 
gapCursor } 
[36mfrom[39m [32m"@ti
ptap/pm/gapcursor"[39m
[33m;[39m
 [90m 185 |[39m 
[36mvar[39m 
[33mGapcursor[39m 
[33m=[39m [33mExtensi
on4[39m[33m.[39mcreat
e({
 [90m 186 |[39m   
name[33m:[39m [32m"ga
pCursor"[39m[33m,[39m
[0m



Import traces:
  Client Component 
Browser:
    ./node_modules/@tipt
ap/extensions/dist/index
.js [Client Component 
Browser]
    ./node_modules/@tipt
ap/extension-placeholder
/dist/index.js [Client 
Component Browser]
    ./src/components/Edi
tor.tsx [Client 
Component Browser]
    ./src/app/dashboard/
page.tsx [Client 
Component Browser]
    ./src/app/dashboard/
page.tsx [Server 
Component]

  Client Component SSR:
    ./node_modules/@tipt
ap/extensions/dist/index
.js [Client Component 
SSR]
    ./node_modules/@tipt
ap/extension-placeholder
/dist/index.js [Client 
Component SSR]
    ./src/components/Edi
tor.tsx [Client 
Component SSR]
    ./src/app/dashboard/
page.tsx [Client 
Component SSR]
    ./src/app/dashboard/
page.tsx [Server 
Component]

https://nextjs.org/docs/
messages/module-not-foun
d


./node_modules/@tiptap/e
xtensions/dist/index.js:
204:1
Module not found: Can't 
resolve '@tiptap/core'
[0m [90m 202 |[39m
 [90m 203 |[39m 
[90m// src/placeholder/
placeholder.ts[39m
[31m[1m>[22m[39m[90
m 204 |[39m 
[36mimport[39m { 
[33mExtension[39m 
[36mas[39m [33mExtens
ion5[39m[33m,[39m 
isNodeEmpty } 
[36mfrom[39m [32m"@ti
ptap/core"[39m[33m;[3
9m
 [90m     |[39m [31m
[1m^[22m[39m[31m[1m^
[22m[39m[31m[1m^[22
m[39m[31m[1m^[22m[3
9m[31m[1m^[22m[39m[
31m[1m^[22m[39m[31m
[1m^[22m[39m[31m[1m^
[22m[39m[31m[1m^[22
m[39m[31m[1m^[22m[3
9m[31m[1m^[22m[39m[
31m[1m^[22m[39m[31m
[1m^[22m[39m[31m[1m^
[22m[39m[31m[1m^[22
m[39m[31m[1m^[22m[3
9m[31m[1m^[22m[39m[
31m[1m^[22m[39m[31m
[1m^[22m[39m[31m[1m^
[22m[39m[31m[1m^[22
m[39m[31m[1m^[22m[3
9m[31m[1m^[22m[39m[
31m[1m^[22m[39m[31m
[1m^[22m[39m[31m[1m^
[22m[39m[31m[1m^[22
m[39m[31m[1m^[22m[3
9m[31m[1m^[22m[39m[
31m[1m^[22m[39m[31m
[1m^[22m[39m[31m[1m^
[22m[39m[31m[1m^[22
m[39m[31m[1m^[22m[3
9m[31m[1m^[22m[39m[
31m[1m^[22m[39m[31m
[1m^[22m[39m[31m[1m^
[22m[39m[31m[1m^[22
m[39m[31m[1m^[22m[3
9m[31m[1m^[22m[39m[
31m[1m^[22m[39m[31m
[1m^[22m[39m[31m[1m^
[22m[39m[31m[1m^[22
m[39m[31m[1m^[22m[3
9m[31m[1m^[22m[39m[
31m[1m^[22m[39m[31m
[1m^[22m[39m[31m[1m^
[22m[39m[31m[1m^[22
m[39m[31m[1m^[22m[3
9m[31m[1m^[22m[39m[
31m[1m^[22m[39m[31m
[1m^[22m[39m[31m[1m^
[22m[39m[31m[1m^[22
m[39m[31m[1m^[22m[3
9m[31m[1m^[22m[39m[
31m[1m^[22m[39m[31m
[1m^[22m[39m[31m[1m^
[22m[39m[31m[1m^[22
m[39m[31m[1m^[22m[3
9m[31m[1m^[22m[39m[
31m[1m^[22m[39m[31m
[1m^[22m[39m[31m[1m^
[22m[39m
 [90m 205 |[39m 
[36mimport[39m { 
[33mPlugin[39m 
[36mas[39m [33mPlugin
3[39m[33m,[39m 
[33mPluginKey[39m 
[36mas[39m 
[33mPluginKey3[39m } 
[36mfrom[39m [32m"@ti
ptap/pm/state"[39m[33m
;[39m
 [90m 206 |[39m 
[36mimport[39m { 
[33mDecoration[39m 
[36mas[39m [33mDecora
tion2[39m[33m,[39m 
[33mDecorationSet[39m 
[36mas[39m [33mDecora
tionSet2[39m } 
[36mfrom[39m [32m"@ti
ptap/pm/view"[39m[33m;
[39m
 [90m 207 |[39m 
[36mvar[39m [33mDEFAU
LT_DATA_ATTRIBUTE[39m 
[33m=[39m [32m"placeh
older"[39m[33m;[39m[
0m



Import traces:
  Client Component 
Browser:
    ./node_modules/@tipt
ap/extensions/dist/index
.js [Client Component 
Browser]
    ./node_modules/@tipt
ap/extension-placeholder
/dist/index.js [Client 
Component Browser]
    ./src/components/Edi
tor.tsx [Client 
Component Browser]
    ./src/app/dashboard/
page.tsx [Client 
Component Browser]
    ./src/app/dashboard/
page.tsx [Server 
Component]

  Client Component SSR:
    ./node_modules/@tipt
ap/extensions/dist/index
.js [Client Component 
SSR]
    ./node_modules/@tipt
ap/extension-placeholder
/dist/index.js [Client 
Component SSR]
    ./src/components/Edi
tor.tsx [Client 
Component SSR]
    ./src/app/dashboard/
page.tsx [Client 
Component SSR]
    ./src/app/dashboard/
page.tsx [Server 
Component]

https://nextjs.org/docs/
messages/module-not-foun
d


./node_modules/@tiptap/e
xtensions/dist/index.js:
268:1
Module not found: Can't 
resolve '@tiptap/core'
[0m [90m 266 |[39m
 [90m 267 |[39m 
[90m// src/selection/se
lection.ts[39m
[31m[1m>[22m[39m[90
m 268 |[39m 
[36mimport[39m { 
[33mExtension[39m 
[36mas[39m [33mExtens
ion6[39m[33m,[39m 
isNodeSelection } 
[36mfrom[39m [32m"@ti
ptap/core"[39m[33m;[3
9m
 [90m     |[39m [31m
[1m^[22m[39m[31m[1m^
[22m[39m[31m[1m^[22
m[39m[31m[1m^[22m[3
9m[31m[1m^[22m[39m[
31m[1m^[22m[39m[31m
[1m^[22m[39m[31m[1m^
[22m[39m[31m[1m^[22
m[39m[31m[1m^[22m[3
9m[31m[1m^[22m[39m[
31m[1m^[22m[39m[31m
[1m^[22m[39m[31m[1m^
[22m[39m[31m[1m^[22
m[39m[31m[1m^[22m[3
9m[31m[1m^[22m[39m[
31m[1m^[22m[39m[31m
[1m^[22m[39m[31m[1m^
[22m[39m[31m[1m^[22
m[39m[31m[1m^[22m[3
9m[31m[1m^[22m[39m[
31m[1m^[22m[39m[31m
[1m^[22m[39m[31m[1m^
[22m[39m[31m[1m^[22
m[39m[31m[1m^[22m[3
9m[31m[1m^[22m[39m[
31m[1m^[22m[39m[31m
[1m^[22m[39m[31m[1m^
[22m[39m[31m[1m^[22
m[39m[31m[1m^[22m[3
9m[31m[1m^[22m[39m[
31m[1m^[22m[39m[31m
[1m^[22m[39m[31m[1m^
[22m[39m[31m[1m^[22
m[39m[31m[1m^[22m[3
9m[31m[1m^[22m[39m[
31m[1m^[22m[39m[31m
[1m^[22m[39m[31m[1m^
[22m[39m[31m[1m^[22
m[39m[31m[1m^[22m[3
9m[31m[1m^[22m[39m[
31m[1m^[22m[39m[31m
[1m^[22m[39m[31m[1m^
[22m[39m[31m[1m^[22
m[39m[31m[1m^[22m[3
9m[31m[1m^[22m[39m[
31m[1m^[22m[39m[31m
[1m^[22m[39m[31m[1m^
[22m[39m[31m[1m^[22
m[39m[31m[1m^[22m[3
9m[31m[1m^[22m[39m[
31m[1m^[22m[39m[31m
[1m^[22m[39m[31m[1m^
[22m[39m[31m[1m^[22
m[39m[31m[1m^[22m[3
9m[31m[1m^[22m[39m[
31m[1m^[22m[39m[31m
[1m^[22m[39m[31m[1m^
[22m[39m[31m[1m^[22
m[39m[31m[1m^[22m[3
9m[31m[1m^[22m[39m[
31m[1m^[22m[39m
 [90m 269 |[39m 
[36mimport[39m { 
[33mPlugin[39m 
[36mas[39m [33mPlugin
4[39m[33m,[39m 
[33mPluginKey[39m 
[36mas[39m 
[33mPluginKey4[39m } 
[36mfrom[39m [32m"@ti
ptap/pm/state"[39m[33m
;[39m
 [90m 270 |[39m 
[36mimport[39m { 
[33mDecoration[39m 
[36mas[39m [33mDecora
tion3[39m[33m,[39m 
[33mDecorationSet[39m 
[36mas[39m [33mDecora
tionSet3[39m } 
[36mfrom[39m [32m"@ti
ptap/pm/view"[39m[33m;
[39m
 [90m 271 |[39m 
[36mvar[39m 
[33mSelection[39m 
[33m=[39m [33mExtensi
on6[39m[33m.[39mcreat
e({[0m



Import traces:
  Client Component 
Browser:
    ./node_modules/@tipt
ap/extensions/dist/index
.js [Client Component 
Browser]
    ./node_modules/@tipt
ap/extension-placeholder
/dist/index.js [Client 
Component Browser]
    ./src/components/Edi
tor.tsx [Client 
Component Browser]
    ./src/app/dashboard/
page.tsx [Client 
Component Browser]
    ./src/app/dashboard/
page.tsx [Server 
Component]

  Client Component SSR:
    ./node_modules/@tipt
ap/extensions/dist/index
.js [Client Component 
SSR]
    ./node_modules/@tipt
ap/extension-placeholder
/dist/index.js [Client 
Component SSR]
    ./src/components/Edi
tor.tsx [Client 
Component SSR]
    ./src/app/dashboard/
page.tsx [Client 
Component SSR]
    ./src/app/dashboard/
page.tsx [Server 
Component]

https://nextjs.org/docs/
messages/module-not-foun
d


./node_modules/@tiptap/e
xtensions/dist/index.js:
301:1
Module not found: Can't 
resolve '@tiptap/core'
[0m [90m 299 |[39m
 [90m 300 |[39m 
[90m// src/trailing-nod
e/trailing-node.ts[39m
[31m[1m>[22m[39m[90
m 301 |[39m 
[36mimport[39m { 
[33mExtension[39m 
[36mas[39m 
[33mExtension7[39m } 
[36mfrom[39m [32m"@ti
ptap/core"[39m[33m;[3
9m
 [90m     |[39m [31m
[1m^[22m[39m[31m[1m^
[22m[39m[31m[1m^[22
m[39m[31m[1m^[22m[3
9m[31m[1m^[22m[39m[
31m[1m^[22m[39m[31m
[1m^[22m[39m[31m[1m^
[22m[39m[31m[1m^[22
m[39m[31m[1m^[22m[3
9m[31m[1m^[22m[39m[
31m[1m^[22m[39m[31m
[1m^[22m[39m[31m[1m^
[22m[39m[31m[1m^[22
m[39m[31m[1m^[22m[3
9m[31m[1m^[22m[39m[
31m[1m^[22m[39m[31m
[1m^[22m[39m[31m[1m^
[22m[39m[31m[1m^[22
m[39m[31m[1m^[22m[3
9m[31m[1m^[22m[39m[
31m[1m^[22m[39m[31m
[1m^[22m[39m[31m[1m^
[22m[39m[31m[1m^[22
m[39m[31m[1m^[22m[3
9m[31m[1m^[22m[39m[
31m[1m^[22m[39m[31m
[1m^[22m[39m[31m[1m^
[22m[39m[31m[1m^[22
m[39m[31m[1m^[22m[3
9m[31m[1m^[22m[39m[
31m[1m^[22m[39m[31m
[1m^[22m[39m[31m[1m^
[22m[39m[31m[1m^[22
m[39m[31m[1m^[22m[3
9m[31m[1m^[22m[39m[
31m[1m^[22m[39m[31m
[1m^[22m[39m[31m[1m^
[22m[39m[31m[1m^[22
m[39m[31m[1m^[22m[3
9m[31m[1m^[22m[39m[
31m[1m^[22m[39m[31m
[1m^[22m[39m[31m[1m^
[22m[39m[31m[1m^[22
m[39m[31m[1m^[22m[3
9m[31m[1m^[22m[39m[
31m[1m^[22m[39m[31m
[1m^[22m[39m
 [90m 302 |[39m 
[36mimport[39m { 
[33mPlugin[39m 
[36mas[39m [33mPlugin
5[39m[33m,[39m 
[33mPluginKey[39m 
[36mas[39m 
[33mPluginKey5[39m } 
[36mfrom[39m [32m"@ti
ptap/pm/state"[39m[33m
;[39m
 [90m 303 |[39m 
[36mfunction[39m 
nodeEqualsType({ 
types[33m,[39m node 
}) {
 [90m 304 |[39m   
[36mreturn[39m node 
[33m&&[39m [33mArray
[39m[33m.[39misArray(t
ypes) [33m&&[39m types
[33m.[39mincludes(node
[33m.[39mtype) 
[33m||[39m (node 
[33m==[39m 
[36mnull[39m 
[33m?[39m 
[36mvoid[39m 
[35m0[39m [33m:[39m 
node[33m.[39mtype) 
[33m===[39m 
types[33m;[39m[0m



Import traces:
  Client Component 
Browser:
    ./node_modules/@tipt
ap/extensions/dist/index
.js [Client Component 
Browser]
    ./node_modules/@tipt
ap/extension-placeholder
/dist/index.js [Client 
Component Browser]
    ./src/components/Edi
tor.tsx [Client 
Component Browser]
    ./src/app/dashboard/
page.tsx [Client 
Component Browser]
    ./src/app/dashboard/
page.tsx [Server 
Component]

  Client Component SSR:
    ./node_modules/@tipt
ap/extensions/dist/index
.js [Client Component 
SSR]
    ./node_modules/@tipt
ap/extension-placeholder
/dist/index.js [Client 
Component SSR]
    ./src/components/Edi
tor.tsx [Client 
Component SSR]
    ./src/app/dashboard/
page.tsx [Client 
Component SSR]
    ./src/app/dashboard/
page.tsx [Server 
Component]

https://nextjs.org/docs/
messages/module-not-foun
d


./node_modules/@tiptap/e
xtensions/dist/index.js:
354:1
Module not found: Can't 
resolve '@tiptap/core'
[0m [90m 352 |[39m
 [90m 353 |[39m 
[90m// src/undo-redo/un
do-redo.ts[39m
[31m[1m>[22m[39m[90
m 354 |[39m 
[36mimport[39m { 
[33mExtension[39m 
[36mas[39m 
[33mExtension8[39m } 
[36mfrom[39m [32m"@ti
ptap/core"[39m[33m;[3
9m
 [90m     |[39m [31m
[1m^[22m[39m[31m[1m^
[22m[39m[31m[1m^[22
m[39m[31m[1m^[22m[3
9m[31m[1m^[22m[39m[
31m[1m^[22m[39m[31m
[1m^[22m[39m[31m[1m^
[22m[39m[31m[1m^[22
m[39m[31m[1m^[22m[3
9m[31m[1m^[22m[39m[
31m[1m^[22m[39m[31m
[1m^[22m[39m[31m[1m^
[22m[39m[31m[1m^[22
m[39m[31m[1m^[22m[3
9m[31m[1m^[22m[39m[
31m[1m^[22m[39m[31m
[1m^[22m[39m[31m[1m^
[22m[39m[31m[1m^[22
m[39m[31m[1m^[22m[3
9m[31m[1m^[22m[39m[
31m[1m^[22m[39m[31m
[1m^[22m[39m[31m[1m^
[22m[39m[31m[1m^[22
m[39m[31m[1m^[22m[3
9m[31m[1m^[22m[39m[
31m[1m^[22m[39m[31m
[1m^[22m[39m[31m[1m^
[22m[39m[31m[1m^[22
m[39m[31m[1m^[22m[3
9m[31m[1m^[22m[39m[
31m[1m^[22m[39m[31m
[1m^[22m[39m[31m[1m^
[22m[39m[31m[1m^[22
m[39m[31m[1m^[22m[3
9m[31m[1m^[22m[39m[
31m[1m^[22m[39m[31m
[1m^[22m[39m[31m[1m^
[22m[39m[31m[1m^[22
m[39m[31m[1m^[22m[3
9m[31m[1m^[22m[39m[
31m[1m^[22m[39m[31m
[1m^[22m[39m[31m[1m^
[22m[39m[31m[1m^[22
m[39m[31m[1m^[22m[3
9m[31m[1m^[22m[39m[
31m[1m^[22m[39m[31m
[1m^[22m[39m
 [90m 355 |[39m 
[36mimport[39m { 
history[33m,[39m 
redo[33m,[39m undo } 
[36mfrom[39m [32m"@ti
ptap/pm/history"[39m[3
3m;[39m
 [90m 356 |[39m 
[36mvar[39m 
[33mUndoRedo[39m 
[33m=[39m [33mExtensi
on8[39m[33m.[39mcreat
e({
 [90m 357 |[39m   
name[33m:[39m [32m"un
doRedo"[39m[33m,[39m
[0m



Import traces:
  Client Component 
Browser:
    ./node_modules/@tipt
ap/extensions/dist/index
.js [Client Component 
Browser]
    ./node_modules/@tipt
ap/extension-placeholder
/dist/index.js [Client 
Component Browser]
    ./src/components/Edi
tor.tsx [Client 
Component Browser]
    ./src/app/dashboard/
page.tsx [Client 
Component Browser]
    ./src/app/dashboard/
page.tsx [Server 
Component]

  Client Component SSR:
    ./node_modules/@tipt
ap/extensions/dist/index
.js [Client Component 
SSR]
    ./node_modules/@tipt
ap/extension-placeholder
/dist/index.js [Client 
Component SSR]
    ./src/components/Edi
tor.tsx [Client 
Component SSR]
    ./src/app/dashboard/
page.tsx [Client 
Component SSR]
    ./src/app/dashboard/
page.tsx [Server 
Component]

https://nextjs.org/docs/
messages/module-not-foun
d


./node_modules/@tiptap/r
eact/dist/index.js:168:1
Module not found: Can't 
resolve '@tiptap/core'
[0m [90m 166 |[39m
 [90m 167 |[39m 
[90m// 
src/useEditor.ts[39m
[31m[1m>[22m[39m[90
m 168 |[39m 
[36mimport[39m { 
[33mEditor[39m } 
[36mfrom[39m [32m"@ti
ptap/core"[39m[33m;[3
9m
 [90m     |[39m [31m
[1m^[22m[39m[31m[1m^
[22m[39m[31m[1m^[22
m[39m[31m[1m^[22m[3
9m[31m[1m^[22m[39m[
31m[1m^[22m[39m[31m
[1m^[22m[39m[31m[1m^
[22m[39m[31m[1m^[22
m[39m[31m[1m^[22m[3
9m[31m[1m^[22m[39m[
31m[1m^[22m[39m[31m
[1m^[22m[39m[31m[1m^
[22m[39m[31m[1m^[22
m[39m[31m[1m^[22m[3
9m[31m[1m^[22m[39m[
31m[1m^[22m[39m[31m
[1m^[22m[39m[31m[1m^
[22m[39m[31m[1m^[22
m[39m[31m[1m^[22m[3
9m[31m[1m^[22m[39m[
31m[1m^[22m[39m[31m
[1m^[22m[39m[31m[1m^
[22m[39m[31m[1m^[22
m[39m[31m[1m^[22m[3
9m[31m[1m^[22m[39m[
31m[1m^[22m[39m[31m
[1m^[22m[39m[31m[1m^
[22m[39m[31m[1m^[22
m[39m[31m[1m^[22m[3
9m[31m[1m^[22m[39m[
31m[1m^[22m[39m[31m
[1m^[22m[39m[31m[1m^
[22m[39m
 [90m 169 |[39m 
[36mimport[39m { 
useDebugValue 
[36mas[39m useDebugVal
ue2[33m,[39m 
useEffect [36mas[39m 
useEffect2[33m,[39m 
useRef[33m,[39m 
useState [36mas[39m 
useState2 } 
[36mfrom[39m [32m"rea
ct"[39m[33m;[39m
 [90m 170 |[39m 
[36mimport[39m { 
useSyncExternalStore 
[36mas[39m 
useSyncExternalStore2 } 
[36mfrom[39m [32m"use
-sync-external-store/shi
m/index.js"[39m[33m;[
39m
 [90m 171 |[39m[0m



Import traces:
  Client Component 
Browser:
    ./node_modules/@tipt
ap/react/dist/index.js 
[Client Component 
Browser]
    ./src/components/Edi
tor.tsx [Client 
Component Browser]
    ./src/app/dashboard/
page.tsx [Client 
Component Browser]
    ./src/app/dashboard/
page.tsx [Server 
Component]

  Client Component SSR:
    ./node_modules/@tipt
ap/react/dist/index.js 
[Client Component SSR]
    ./src/components/Edi
tor.tsx [Client 
Component SSR]
    ./src/app/dashboard/
page.tsx [Client 
Component SSR]
    ./src/app/dashboard/
page.tsx [Server 
Component]

https://nextjs.org/docs/
messages/module-not-foun
d


./node_modules/@tiptap/r
eact/dist/index.js:618:1
Module not found: Can't 
resolve '@tiptap/core'
[0m [90m 616 |[39m
 [90m 617 |[39m 
[90m// src/ReactMarkVie
wRenderer.tsx[39m
[31m[1m>[22m[39m[90
m 618 |[39m 
[36mimport[39m { 
[33mMarkView[39m } 
[36mfrom[39m [32m"@ti
ptap/core"[39m[33m;[3
9m
 [90m     |[39m [31m
[1m^[22m[39m[31m[1m^
[22m[39m[31m[1m^[22
m[39m[31m[1m^[22m[3
9m[31m[1m^[22m[39m[
31m[1m^[22m[39m[31m
[1m^[22m[39m[31m[1m^
[22m[39m[31m[1m^[22
m[39m[31m[1m^[22m[3
9m[31m[1m^[22m[39m[
31m[1m^[22m[39m[31m
[1m^[22m[39m[31m[1m^
[22m[39m[31m[1m^[22
m[39m[31m[1m^[22m[3
9m[31m[1m^[22m[39m[
31m[1m^[22m[39m[31m
[1m^[22m[39m[31m[1m^
[22m[39m[31m[1m^[22
m[39m[31m[1m^[22m[3
9m[31m[1m^[22m[39m[
31m[1m^[22m[39m[31m
[1m^[22m[39m[31m[1m^
[22m[39m[31m[1m^[22
m[39m[31m[1m^[22m[3
9m[31m[1m^[22m[39m[
31m[1m^[22m[39m[31m
[1m^[22m[39m[31m[1m^
[22m[39m[31m[1m^[22
m[39m[31m[1m^[22m[3
9m[31m[1m^[22m[39m[
31m[1m^[22m[39m[31m
[1m^[22m[39m[31m[1m^
[22m[39m[31m[1m^[22
m[39m[31m[1m^[22m[3
9m
 [90m 619 |[39m 
[36mimport[39m 
[33mReact4[39m 
[36mfrom[39m [32m"rea
ct"[39m[33m;[39m
 [90m 620 |[39m
 [90m 621 |[39m 
[90m// src/ReactRendere
r.tsx[39m[0m



Import traces:
  Client Component 
Browser:
    ./node_modules/@tipt
ap/react/dist/index.js 
[Client Component 
Browser]
    ./src/components/Edi
tor.tsx [Client 
Component Browser]
    ./src/app/dashboard/
page.tsx [Client 
Component Browser]
    ./src/app/dashboard/
page.tsx [Server 
Component]

  Client Component SSR:
    ./node_modules/@tipt
ap/react/dist/index.js 
[Client Component SSR]
    ./src/components/Edi
tor.tsx [Client 
Component SSR]
    ./src/app/dashboard/
page.tsx [Client 
Component SSR]
    ./src/app/dashboard/
page.tsx [Server 
Component]

https://nextjs.org/docs/
messages/module-not-foun
d


./node_modules/@tiptap/r
eact/dist/index.js:808:1
Module not found: Can't 
resolve '@tiptap/core'
[0m [90m 806 |[39m
 [90m 807 |[39m 
[90m// src/ReactNodeVie
wRenderer.tsx[39m
[31m[1m>[22m[39m[90
m 808 |[39m 
[36mimport[39m { getRe
nderedAttributes[33m,[
39m [33mNodeView[39m 
} [36mfrom[39m [32m"@
tiptap/core"[39m[33m;
[39m
 [90m     |[39m [31m
[1m^[22m[39m[31m[1m^
[22m[39m[31m[1m^[22
m[39m[31m[1m^[22m[3
9m[31m[1m^[22m[39m[
31m[1m^[22m[39m[31m
[1m^[22m[39m[31m[1m^
[22m[39m[31m[1m^[22
m[39m[31m[1m^[22m[3
9m[31m[1m^[22m[39m[
31m[1m^[22m[39m[31m
[1m^[22m[39m[31m[1m^
[22m[39m[31m[1m^[22
m[39m[31m[1m^[22m[3
9m[31m[1m^[22m[39m[
31m[1m^[22m[39m[31m
[1m^[22m[39m[31m[1m^
[22m[39m[31m[1m^[22
m[39m[31m[1m^[22m[3
9m[31m[1m^[22m[39m[
31m[1m^[22m[39m[31m
[1m^[22m[39m[31m[1m^
[22m[39m[31m[1m^[22
m[39m[31m[1m^[22m[3
9m[31m[1m^[22m[39m[
31m[1m^[22m[39m[31m
[1m^[22m[39m[31m[1m^
[22m[39m[31m[1m^[22
m[39m[31m[1m^[22m[3
9m[31m[1m^[22m[39m[
31m[1m^[22m[39m[31m
[1m^[22m[39m[31m[1m^
[22m[39m[31m[1m^[22
m[39m[31m[1m^[22m[3
9m[31m[1m^[22m[39m[
31m[1m^[22m[39m[31m
[1m^[22m[39m[31m[1m^
[22m[39m[31m[1m^[22
m[39m[31m[1m^[22m[3
9m[31m[1m^[22m[39m[
31m[1m^[22m[39m[31m
[1m^[22m[39m[31m[1m^
[22m[39m[31m[1m^[22
m[39m[31m[1m^[22m[3
9m[31m[1m^[22m[39m[
31m[1m^[22m[39m[31m
[1m^[22m[39m[31m[1m^
[22m[39m[31m[1m^[22
m[39m[31m[1m^[22m[3
9m[31m[1m^[22m[39m[
31m[1m^[22m[39m[31m
[1m^[22m[39m[31m[1m^
[22m[39m[31m[1m^[22
m[39m
 [90m 809 |[39m 
[36mimport[39m { 
createElement 
[36mas[39m createEleme
nt2[33m,[39m 
createRef[33m,[39m 
memo } [36mfrom[39m [
32m"react"[39m[33m;[3
9m
 [90m 810 |[39m 
[36mimport[39m { jsx 
[36mas[39m jsx7 } 
[36mfrom[39m [32m"rea
ct/jsx-runtime"[39m[33
m;[39m
 [90m 811 |[39m 
[36mvar[39m 
[33mReactNodeView[39m 
[33m=[39m 
[36mclass[39m 
[36mextends[39m 
[33mNodeView[39m {[0m



Import traces:
  Client Component 
Browser:
    ./node_modules/@tipt
ap/react/dist/index.js 
[Client Component 
Browser]
    ./src/components/Edi
tor.tsx [Client 
Component Browser]
    ./src/app/dashboard/
page.tsx [Client 
Component Browser]
    ./src/app/dashboard/
page.tsx [Server 
Component]

  Client Component SSR:
    ./node_modules/@tipt
ap/react/dist/index.js 
[Client Component SSR]
    ./src/components/Edi
tor.tsx [Client 
Component SSR]
    ./src/app/dashboard/
page.tsx [Client 
Component SSR]
    ./src/app/dashboard/
page.tsx [Server 
Component]

https://nextjs.org/docs/
messages/module-not-foun
d


./node_modules/@tiptap/r
eact/dist/index.js:1102:
1
Module not found: Can't 
resolve '@tiptap/core'
[0m [90m 1100 |[39m
 [90m 1101 |[39m 
[90m// 
src/index.ts[39m
[31m[1m>[22m[39m[90
m 1102 |[39m 
[36mexport[39m 
[33m*[39m 
[36mfrom[39m [32m"@ti
ptap/core"[39m[33m;[3
9m
 [90m      |[39m [31m
[1m^[22m[39m[31m[1m
^[22m[39m[31m[1m^[2
2m[39m[31m[1m^[22m[
39m[31m[1m^[22m[39m
[31m[1m^[22m[39m[31m
[1m^[22m[39m[31m[1m
^[22m[39m[31m[1m^[2
2m[39m[31m[1m^[22m[
39m[31m[1m^[22m[39m
[31m[1m^[22m[39m[31m
[1m^[22m[39m[31m[1m
^[22m[39m[31m[1m^[2
2m[39m[31m[1m^[22m[
39m[31m[1m^[22m[39m
[31m[1m^[22m[39m[31m
[1m^[22m[39m[31m[1m
^[22m[39m[31m[1m^[2
2m[39m[31m[1m^[22m[
39m[31m[1m^[22m[39m
[31m[1m^[22m[39m[31m
[1m^[22m[39m[31m[1m
^[22m[39m[31m[1m^[2
2m[39m[31m[1m^[22m[
39m[31m[1m^[22m[39m
 [90m 1103 |[39m 
[36mexport[39m {
 [90m 1104 |[39m   [3
3mEditorConsumer[39m[3
3m,[39m
 [90m 1105 |[39m   [3
3mEditorContent[39m[33
m,[39m[0m



Import traces:
  Client Component 
Browser:
    ./node_modules/@tipt
ap/react/dist/index.js 
[Client Component 
Browser]
    ./src/components/Edi
tor.tsx [Client 
Component Browser]
    ./src/app/dashboard/
page.tsx [Client 
Component Browser]
    ./src/app/dashboard/
page.tsx [Server 
Component]

  Client Component SSR:
    ./node_modules/@tipt
ap/react/dist/index.js 
[Client Component SSR]
    ./src/components/Edi
tor.tsx [Client 
Component SSR]
    ./src/app/dashboard/
page.tsx [Client 
Component SSR]
    ./src/app/dashboard/
page.tsx [Server 
Component]

https://nextjs.org/docs/
messages/module-not-foun
d


./node_modules/@tiptap/s
tarter-kit/dist/index.js
:2:1
Module not found: Can't 
resolve '@tiptap/core'
[0m [90m 1 |[39m 
[90m// 
src/starter-kit.ts[39m
[31m[1m>[22m[39m[90
m 2 |[39m 
[36mimport[39m { 
[33mExtension[39m } 
[36mfrom[39m [32m"@ti
ptap/core"[39m[33m;[3
9m
 [90m   |[39m [31m[1
m^[22m[39m[31m[1m^[
22m[39m[31m[1m^[22m
[39m[31m[1m^[22m[39m
[31m[1m^[22m[39m[31
m[1m^[22m[39m[31m[1
m^[22m[39m[31m[1m^[
22m[39m[31m[1m^[22m
[39m[31m[1m^[22m[39m
[31m[1m^[22m[39m[31
m[1m^[22m[39m[31m[1
m^[22m[39m[31m[1m^[
22m[39m[31m[1m^[22m
[39m[31m[1m^[22m[39m
[31m[1m^[22m[39m[31
m[1m^[22m[39m[31m[1
m^[22m[39m[31m[1m^[
22m[39m[31m[1m^[22m
[39m[31m[1m^[22m[39m
[31m[1m^[22m[39m[31
m[1m^[22m[39m[31m[1
m^[22m[39m[31m[1m^[
22m[39m[31m[1m^[22m
[39m[31m[1m^[22m[39m
[31m[1m^[22m[39m[31
m[1m^[22m[39m[31m[1
m^[22m[39m[31m[1m^[
22m[39m[31m[1m^[22m
[39m[31m[1m^[22m[39m
[31m[1m^[22m[39m[31
m[1m^[22m[39m[31m[1
m^[22m[39m[31m[1m^[
22m[39m[31m[1m^[22m
[39m[31m[1m^[22m[39m
[31m[1m^[22m[39m
 [90m 3 |[39m 
[36mimport[39m { 
[33mBlockquote[39m } 
[36mfrom[39m [32m"@ti
ptap/extension-blockquot
e"[39m[33m;[39m
 [90m 4 |[39m 
[36mimport[39m { 
[33mBold[39m } 
[36mfrom[39m [32m"@ti
ptap/extension-bold"[39
m[33m;[39m
 [90m 5 |[39m 
[36mimport[39m { 
[33mCode[39m } 
[36mfrom[39m [32m"@ti
ptap/extension-code"[39
m[33m;[39m[0m



Import traces:
  Client Component 
Browser:
    ./node_modules/@tipt
ap/starter-kit/dist/inde
x.js [Client Component 
Browser]
    ./src/components/Edi
tor.tsx [Client 
Component Browser]
    ./src/app/dashboard/
page.tsx [Client 
Component Browser]
    ./src/app/dashboard/
page.tsx [Server 
Component]

  Client Component SSR:
    ./node_modules/@tipt
ap/starter-kit/dist/inde
x.js [Client Component 
SSR]
    ./src/components/Edi
tor.tsx [Client 
Component SSR]
    ./src/app/dashboard/
page.tsx [Client 
Component SSR]
    ./src/app/dashboard/
page.tsx [Server 
Component]

https://nextjs.org/docs/
messages/module-not-foun
d


./node_modules/@tiptap/e
xtension-blockquote/dist
/index.js:3:1
Export jsx doesn't 
exist in target module
[0m [90m 1 |[39m 
[90m// 
src/blockquote.tsx[39m
 [90m 2 |[39m 
[36mimport[39m { merge
Attributes[33m,[39m [
33mNode[39m[33m,[39m 
wrappingInputRule } 
[36mfrom[39m [32m"@ti
ptap/core"[39m[33m;[3
9m
[31m[1m>[22m[39m[90
m 3 |[39m 
[36mimport[39m { jsx 
} [36mfrom[39m [32m"@
tiptap/core/jsx-runtime"
[39m[33m;[39m
 [90m   |[39m [31m[1
m^[22m[39m[31m[1m^[
22m[39m[31m[1m^[22m
[39m[31m[1m^[22m[39m
[31m[1m^[22m[39m[31
m[1m^[22m[39m[31m[1
m^[22m[39m[31m[1m^[
22m[39m[31m[1m^[22m
[39m[31m[1m^[22m[39m
[31m[1m^[22m[39m[31
m[1m^[22m[39m[31m[1
m^[22m[39m[31m[1m^[
22m[39m[31m[1m^[22m
[39m[31m[1m^[22m[39m
[31m[1m^[22m[39m[31
m[1m^[22m[39m[31m[1
m^[22m[39m[31m[1m^[
22m[39m[31m[1m^[22m
[39m[31m[1m^[22m[39m
[31m[1m^[22m[39m[31
m[1m^[22m[39m[31m[1
m^[22m[39m[31m[1m^[
22m[39m[31m[1m^[22m
[39m[31m[1m^[22m[39m
[31m[1m^[22m[39m[31
m[1m^[22m[39m[31m[1
m^[22m[39m[31m[1m^[
22m[39m[31m[1m^[22m
[39m[31m[1m^[22m[39m
[31m[1m^[22m[39m[31
m[1m^[22m[39m[31m[1
m^[22m[39m[31m[1m^[
22m[39m[31m[1m^[22m
[39m[31m[1m^[22m[39m
[31m[1m^[22m[39m[31
m[1m^[22m[39m[31m[1
m^[22m[39m[31m[1m^[
22m[39m[31m[1m^[22m
[39m[31m[1m^[22m[39m
[31m[1m^[22m[39m
 [90m 4 |[39m 
[36mvar[39m 
inputRegex [33m=[39m 
[35m/^\s*>\s$/[39m[33m
;[39m
 [90m 5 |[39m 
[36mvar[39m 
[33mBlockquote[39m 
[33m=[39m [33mNode[3
9m[33m.[39mcreate({
 [90m 6 |[39m   
name[33m:[39m [32m"bl
ockquote"[39m[33m,[39
m[0m

The export jsx was not 
found in module [project
]/node_modules/@tiptap/c
ore/jsx-runtime/index.js
 [app-client] 
(ecmascript).
The module has no 
exports at all.
All exports of the 
module are statically 
known (It doesn't have 
dynamic exports). So 
it's known statically 
that the requested 
export doesn't exist.

Import traces:
  Client Component 
Browser:
    ./node_modules/@tipt
ap/extension-blockquote/
dist/index.js [Client 
Component Browser]
    ./node_modules/@tipt
ap/starter-kit/dist/inde
x.js [Client Component 
Browser]
    ./src/components/Edi
tor.tsx [Client 
Component Browser]
    ./src/app/dashboard/
page.tsx [Client 
Component Browser]
    ./src/app/dashboard/
page.tsx [Server 
Component]

  Client Component SSR:
    ./node_modules/@tipt
ap/extension-blockquote/
dist/index.js [Client 
Component SSR]
    ./node_modules/@tipt
ap/starter-kit/dist/inde
x.js [Client Component 
SSR]
    ./src/components/Edi
tor.tsx [Client 
Component SSR]
    ./src/app/dashboard/
page.tsx [Client 
Component SSR]
    ./src/app/dashboard/
page.tsx [Server 
Component]


./node_modules/@tiptap/e
xtension-blockquote/dist
/index.js:3:1
Export jsx doesn't 
exist in target module
[0m [90m 1 |[39m 
[90m// 
src/blockquote.tsx[39m
 [90m 2 |[39m 
[36mimport[39m { merge
Attributes[33m,[39m [
33mNode[39m[33m,[39m 
wrappingInputRule } 
[36mfrom[39m [32m"@ti
ptap/core"[39m[33m;[3
9m
[31m[1m>[22m[39m[90
m 3 |[39m 
[36mimport[39m { jsx 
} [36mfrom[39m [32m"@
tiptap/core/jsx-runtime"
[39m[33m;[39m
 [90m   |[39m [31m[1
m^[22m[39m[31m[1m^[
22m[39m[31m[1m^[22m
[39m[31m[1m^[22m[39m
[31m[1m^[22m[39m[31
m[1m^[22m[39m[31m[1
m^[22m[39m[31m[1m^[
22m[39m[31m[1m^[22m
[39m[31m[1m^[22m[39m
[31m[1m^[22m[39m[31
m[1m^[22m[39m[31m[1
m^[22m[39m[31m[1m^[
22m[39m[31m[1m^[22m
[39m[31m[1m^[22m[39m
[31m[1m^[22m[39m[31
m[1m^[22m[39m[31m[1
m^[22m[39m[31m[1m^[
22m[39m[31m[1m^[22m
[39m[31m[1m^[22m[39m
[31m[1m^[22m[39m[31
m[1m^[22m[39m[31m[1
m^[22m[39m[31m[1m^[
22m[39m[31m[1m^[22m
[39m[31m[1m^[22m[39m
[31m[1m^[22m[39m[31
m[1m^[22m[39m[31m[1
m^[22m[39m[31m[1m^[
22m[39m[31m[1m^[22m
[39m[31m[1m^[22m[39m
[31m[1m^[22m[39m[31
m[1m^[22m[39m[31m[1
m^[22m[39m[31m[1m^[
22m[39m[31m[1m^[22m
[39m[31m[1m^[22m[39m
[31m[1m^[22m[39m[31
m[1m^[22m[39m[31m[1
m^[22m[39m[31m[1m^[
22m[39m[31m[1m^[22m
[39m[31m[1m^[22m[39m
[31m[1m^[22m[39m
 [90m 4 |[39m 
[36mvar[39m 
inputRegex [33m=[39m 
[35m/^\s*>\s$/[39m[33m
;[39m
 [90m 5 |[39m 
[36mvar[39m 
[33mBlockquote[39m 
[33m=[39m [33mNode[3
9m[33m.[39mcreate({
 [90m 6 |[39m   
name[33m:[39m [32m"bl
ockquote"[39m[33m,[39
m[0m

The export jsx was not 
found in module [project
]/node_modules/@tiptap/c
ore/jsx-runtime/index.js
 [app-ssr] (ecmascript).
The module has no 
exports at all.
All exports of the 
module are statically 
known (It doesn't have 
dynamic exports). So 
it's known statically 
that the requested 
export doesn't exist.

Import traces:
  Client Component 
Browser:
    ./node_modules/@tipt
ap/extension-blockquote/
dist/index.js [Client 
Component Browser]
    ./node_modules/@tipt
ap/starter-kit/dist/inde
x.js [Client Component 
Browser]
    ./src/components/Edi
tor.tsx [Client 
Component Browser]
    ./src/app/dashboard/
page.tsx [Client 
Component Browser]
    ./src/app/dashboard/
page.tsx [Server 
Component]

  Client Component SSR:
    ./node_modules/@tipt
ap/extension-blockquote/
dist/index.js [Client 
Component SSR]
    ./node_modules/@tipt
ap/starter-kit/dist/inde
x.js [Client Component 
SSR]
    ./src/components/Edi
tor.tsx [Client 
Component SSR]
    ./src/app/dashboard/
page.tsx [Client 
Component SSR]
    ./src/app/dashboard/
page.tsx [Server 
Component]


./node_modules/@tiptap/e
xtension-bold/dist/index
.js:3:1
Export jsx doesn't 
exist in target module
[0m [90m 1 |[39m 
[90m// 
src/bold.tsx[39m
 [90m 2 |[39m 
[36mimport[39m { [33m
Mark[39m[33m,[39m mar
kInputRule[33m,[39m ma
rkPasteRule[33m,[39m 
mergeAttributes } 
[36mfrom[39m [32m"@ti
ptap/core"[39m[33m;[3
9m
[31m[1m>[22m[39m[90
m 3 |[39m 
[36mimport[39m { jsx 
} [36mfrom[39m [32m"@
tiptap/core/jsx-runtime"
[39m[33m;[39m
 [90m   |[39m [31m[1
m^[22m[39m[31m[1m^[
22m[39m[31m[1m^[22m
[39m[31m[1m^[22m[39m
[31m[1m^[22m[39m[31
m[1m^[22m[39m[31m[1
m^[22m[39m[31m[1m^[
22m[39m[31m[1m^[22m
[39m[31m[1m^[22m[39m
[31m[1m^[22m[39m[31
m[1m^[22m[39m[31m[1
m^[22m[39m[31m[1m^[
22m[39m[31m[1m^[22m
[39m[31m[1m^[22m[39m
[31m[1m^[22m[39m[31
m[1m^[22m[39m[31m[1
m^[22m[39m[31m[1m^[
22m[39m[31m[1m^[22m
[39m[31m[1m^[22m[39m
[31m[1m^[22m[39m[31
m[1m^[22m[39m[31m[1
m^[22m[39m[31m[1m^[
22m[39m[31m[1m^[22m
[39m[31m[1m^[22m[39m
[31m[1m^[22m[39m[31
m[1m^[22m[39m[31m[1
m^[22m[39m[31m[1m^[
22m[39m[31m[1m^[22m
[39m[31m[1m^[22m[39m
[31m[1m^[22m[39m[31
m[1m^[22m[39m[31m[1
m^[22m[39m[31m[1m^[
22m[39m[31m[1m^[22m
[39m[31m[1m^[22m[39m
[31m[1m^[22m[39m[31
m[1m^[22m[39m[31m[1
m^[22m[39m[31m[1m^[
22m[39m[31m[1m^[22m
[39m[31m[1m^[22m[39m
[31m[1m^[22m[39m
 [90m 4 |[39m 
[36mvar[39m 
starInputRegex 
[33m=[39m [35m/(?:^|\
s)(\*\*(?!\s+\*\*)((?:[^
*]+))\*\*(?!\s+\*\*))$/
[39m[33m;[39m
 [90m 5 |[39m 
[36mvar[39m 
starPasteRegex 
[33m=[39m [35m/(?:^|\
s)(\*\*(?!\s+\*\*)((?:[^
*]+))\*\*(?!\s+\*\*))/g
[39m[33m;[39m
 [90m 6 |[39m 
[36mvar[39m 
underscoreInputRegex 
[33m=[39m [35m/(?:^|\
s)(__(?!\s+__)((?:[^_]+)
)__(?!\s+__))$/[39m[33
m;[39m[0m

The export jsx was not 
found in module [project
]/node_modules/@tiptap/c
ore/jsx-runtime/index.js
 [app-client] 
(ecmascript).
The module has no 
exports at all.
All exports of the 
module are statically 
known (It doesn't have 
dynamic exports). So 
it's known statically 
that the requested 
export doesn't exist.

Import traces:
  Client Component 
Browser:
    ./node_modules/@tipt
ap/extension-bold/dist/i
ndex.js [Client 
Component Browser]
    ./node_modules/@tipt
ap/starter-kit/dist/inde
x.js [Client Component 
Browser]
    ./src/components/Edi
tor.tsx [Client 
Component Browser]
    ./src/app/dashboard/
page.tsx [Client 
Component Browser]
    ./src/app/dashboard/
page.tsx [Server 
Component]

  Client Component SSR:
    ./node_modules/@tipt
ap/extension-bold/dist/i
ndex.js [Client 
Component SSR]
    ./node_modules/@tipt
ap/starter-kit/dist/inde
x.js [Client Component 
SSR]
    ./src/components/Edi
tor.tsx [Client 
Component SSR]
    ./src/app/dashboard/
page.tsx [Client 
Component SSR]
    ./src/app/dashboard/
page.tsx [Server 
Component]


./node_modules/@tiptap/e
xtension-bold/dist/index
.js:3:1
Export jsx doesn't 
exist in target module
[0m [90m 1 |[39m 
[90m// 
src/bold.tsx[39m
 [90m 2 |[39m 
[36mimport[39m { [33m
Mark[39m[33m,[39m mar
kInputRule[33m,[39m ma
rkPasteRule[33m,[39m 
mergeAttributes } 
[36mfrom[39m [32m"@ti
ptap/core"[39m[33m;[3
9m
[31m[1m>[22m[39m[90
m 3 |[39m 
[36mimport[39m { jsx 
} [36mfrom[39m [32m"@
tiptap/core/jsx-runtime"
[39m[33m;[39m
 [90m   |[39m [31m[1
m^[22m[39m[31m[1m^[
22m[39m[31m[1m^[22m
[39m[31m[1m^[22m[39m
[31m[1m^[22m[39m[31
m[1m^[22m[39m[31m[1
m^[22m[39m[31m[1m^[
22m[39m[31m[1m^[22m
[39m[31m[1m^[22m[39m
[31m[1m^[22m[39m[31
m[1m^[22m[39m[31m[1
m^[22m[39m[31m[1m^[
22m[39m[31m[1m^[22m
[39m[31m[1m^[22m[39m
[31m[1m^[22m[39m[31
m[1m^[22m[39m[31m[1
m^[22m[39m[31m[1m^[
22m[39m[31m[1m^[22m
[39m[31m[1m^[22m[39m
[31m[1m^[22m[39m[31
m[1m^[22m[39m[31m[1
m^[22m[39m[31m[1m^[
22m[39m[31m[1m^[22m
[39m[31m[1m^[22m[39m
[31m[1m^[22m[39m[31
m[1m^[22m[39m[31m[1
m^[22m[39m[31m[1m^[
22m[39m[31m[1m^[22m
[39m[31m[1m^[22m[39m
[31m[1m^[22m[39m[31
m[1m^[22m[39m[31m[1
m^[22m[39m[31m[1m^[
22m[39m[31m[1m^[22m
[39m[31m[1m^[22m[39m
[31m[1m^[22m[39m[31
m[1m^[22m[39m[31m[1
m^[22m[39m[31m[1m^[
22m[39m[31m[1m^[22m
[39m[31m[1m^[22m[39m
[31m[1m^[22m[39m
 [90m 4 |[39m 
[36mvar[39m 
starInputRegex 
[33m=[39m [35m/(?:^|\
s)(\*\*(?!\s+\*\*)((?:[^
*]+))\*\*(?!\s+\*\*))$/
[39m[33m;[39m
 [90m 5 |[39m 
[36mvar[39m 
starPasteRegex 
[33m=[39m [35m/(?:^|\
s)(\*\*(?!\s+\*\*)((?:[^
*]+))\*\*(?!\s+\*\*))/g
[39m[33m;[39m
 [90m 6 |[39m 
[36mvar[39m 
underscoreInputRegex 
[33m=[39m [35m/(?:^|\
s)(__(?!\s+__)((?:[^_]+)
)__(?!\s+__))$/[39m[33
m;[39m[0m

The export jsx was not 
found in module [project
]/node_modules/@tiptap/c
ore/jsx-runtime/index.js
 [app-ssr] (ecmascript).
The module has no 
exports at all.
All exports of the 
module are statically 
known (It doesn't have 
dynamic exports). So 
it's known statically 
that the requested 
export doesn't exist.

Import traces:
  Client Component 
Browser:
    ./node_modules/@tipt
ap/extension-bold/dist/i
ndex.js [Client 
Component Browser]
    ./node_modules/@tipt
ap/starter-kit/dist/inde
x.js [Client Component 
Browser]
    ./src/components/Edi
tor.tsx [Client 
Component Browser]
    ./src/app/dashboard/
page.tsx [Client 
Component Browser]
    ./src/app/dashboard/
page.tsx [Server 
Component]

  Client Component SSR:
    ./node_modules/@tipt
ap/extension-bold/dist/i
ndex.js [Client 
Component SSR]
    ./node_modules/@tipt
ap/starter-kit/dist/inde
x.js [Client Component 
SSR]
    ./src/components/Edi
tor.tsx [Client 
Component SSR]
    ./src/app/dashboard/
page.tsx [Client 
Component SSR]
    ./src/app/dashboard/
page.tsx [Server 
Component]


    at ./node_modules/ (
tiptap/core/jsx-runtime/
index.js:1:1)
    at <unknown> (https:
//nextjs.org/docs/messag
es/module-not-found)
    at ./node_modules/ (
tiptap/extension-blockqu
ote/dist/index.js:2:1)
    at <unknown> (https:
//nextjs.org/docs/messag
es/module-not-found)
    at ./node_modules/ (
tiptap/extension-bold/di
st/index.js:2:1)
    at <unknown> (https:
//nextjs.org/docs/messag
es/module-not-found)
    at ./node_modules/ (
tiptap/extension-code-bl
ock/dist/index.js:2:1)
    at <unknown> (https:
//nextjs.org/docs/messag
es/module-not-found)
    at ./node_modules/ (
tiptap/extension-code/di
st/index.js:2:1)
    at <unknown> (https:
//nextjs.org/docs/messag
es/module-not-found)
    at ./node_modules/ (
tiptap/extension-documen
t/dist/index.js:2:1)
    at <unknown> (https:
//nextjs.org/docs/messag
es/module-not-found)
    at ./node_modules/ (
tiptap/extension-hard-br
eak/dist/index.js:2:1)
    at <unknown> (https:
//nextjs.org/docs/messag
es/module-not-found)
    at ./node_modules/ (
tiptap/extension-heading
/dist/index.js:2:1)
    at <unknown> (https:
//nextjs.org/docs/messag
es/module-not-found)
    at ./node_modules/ (
tiptap/extension-highlig
ht/dist/index.js:2:1)
    at <unknown> (https:
//nextjs.org/docs/messag
es/module-not-found)
    at ./node_modules/ (
tiptap/extension-horizon
tal-rule/dist/index.js:2
:1)
    at <unknown> (https:
//nextjs.org/docs/messag
es/module-not-found)
    at ./node_modules/ (
tiptap/extension-italic/
dist/index.js:2:1)
    at <unknown> (https:
//nextjs.org/docs/messag
es/module-not-found)
    at ./node_modules/ (
tiptap/extension-link/di
st/index.js:2:1)
    at <unknown> (https:
//nextjs.org/docs/messag
es/module-not-found)
    at ./node_modules/ (
tiptap/extension-link/di
st/index.js:6:1)
    at <unknown> (https:
//nextjs.org/docs/messag
es/module-not-found)
    at ./node_modules/ (
tiptap/extension-link/di
st/index.js:104:1)
    at <unknown> (https:
//nextjs.org/docs/messag
es/module-not-found)
    at ./node_modules/ (
tiptap/extension-list/di
st/index.js:8:1)
    at <unknown> (https:
//nextjs.org/docs/messag
es/module-not-found)
    at ./node_modules/ (
tiptap/extension-list/di
st/index.js:88:1)
    at <unknown> (https:
//nextjs.org/docs/messag
es/module-not-found)
    at ./node_modules/ (
tiptap/extension-list/di
st/index.js:183:1)
    at <unknown> (https:
//nextjs.org/docs/messag
es/module-not-found)
    at ./node_modules/ (
tiptap/extension-list/di
st/index.js:201:1)
    at <unknown> (https:
//nextjs.org/docs/messag
es/module-not-found)
    at ./node_modules/ (
tiptap/extension-list/di
st/index.js:225:1)
    at <unknown> (https:
//nextjs.org/docs/messag
es/module-not-found)
    at ./node_modules/ (
tiptap/extension-list/di
st/index.js:236:1)
    at <unknown> (https:
//nextjs.org/docs/messag
es/module-not-found)
    at ./node_modules/ (
tiptap/extension-list/di
st/index.js:264:1)
    at <unknown> (https:
//nextjs.org/docs/messag
es/module-not-found)
    at ./node_modules/ (
tiptap/extension-list/di
st/index.js:323:1)
    at <unknown> (https:
//nextjs.org/docs/messag
es/module-not-found)
    at ./node_modules/ (
tiptap/extension-list/di
st/index.js:459:1)
    at <unknown> (https:
//nextjs.org/docs/messag
es/module-not-found)
    at ./node_modules/ (
tiptap/extension-list/di
st/index.js:462:1)
    at <unknown> (https:
//nextjs.org/docs/messag
es/module-not-found)
    at ./node_modules/ (
tiptap/extension-list/di
st/index.js:732:1)
    at <unknown> (https:
//nextjs.org/docs/messag
es/module-not-found)
    at ./node_modules/ (
tiptap/extension-list/di
st/index.js:937:1)
    at <unknown> (https:
//nextjs.org/docs/messag
es/module-not-found)
    at ./node_modules/ (
tiptap/extension-paragra
ph/dist/index.js:2:1)
    at <unknown> (https:
//nextjs.org/docs/messag
es/module-not-found)
    at ./node_modules/ (
tiptap/extension-strike/
dist/index.js:2:1)
    at <unknown> (https:
//nextjs.org/docs/messag
es/module-not-found)
    at ./node_modules/ (
tiptap/extension-text/di
st/index.js:2:1)
    at <unknown> (https:
//nextjs.org/docs/messag
es/module-not-found)
    at ./node_modules/ (
tiptap/extension-underli
ne/dist/index.js:2:1)
    at <unknown> (https:
//nextjs.org/docs/messag
es/module-not-found)
    at ./node_modules/ (
tiptap/extensions/dist/i
ndex.js:2:1)
    at <unknown> (https:
//nextjs.org/docs/messag
es/module-not-found)
    at ./node_modules/ (
tiptap/extensions/dist/i
ndex.js:101:1)
    at <unknown> (https:
//nextjs.org/docs/messag
es/module-not-found)
    at ./node_modules/ (
tiptap/extensions/dist/i
ndex.js:118:1)
    at <unknown> (https:
//nextjs.org/docs/messag
es/module-not-found)
    at ./node_modules/ (
tiptap/extensions/dist/i
ndex.js:183:1)
    at <unknown> (https:
//nextjs.org/docs/messag
es/module-not-found)
    at ./node_modules/ (
tiptap/extensions/dist/i
ndex.js:204:1)
    at <unknown> (https:
//nextjs.org/docs/messag
es/module-not-found)
    at ./node_modules/ (
tiptap/extensions/dist/i
ndex.js:268:1)
    at <unknown> (https:
//nextjs.org/docs/messag
es/module-not-found)
    at ./node_modules/ (
tiptap/extensions/dist/i
ndex.js:301:1)
    at <unknown> (https:
//nextjs.org/docs/messag
es/module-not-found)
    at ./node_modules/ (
tiptap/extensions/dist/i
ndex.js:354:1)
    at <unknown> (https:
//nextjs.org/docs/messag
es/module-not-found)
    at ./node_modules/ (
tiptap/react/dist/index.
js:168:1)
    at <unknown> (https:
//nextjs.org/docs/messag
es/module-not-found)
    at ./node_modules/ (
tiptap/react/dist/index.
js:618:1)
    at <unknown> (https:
//nextjs.org/docs/messag
es/module-not-found)
    at ./node_modules/ (
tiptap/react/dist/index.
js:808:1)
    at <unknown> (https:
//nextjs.org/docs/messag
es/module-not-found)
    at ./node_modules/ (
tiptap/react/dist/index.
js:1102:1)
    at <unknown> (https:
//nextjs.org/docs/messag
es/module-not-found)
    at ./node_modules/ (
tiptap/starter-kit/dist/
index.js:2:1)
    at <unknown> (https:
//nextjs.org/docs/messag
es/module-not-found)
    at ./node_modules/ (
tiptap/extension-blockqu
ote/dist/index.js:3:1)
    at ./node_modules/ (
tiptap/extension-blockqu
ote/dist/index.js:3:1)
    at ./node_modules/ (
tiptap/extension-bold/di
st/index.js:3:1)
    at ./node_modules/ (
tiptap/extension-bold/di
st/index.js:3:1)
